index.html bytes: 16
[DEBUG 15:57:04] Starting benchmark script
[DEBUG 15:57:04] Current working directory: /bpftime
[DEBUG 15:57:04] Checking command: nginx - EXISTS
[DEBUG 15:57:04]   Path: /usr/sbin/nginx
[DEBUG 15:57:04] Checking file: /bpftime/build/runtime/agent/libbpftime-agent.so - EXISTS
[DEBUG 15:57:04] Checking file: /bpftime/build/runtime/syscall-server/libbpftime-syscall-server.so - EXISTS
[DEBUG 15:57:04] Checking file: /bpftime/example/sslsniff/sslsniff - EXISTS
[DEBUG 15:57:04] Checking command: wrk - EXISTS
[DEBUG 15:57:04]   Path: /usr/bin/wrk

=== Running Baseline Tests ===
[DEBUG 15:57:04] Cleaning up processes...
[DEBUG 15:57:05] Found nginx PIDs: []
[DEBUG 15:57:05] Found sslsniff PIDs: []
[DEBUG 15:57:06] After cleanup: nginx PIDs: [], sslsniff PIDs: []
[DEBUG 15:57:06] Removing access log: /bpftime/benchmark/ssl-nginx/access.log
[DEBUG 15:57:06] Access log removed successfully
[DEBUG 15:57:06] Checking command: nginx - EXISTS
[DEBUG 15:57:06]   Path: /usr/sbin/nginx
[DEBUG 15:57:06] Current directory: /bpftime
[DEBUG 15:57:06] Checking if nginx.conf exists: True
[DEBUG 15:57:06] Starting nginx with command: nginx -c /bpftime/benchmark/ssl-nginx/nginx.conf -p /bpftime/benchmark/ssl-nginx
[DEBUG 15:57:08] nginx started successfully
[DEBUG 15:57:08] Error checking nginx: [Errno 2] No such file or directory: 'curl'
Run 1/10...
[DEBUG 15:57:08] Running wrk with command: wrk https://127.0.0.1:4043/index.html -c 100 -d 10
[DEBUG 15:57:18] wrk exit code: 0
[DEBUG 15:57:18] Parsing wrk output: Running 10s test @ https://127.0.0.1:4043/index.html
  2 threads and 100 connections
  Thread Stats ...
  Requests/sec: 16780.88
Run 2/10...
[DEBUG 15:57:18] Running wrk with command: wrk https://127.0.0.1:4043/index.html -c 100 -d 10
[DEBUG 15:57:28] wrk exit code: 0
[DEBUG 15:57:28] Parsing wrk output: Running 10s test @ https://127.0.0.1:4043/index.html
  2 threads and 100 connections
  Thread Stats ...
  Requests/sec: 16519.15
Run 3/10...
[DEBUG 15:57:28] Running wrk with command: wrk https://127.0.0.1:4043/index.html -c 100 -d 10
[DEBUG 15:57:38] wrk exit code: 0
[DEBUG 15:57:38] Parsing wrk output: Running 10s test @ https://127.0.0.1:4043/index.html
  2 threads and 100 connections
  Thread Stats ...
  Requests/sec: 16588.14
Run 4/10...
[DEBUG 15:57:38] Running wrk with command: wrk https://127.0.0.1:4043/index.html -c 100 -d 10
[DEBUG 15:57:48] wrk exit code: 0
[DEBUG 15:57:48] Parsing wrk output: Running 10s test @ https://127.0.0.1:4043/index.html
  2 threads and 100 connections
  Thread Stats ...
  Requests/sec: 16556.87
Run 5/10...
[DEBUG 15:57:48] Running wrk with command: wrk https://127.0.0.1:4043/index.html -c 100 -d 10
[DEBUG 15:57:58] wrk exit code: 0
[DEBUG 15:57:58] Parsing wrk output: Running 10s test @ https://127.0.0.1:4043/index.html
  2 threads and 100 connections
  Thread Stats ...
  Requests/sec: 16413.41
Run 6/10...
[DEBUG 15:57:58] Running wrk with command: wrk https://127.0.0.1:4043/index.html -c 100 -d 10
[DEBUG 15:58:08] wrk exit code: 0
[DEBUG 15:58:08] Parsing wrk output: Running 10s test @ https://127.0.0.1:4043/index.html
  2 threads and 100 connections
  Thread Stats ...
  Requests/sec: 16142.50
Run 7/10...
[DEBUG 15:58:08] Running wrk with command: wrk https://127.0.0.1:4043/index.html -c 100 -d 10
[DEBUG 15:58:18] wrk exit code: 0
[DEBUG 15:58:18] Parsing wrk output: Running 10s test @ https://127.0.0.1:4043/index.html
  2 threads and 100 connections
  Thread Stats ...
  Requests/sec: 16417.16
Run 8/10...
[DEBUG 15:58:18] Running wrk with command: wrk https://127.0.0.1:4043/index.html -c 100 -d 10
[DEBUG 15:58:28] wrk exit code: 0
[DEBUG 15:58:28] Parsing wrk output: Running 10s test @ https://127.0.0.1:4043/index.html
  2 threads and 100 connections
  Thread Stats ...
  Requests/sec: 16326.99
Run 9/10...
[DEBUG 15:58:28] Running wrk with command: wrk https://127.0.0.1:4043/index.html -c 100 -d 10
[DEBUG 15:58:38] wrk exit code: 0
[DEBUG 15:58:38] Parsing wrk output: Running 10s test @ https://127.0.0.1:4043/index.html
  2 threads and 100 connections
  Thread Stats ...
  Requests/sec: 16325.62
Run 10/10...
[DEBUG 15:58:38] Running wrk with command: wrk https://127.0.0.1:4043/index.html -c 100 -d 10
[DEBUG 15:58:48] wrk exit code: 0
[DEBUG 15:58:48] Parsing wrk output: Running 10s test @ https://127.0.0.1:4043/index.html
  2 threads and 100 connections
  Thread Stats ...
  Requests/sec: 16286.45
[DEBUG 15:58:48] Terminating nginx

=== Running Kernel sslsniff Tests ===
[DEBUG 15:58:48] Cleaning up processes...
[DEBUG 15:58:48] Found nginx PIDs: []
[DEBUG 15:58:48] Found sslsniff PIDs: []
[DEBUG 15:58:50] After cleanup: nginx PIDs: [], sslsniff PIDs: []
[DEBUG 15:58:50] Removing access log: /bpftime/benchmark/ssl-nginx/access.log
[DEBUG 15:58:50] Access log removed successfully
[DEBUG 15:58:50] Checking file: /bpftime/example/sslsniff/sslsniff - EXISTS
[DEBUG 15:58:50] Starting nginx with command: nginx -c /bpftime/benchmark/ssl-nginx/nginx.conf -p /bpftime/benchmark/ssl-nginx
Run 1/10...
[DEBUG 15:58:52] Starting kernel sslsniff: sudo example/sslsniff/sslsniff
[DEBUG 15:58:54] Running wrk with command: wrk https://127.0.0.1:4043/index.html -c 100 -d 10
[DEBUG 15:59:04] Parsing wrk output: Running 10s test @ https://127.0.0.1:4043/index.html
  2 threads and 100 connections
  Thread Stats ...
[DEBUG 15:59:04] Killing sslsniff
  Requests/sec: 11372.72
Run 2/10...
[DEBUG 15:59:05] Starting kernel sslsniff: sudo example/sslsniff/sslsniff
[DEBUG 15:59:07] Running wrk with command: wrk https://127.0.0.1:4043/index.html -c 100 -d 10
[DEBUG 15:59:17] Parsing wrk output: Running 10s test @ https://127.0.0.1:4043/index.html
  2 threads and 100 connections
  Thread Stats ...
[DEBUG 15:59:17] Killing sslsniff
  Requests/sec: 11314.26
Run 3/10...
[DEBUG 15:59:18] Starting kernel sslsniff: sudo example/sslsniff/sslsniff
[DEBUG 15:59:20] Running wrk with command: wrk https://127.0.0.1:4043/index.html -c 100 -d 10
[DEBUG 15:59:30] Parsing wrk output: Running 10s test @ https://127.0.0.1:4043/index.html
  2 threads and 100 connections
  Thread Stats ...
[DEBUG 15:59:30] Killing sslsniff
  Requests/sec: 11256.29
Run 4/10...
[DEBUG 15:59:31] Starting kernel sslsniff: sudo example/sslsniff/sslsniff
[DEBUG 15:59:33] Running wrk with command: wrk https://127.0.0.1:4043/index.html -c 100 -d 10
[DEBUG 15:59:43] Parsing wrk output: Running 10s test @ https://127.0.0.1:4043/index.html
  2 threads and 100 connections
  Thread Stats ...
[DEBUG 15:59:43] Killing sslsniff
  Requests/sec: 11228.82
Run 5/10...
[DEBUG 15:59:44] Starting kernel sslsniff: sudo example/sslsniff/sslsniff
[DEBUG 15:59:46] Running wrk with command: wrk https://127.0.0.1:4043/index.html -c 100 -d 10
[DEBUG 15:59:56] Parsing wrk output: Running 10s test @ https://127.0.0.1:4043/index.html
  2 threads and 100 connections
  Thread Stats ...
[DEBUG 15:59:56] Killing sslsniff
  Requests/sec: 11386.92
Run 6/10...
[DEBUG 15:59:57] Starting kernel sslsniff: sudo example/sslsniff/sslsniff
[DEBUG 15:59:59] Running wrk with command: wrk https://127.0.0.1:4043/index.html -c 100 -d 10
[DEBUG 16:00:09] Parsing wrk output: Running 10s test @ https://127.0.0.1:4043/index.html
  2 threads and 100 connections
  Thread Stats ...
[DEBUG 16:00:09] Killing sslsniff
  Requests/sec: 11312.23
Run 7/10...
[DEBUG 16:00:10] Starting kernel sslsniff: sudo example/sslsniff/sslsniff
[DEBUG 16:00:12] Running wrk with command: wrk https://127.0.0.1:4043/index.html -c 100 -d 10
[DEBUG 16:00:22] Parsing wrk output: Running 10s test @ https://127.0.0.1:4043/index.html
  2 threads and 100 connections
  Thread Stats ...
[DEBUG 16:00:22] Killing sslsniff
  Requests/sec: 11372.24
Run 8/10...
[DEBUG 16:00:23] Starting kernel sslsniff: sudo example/sslsniff/sslsniff
[DEBUG 16:00:25] Running wrk with command: wrk https://127.0.0.1:4043/index.html -c 100 -d 10
[DEBUG 16:00:35] Parsing wrk output: Running 10s test @ https://127.0.0.1:4043/index.html
  2 threads and 100 connections
  Thread Stats ...
[DEBUG 16:00:35] Killing sslsniff
  Requests/sec: 11194.40
Run 9/10...
[DEBUG 16:00:36] Starting kernel sslsniff: sudo example/sslsniff/sslsniff
[DEBUG 16:00:38] Running wrk with command: wrk https://127.0.0.1:4043/index.html -c 100 -d 10
[DEBUG 16:00:48] Parsing wrk output: Running 10s test @ https://127.0.0.1:4043/index.html
  2 threads and 100 connections
  Thread Stats ...
[DEBUG 16:00:48] Killing sslsniff
  Requests/sec: 11504.56
Run 10/10...
[DEBUG 16:00:50] Starting kernel sslsniff: sudo example/sslsniff/sslsniff
[DEBUG 16:00:52] Running wrk with command: wrk https://127.0.0.1:4043/index.html -c 100 -d 10
[DEBUG 16:01:02] Parsing wrk output: Running 10s test @ https://127.0.0.1:4043/index.html
  2 threads and 100 connections
  Thread Stats ...
[DEBUG 16:01:02] Killing sslsniff
  Requests/sec: 11294.59
[DEBUG 16:01:03] Terminating nginx

=== Running bpftime sslsniff Tests ===
[DEBUG 16:01:03] Cleaning up processes...
[DEBUG 16:01:03] Found nginx PIDs: []
[DEBUG 16:01:03] Found sslsniff PIDs: []
[DEBUG 16:01:04] After cleanup: nginx PIDs: [], sslsniff PIDs: []
[DEBUG 16:01:04] Removing access log: /bpftime/benchmark/ssl-nginx/access.log
[DEBUG 16:01:04] Access log removed successfully
[DEBUG 16:01:04] Checking file: /bpftime/example/sslsniff/sslsniff - EXISTS
[DEBUG 16:01:04] Checking file: /bpftime/build/runtime/agent/libbpftime-agent.so - EXISTS
[DEBUG 16:01:04] Checking file: /bpftime/build/runtime/syscall-server/libbpftime-syscall-server.so - EXISTS
Run 1/10...
[DEBUG 16:01:04] Starting sslsniff with bpftime: LD_PRELOAD=build/runtime/syscall-server/libbpftime-syscall-server.so example/sslsniff/sslsniff
[DEBUG 16:01:06] Starting nginx with bpftime: LD_PRELOAD=build/runtime/agent/libbpftime-agent.so nginx -c /bpftime/benchmark/ssl-nginx/nginx.conf -p /bpftime/benchmark/ssl-nginx
[DEBUG 16:01:08] Running wrk with command: wrk https://127.0.0.1:4043/index.html -c 100 -d 10
[DEBUG 16:01:18] Parsing wrk output: Running 10s test @ https://127.0.0.1:4043/index.html
  2 threads and 100 connections
  Thread Stats ...
  Requests/sec: 10492.52
[DEBUG 16:01:18] Terminating processes
[DEBUG 16:01:18] Cleaning up processes...
[DEBUG 16:01:18] Found nginx PIDs: []
[DEBUG 16:01:18] Found sslsniff PIDs: []
[DEBUG 16:01:19] After cleanup: nginx PIDs: [], sslsniff PIDs: []
Run 2/10...
[DEBUG 16:01:19] Starting sslsniff with bpftime: LD_PRELOAD=build/runtime/syscall-server/libbpftime-syscall-server.so example/sslsniff/sslsniff
[DEBUG 16:01:21] Starting nginx with bpftime: LD_PRELOAD=build/runtime/agent/libbpftime-agent.so nginx -c /bpftime/benchmark/ssl-nginx/nginx.conf -p /bpftime/benchmark/ssl-nginx
[DEBUG 16:01:23] Running wrk with command: wrk https://127.0.0.1:4043/index.html -c 100 -d 10
[DEBUG 16:01:33] Parsing wrk output: Running 10s test @ https://127.0.0.1:4043/index.html
  2 threads and 100 connections
  Thread Stats ...
  Requests/sec: 10333.03
[DEBUG 16:01:33] Terminating processes
[DEBUG 16:01:33] Cleaning up processes...
[DEBUG 16:01:33] Found nginx PIDs: []
[DEBUG 16:01:33] Found sslsniff PIDs: []
[DEBUG 16:01:34] After cleanup: nginx PIDs: [], sslsniff PIDs: []
Run 3/10...
[DEBUG 16:01:34] Starting sslsniff with bpftime: LD_PRELOAD=build/runtime/syscall-server/libbpftime-syscall-server.so example/sslsniff/sslsniff
[DEBUG 16:01:36] Starting nginx with bpftime: LD_PRELOAD=build/runtime/agent/libbpftime-agent.so nginx -c /bpftime/benchmark/ssl-nginx/nginx.conf -p /bpftime/benchmark/ssl-nginx
[DEBUG 16:01:38] Running wrk with command: wrk https://127.0.0.1:4043/index.html -c 100 -d 10
[DEBUG 16:01:48] Parsing wrk output: Running 10s test @ https://127.0.0.1:4043/index.html
  2 threads and 100 connections
  Thread Stats ...
  Requests/sec: 10493.30
[DEBUG 16:01:48] Terminating processes
[DEBUG 16:01:48] Cleaning up processes...
[DEBUG 16:01:48] Found nginx PIDs: []
[DEBUG 16:01:48] Found sslsniff PIDs: []
[DEBUG 16:01:49] After cleanup: nginx PIDs: [], sslsniff PIDs: []
Run 4/10...
[DEBUG 16:01:49] Starting sslsniff with bpftime: LD_PRELOAD=build/runtime/syscall-server/libbpftime-syscall-server.so example/sslsniff/sslsniff
[DEBUG 16:01:51] Starting nginx with bpftime: LD_PRELOAD=build/runtime/agent/libbpftime-agent.so nginx -c /bpftime/benchmark/ssl-nginx/nginx.conf -p /bpftime/benchmark/ssl-nginx
[DEBUG 16:01:53] Running wrk with command: wrk https://127.0.0.1:4043/index.html -c 100 -d 10
[DEBUG 16:02:03] Parsing wrk output: Running 10s test @ https://127.0.0.1:4043/index.html
  2 threads and 100 connections
  Thread Stats ...
  Requests/sec: 9402.32
[DEBUG 16:02:03] Terminating processes
[DEBUG 16:02:03] Cleaning up processes...
[DEBUG 16:02:04] Found nginx PIDs: []
[DEBUG 16:02:04] Found sslsniff PIDs: []
[DEBUG 16:02:05] After cleanup: nginx PIDs: [], sslsniff PIDs: []
Run 5/10...
[DEBUG 16:02:05] Starting sslsniff with bpftime: LD_PRELOAD=build/runtime/syscall-server/libbpftime-syscall-server.so example/sslsniff/sslsniff
[DEBUG 16:02:07] Starting nginx with bpftime: LD_PRELOAD=build/runtime/agent/libbpftime-agent.so nginx -c /bpftime/benchmark/ssl-nginx/nginx.conf -p /bpftime/benchmark/ssl-nginx
[DEBUG 16:02:09] Running wrk with command: wrk https://127.0.0.1:4043/index.html -c 100 -d 10
[DEBUG 16:02:19] Parsing wrk output: Running 10s test @ https://127.0.0.1:4043/index.html
  2 threads and 100 connections
  Thread Stats ...
  Requests/sec: 10440.29
[DEBUG 16:02:19] Terminating processes
[DEBUG 16:02:19] Cleaning up processes...
[DEBUG 16:02:19] Found nginx PIDs: []
[DEBUG 16:02:19] Found sslsniff PIDs: []
[DEBUG 16:02:20] After cleanup: nginx PIDs: [], sslsniff PIDs: []
Run 6/10...
[DEBUG 16:02:20] Starting sslsniff with bpftime: LD_PRELOAD=build/runtime/syscall-server/libbpftime-syscall-server.so example/sslsniff/sslsniff
[DEBUG 16:02:22] Starting nginx with bpftime: LD_PRELOAD=build/runtime/agent/libbpftime-agent.so nginx -c /bpftime/benchmark/ssl-nginx/nginx.conf -p /bpftime/benchmark/ssl-nginx
[DEBUG 16:02:24] Running wrk with command: wrk https://127.0.0.1:4043/index.html -c 100 -d 10
[DEBUG 16:02:34] Parsing wrk output: Running 10s test @ https://127.0.0.1:4043/index.html
  2 threads and 100 connections
  Thread Stats ...
  Requests/sec: 10446.11
[DEBUG 16:02:34] Terminating processes
[DEBUG 16:02:34] Cleaning up processes...
[DEBUG 16:02:34] Found nginx PIDs: []
[DEBUG 16:02:34] Found sslsniff PIDs: []
[DEBUG 16:02:35] After cleanup: nginx PIDs: [], sslsniff PIDs: []
Run 7/10...
[DEBUG 16:02:35] Starting sslsniff with bpftime: LD_PRELOAD=build/runtime/syscall-server/libbpftime-syscall-server.so example/sslsniff/sslsniff
[DEBUG 16:02:37] Starting nginx with bpftime: LD_PRELOAD=build/runtime/agent/libbpftime-agent.so nginx -c /bpftime/benchmark/ssl-nginx/nginx.conf -p /bpftime/benchmark/ssl-nginx
[DEBUG 16:02:39] Running wrk with command: wrk https://127.0.0.1:4043/index.html -c 100 -d 10
[DEBUG 16:02:49] Parsing wrk output: Running 10s test @ https://127.0.0.1:4043/index.html
  2 threads and 100 connections
  Thread Stats ...
  Requests/sec: 9012.70
[DEBUG 16:02:49] Terminating processes
[DEBUG 16:02:49] Cleaning up processes...
[DEBUG 16:02:49] Found nginx PIDs: []
[DEBUG 16:02:49] Found sslsniff PIDs: []
[DEBUG 16:02:50] After cleanup: nginx PIDs: [], sslsniff PIDs: []
Run 8/10...
[DEBUG 16:02:50] Starting sslsniff with bpftime: LD_PRELOAD=build/runtime/syscall-server/libbpftime-syscall-server.so example/sslsniff/sslsniff
[DEBUG 16:02:52] Starting nginx with bpftime: LD_PRELOAD=build/runtime/agent/libbpftime-agent.so nginx -c /bpftime/benchmark/ssl-nginx/nginx.conf -p /bpftime/benchmark/ssl-nginx
[DEBUG 16:02:54] Running wrk with command: wrk https://127.0.0.1:4043/index.html -c 100 -d 10
[DEBUG 16:03:04] Parsing wrk output: Running 10s test @ https://127.0.0.1:4043/index.html
  2 threads and 100 connections
  Thread Stats ...
  Requests/sec: 10378.50
[DEBUG 16:03:04] Terminating processes
[DEBUG 16:03:04] Cleaning up processes...
[DEBUG 16:03:04] Found nginx PIDs: []
[DEBUG 16:03:04] Found sslsniff PIDs: []
[DEBUG 16:03:05] After cleanup: nginx PIDs: [], sslsniff PIDs: []
Run 9/10...
[DEBUG 16:03:05] Starting sslsniff with bpftime: LD_PRELOAD=build/runtime/syscall-server/libbpftime-syscall-server.so example/sslsniff/sslsniff
[DEBUG 16:03:07] Starting nginx with bpftime: LD_PRELOAD=build/runtime/agent/libbpftime-agent.so nginx -c /bpftime/benchmark/ssl-nginx/nginx.conf -p /bpftime/benchmark/ssl-nginx
[DEBUG 16:03:09] Running wrk with command: wrk https://127.0.0.1:4043/index.html -c 100 -d 10
[DEBUG 16:03:19] Parsing wrk output: Running 10s test @ https://127.0.0.1:4043/index.html
  2 threads and 100 connections
  Thread Stats ...
  Requests/sec: 10436.26
[DEBUG 16:03:19] Terminating processes
[DEBUG 16:03:19] Cleaning up processes...
[DEBUG 16:03:20] Found nginx PIDs: []
[DEBUG 16:03:20] Found sslsniff PIDs: []
[DEBUG 16:03:21] After cleanup: nginx PIDs: [], sslsniff PIDs: []
Run 10/10...
[DEBUG 16:03:21] Starting sslsniff with bpftime: LD_PRELOAD=build/runtime/syscall-server/libbpftime-syscall-server.so example/sslsniff/sslsniff
[DEBUG 16:03:23] Starting nginx with bpftime: LD_PRELOAD=build/runtime/agent/libbpftime-agent.so nginx -c /bpftime/benchmark/ssl-nginx/nginx.conf -p /bpftime/benchmark/ssl-nginx
[DEBUG 16:03:25] Running wrk with command: wrk https://127.0.0.1:4043/index.html -c 100 -d 10
[DEBUG 16:03:35] Parsing wrk output: Running 10s test @ https://127.0.0.1:4043/index.html
  2 threads and 100 connections
  Thread Stats ...
  Requests/sec: 10362.45
[DEBUG 16:03:35] Terminating processes
[DEBUG 16:03:35] Cleaning up processes...
[DEBUG 16:03:35] Found nginx PIDs: []
[DEBUG 16:03:35] Found sslsniff PIDs: []
[DEBUG 16:03:36] After cleanup: nginx PIDs: [], sslsniff PIDs: []

=== Benchmark Results ===
Each configuration run 10 times

Baseline:
  Requests/sec (mean):   16435.72
  Requests/sec (median): 16415.28
  Standard deviation:    181.67
  Min:                   16142.50
  Max:                   16780.88
  All runs:              [16780.88, 16519.15, 16588.14, 16556.87, 16413.41, 16142.5, 16417.16, 16326.99, 16325.62, 16286.45]

Kernel Sslsniff:
  Requests/sec (mean):   11323.70
  Requests/sec (median): 11313.24
  Standard deviation:    89.94
  Min:                   11194.40
  Max:                   11504.56
  All runs:              [11372.72, 11314.26, 11256.29, 11228.82, 11386.92, 11312.23, 11372.24, 11194.4, 11504.56, 11294.59]

Bpftime Sslsniff:
  Requests/sec (mean):   10179.75
  Requests/sec (median): 10407.38
  Standard deviation:    523.19
  Min:                   9012.70
  Max:                   10493.30
  All runs:              [10492.52, 10333.03, 10493.3, 9402.32, 10440.29, 10446.11, 9012.7, 10378.5, 10436.26, 10362.45]

Kernel sslsniff performance impact: 31.10% decrease
bpftime sslsniff performance impact: 38.06% decrease
bpftime improvement over kernel: -10.10%

Results saved to benchmark/ssl-nginx/benchmark_results_20260726_160336.json
[DEBUG 16:03:36] Cleaning up before exit
[DEBUG 16:03:36] Cleaning up processes...
[DEBUG 16:03:36] Found nginx PIDs: []
[DEBUG 16:03:36] Found sslsniff PIDs: []
[DEBUG 16:03:37] After cleanup: nginx PIDs: [], sslsniff PIDs: []
