index.html bytes: 16
[DEBUG 16:16:47] Starting benchmark script
[DEBUG 16:16:47] Current working directory: /bpftime
[DEBUG 16:16:47] Checking command: nginx - EXISTS
[DEBUG 16:16:47]   Path: /usr/sbin/nginx
[DEBUG 16:16:47] Checking file: /bpftime/build/runtime/agent/libbpftime-agent.so - EXISTS
[DEBUG 16:16:47] Checking file: /bpftime/build/runtime/syscall-server/libbpftime-syscall-server.so - EXISTS
[DEBUG 16:16:47] Checking file: /bpftime/example/sslsniff/sslsniff - EXISTS
[DEBUG 16:16:47] Checking command: wrk - EXISTS
[DEBUG 16:16:47]   Path: /usr/bin/wrk

=== Running Baseline Tests ===
[DEBUG 16:16:47] Cleaning up processes...
[DEBUG 16:16:47] Found nginx PIDs: []
[DEBUG 16:16:47] Found sslsniff PIDs: []
[DEBUG 16:16:48] After cleanup: nginx PIDs: [], sslsniff PIDs: []
[DEBUG 16:16:48] Removing access log: /bpftime/benchmark/ssl-nginx/access.log
[DEBUG 16:16:48] Access log removed successfully
[DEBUG 16:16:48] Checking command: nginx - EXISTS
[DEBUG 16:16:48]   Path: /usr/sbin/nginx
[DEBUG 16:16:48] Current directory: /bpftime
[DEBUG 16:16:48] Checking if nginx.conf exists: True
[DEBUG 16:16:48] Starting nginx with command: nginx -c /bpftime/benchmark/ssl-nginx/nginx.conf -p /bpftime/benchmark/ssl-nginx
[DEBUG 16:16:50] nginx started successfully
[DEBUG 16:16:50] Error checking nginx: [Errno 2] No such file or directory: 'curl'
Run 1/10...
[DEBUG 16:16:50] Running wrk with command: wrk https://127.0.0.1:4043/index.html -c 100 -d 10
[DEBUG 16:17:00] wrk exit code: 0
[DEBUG 16:17:00] Parsing wrk output: Running 10s test @ https://127.0.0.1:4043/index.html
  2 threads and 100 connections
  Thread Stats ...
  Requests/sec: 16388.11
Run 2/10...
[DEBUG 16:17:00] Running wrk with command: wrk https://127.0.0.1:4043/index.html -c 100 -d 10
[DEBUG 16:17:10] wrk exit code: 0
[DEBUG 16:17:10] Parsing wrk output: Running 10s test @ https://127.0.0.1:4043/index.html
  2 threads and 100 connections
  Thread Stats ...
  Requests/sec: 16443.25
Run 3/10...
[DEBUG 16:17:10] Running wrk with command: wrk https://127.0.0.1:4043/index.html -c 100 -d 10
[DEBUG 16:17:21] wrk exit code: 0
[DEBUG 16:17:21] Parsing wrk output: Running 10s test @ https://127.0.0.1:4043/index.html
  2 threads and 100 connections
  Thread Stats ...
  Requests/sec: 16516.61
Run 4/10...
[DEBUG 16:17:21] Running wrk with command: wrk https://127.0.0.1:4043/index.html -c 100 -d 10
[DEBUG 16:17:31] wrk exit code: 0
[DEBUG 16:17:31] Parsing wrk output: Running 10s test @ https://127.0.0.1:4043/index.html
  2 threads and 100 connections
  Thread Stats ...
  Requests/sec: 16428.77
Run 5/10...
[DEBUG 16:17:31] Running wrk with command: wrk https://127.0.0.1:4043/index.html -c 100 -d 10
[DEBUG 16:17:41] wrk exit code: 0
[DEBUG 16:17:41] Parsing wrk output: Running 10s test @ https://127.0.0.1:4043/index.html
  2 threads and 100 connections
  Thread Stats ...
  Requests/sec: 16464.27
Run 6/10...
[DEBUG 16:17:41] Running wrk with command: wrk https://127.0.0.1:4043/index.html -c 100 -d 10
[DEBUG 16:17:51] wrk exit code: 0
[DEBUG 16:17:51] Parsing wrk output: Running 10s test @ https://127.0.0.1:4043/index.html
  2 threads and 100 connections
  Thread Stats ...
  Requests/sec: 16413.50
Run 7/10...
[DEBUG 16:17:51] Running wrk with command: wrk https://127.0.0.1:4043/index.html -c 100 -d 10
[DEBUG 16:18:01] wrk exit code: 0
[DEBUG 16:18:01] Parsing wrk output: Running 10s test @ https://127.0.0.1:4043/index.html
  2 threads and 100 connections
  Thread Stats ...
  Requests/sec: 16503.08
Run 8/10...
[DEBUG 16:18:01] Running wrk with command: wrk https://127.0.0.1:4043/index.html -c 100 -d 10
[DEBUG 16:18:11] wrk exit code: 0
[DEBUG 16:18:11] Parsing wrk output: Running 10s test @ https://127.0.0.1:4043/index.html
  2 threads and 100 connections
  Thread Stats ...
  Requests/sec: 16471.21
Run 9/10...
[DEBUG 16:18:11] Running wrk with command: wrk https://127.0.0.1:4043/index.html -c 100 -d 10
[DEBUG 16:18:21] wrk exit code: 0
[DEBUG 16:18:21] Parsing wrk output: Running 10s test @ https://127.0.0.1:4043/index.html
  2 threads and 100 connections
  Thread Stats ...
  Requests/sec: 16221.74
Run 10/10...
[DEBUG 16:18:21] Running wrk with command: wrk https://127.0.0.1:4043/index.html -c 100 -d 10
[DEBUG 16:18:31] wrk exit code: 0
[DEBUG 16:18:31] Parsing wrk output: Running 10s test @ https://127.0.0.1:4043/index.html
  2 threads and 100 connections
  Thread Stats ...
  Requests/sec: 16368.68
[DEBUG 16:18:31] Terminating nginx

=== Running Kernel sslsniff Tests ===
[DEBUG 16:18:31] Cleaning up processes...
[DEBUG 16:18:31] Found nginx PIDs: []
[DEBUG 16:18:31] Found sslsniff PIDs: []
[DEBUG 16:18:32] After cleanup: nginx PIDs: [], sslsniff PIDs: []
[DEBUG 16:18:32] Removing access log: /bpftime/benchmark/ssl-nginx/access.log
[DEBUG 16:18:32] Access log removed successfully
[DEBUG 16:18:32] Checking file: /bpftime/example/sslsniff/sslsniff - EXISTS
[DEBUG 16:18:32] Starting nginx with command: nginx -c /bpftime/benchmark/ssl-nginx/nginx.conf -p /bpftime/benchmark/ssl-nginx
Run 1/10...
[DEBUG 16:18:34] Starting kernel sslsniff: sudo example/sslsniff/sslsniff
[DEBUG 16:18:36] Running wrk with command: wrk https://127.0.0.1:4043/index.html -c 100 -d 10
[DEBUG 16:18:46] Parsing wrk output: Running 10s test @ https://127.0.0.1:4043/index.html
  2 threads and 100 connections
  Thread Stats ...
[DEBUG 16:18:46] Killing sslsniff
  Requests/sec: 11253.83
Run 2/10...
[DEBUG 16:18:47] Starting kernel sslsniff: sudo example/sslsniff/sslsniff
[DEBUG 16:18:49] Running wrk with command: wrk https://127.0.0.1:4043/index.html -c 100 -d 10
[DEBUG 16:18:59] Parsing wrk output: Running 10s test @ https://127.0.0.1:4043/index.html
  2 threads and 100 connections
  Thread Stats ...
[DEBUG 16:18:59] Killing sslsniff
  Requests/sec: 11213.48
Run 3/10...
[DEBUG 16:19:01] Starting kernel sslsniff: sudo example/sslsniff/sslsniff
[DEBUG 16:19:03] Running wrk with command: wrk https://127.0.0.1:4043/index.html -c 100 -d 10
[DEBUG 16:19:13] Parsing wrk output: Running 10s test @ https://127.0.0.1:4043/index.html
  2 threads and 100 connections
  Thread Stats ...
[DEBUG 16:19:13] Killing sslsniff
  Requests/sec: 10979.65
Run 4/10...
[DEBUG 16:19:14] Starting kernel sslsniff: sudo example/sslsniff/sslsniff
[DEBUG 16:19:16] Running wrk with command: wrk https://127.0.0.1:4043/index.html -c 100 -d 10
[DEBUG 16:19:26] Parsing wrk output: Running 10s test @ https://127.0.0.1:4043/index.html
  2 threads and 100 connections
  Thread Stats ...
[DEBUG 16:19:26] Killing sslsniff
  Requests/sec: 11096.03
Run 5/10...
[DEBUG 16:19:27] Starting kernel sslsniff: sudo example/sslsniff/sslsniff
[DEBUG 16:19:29] Running wrk with command: wrk https://127.0.0.1:4043/index.html -c 100 -d 10
[DEBUG 16:19:39] Parsing wrk output: Running 10s test @ https://127.0.0.1:4043/index.html
  2 threads and 100 connections
  Thread Stats ...
[DEBUG 16:19:39] Killing sslsniff
  Requests/sec: 11331.77
Run 6/10...
[DEBUG 16:19:40] Starting kernel sslsniff: sudo example/sslsniff/sslsniff
[DEBUG 16:19:42] Running wrk with command: wrk https://127.0.0.1:4043/index.html -c 100 -d 10
[DEBUG 16:19:52] Parsing wrk output: Running 10s test @ https://127.0.0.1:4043/index.html
  2 threads and 100 connections
  Thread Stats ...
[DEBUG 16:19:52] Killing sslsniff
  Requests/sec: 11024.99
Run 7/10...
[DEBUG 16:19:53] Starting kernel sslsniff: sudo example/sslsniff/sslsniff
[DEBUG 16:19:55] Running wrk with command: wrk https://127.0.0.1:4043/index.html -c 100 -d 10
[DEBUG 16:20:05] Parsing wrk output: Running 10s test @ https://127.0.0.1:4043/index.html
  2 threads and 100 connections
  Thread Stats ...
[DEBUG 16:20:05] Killing sslsniff
  Requests/sec: 10982.85
Run 8/10...
[DEBUG 16:20:06] Starting kernel sslsniff: sudo example/sslsniff/sslsniff
[DEBUG 16:20:08] Running wrk with command: wrk https://127.0.0.1:4043/index.html -c 100 -d 10
[DEBUG 16:20:18] Parsing wrk output: Running 10s test @ https://127.0.0.1:4043/index.html
  2 threads and 100 connections
  Thread Stats ...
[DEBUG 16:20:18] Killing sslsniff
  Requests/sec: 11347.06
Run 9/10...
[DEBUG 16:20:19] Starting kernel sslsniff: sudo example/sslsniff/sslsniff
[DEBUG 16:20:21] Running wrk with command: wrk https://127.0.0.1:4043/index.html -c 100 -d 10
[DEBUG 16:20:31] Parsing wrk output: Running 10s test @ https://127.0.0.1:4043/index.html
  2 threads and 100 connections
  Thread Stats ...
[DEBUG 16:20:31] Killing sslsniff
  Requests/sec: 11286.42
Run 10/10...
[DEBUG 16:20:32] Starting kernel sslsniff: sudo example/sslsniff/sslsniff
[DEBUG 16:20:34] Running wrk with command: wrk https://127.0.0.1:4043/index.html -c 100 -d 10
[DEBUG 16:20:44] Parsing wrk output: Running 10s test @ https://127.0.0.1:4043/index.html
  2 threads and 100 connections
  Thread Stats ...
[DEBUG 16:20:44] Killing sslsniff
  Requests/sec: 11109.88
[DEBUG 16:20:45] Terminating nginx

=== Running bpftime sslsniff Tests ===
[DEBUG 16:20:45] Cleaning up processes...
[DEBUG 16:20:45] Found nginx PIDs: []
[DEBUG 16:20:45] Found sslsniff PIDs: []
[DEBUG 16:20:47] After cleanup: nginx PIDs: [], sslsniff PIDs: []
[DEBUG 16:20:47] Removing access log: /bpftime/benchmark/ssl-nginx/access.log
[DEBUG 16:20:47] Access log removed successfully
[DEBUG 16:20:47] Checking file: /bpftime/example/sslsniff/sslsniff - EXISTS
[DEBUG 16:20:47] Checking file: /bpftime/build/runtime/agent/libbpftime-agent.so - EXISTS
[DEBUG 16:20:47] Checking file: /bpftime/build/runtime/syscall-server/libbpftime-syscall-server.so - EXISTS
Run 1/10...
[DEBUG 16:20:47] Starting sslsniff with bpftime: LD_PRELOAD=build/runtime/syscall-server/libbpftime-syscall-server.so example/sslsniff/sslsniff
[DEBUG 16:20:49] Starting nginx with bpftime: LD_PRELOAD=build/runtime/agent/libbpftime-agent.so nginx -c /bpftime/benchmark/ssl-nginx/nginx.conf -p /bpftime/benchmark/ssl-nginx
[DEBUG 16:20:51] Running wrk with command: wrk https://127.0.0.1:4043/index.html -c 100 -d 10
[DEBUG 16:21:01] Parsing wrk output: Running 10s test @ https://127.0.0.1:4043/index.html
  2 threads and 100 connections
  Thread Stats ...
  Requests/sec: 10834.11
[DEBUG 16:21:01] Terminating processes
[DEBUG 16:21:01] Cleaning up processes...
[DEBUG 16:21:01] Found nginx PIDs: []
[DEBUG 16:21:01] Found sslsniff PIDs: []
[DEBUG 16:21:02] After cleanup: nginx PIDs: [], sslsniff PIDs: []
Run 2/10...
[DEBUG 16:21:02] Starting sslsniff with bpftime: LD_PRELOAD=build/runtime/syscall-server/libbpftime-syscall-server.so example/sslsniff/sslsniff
[DEBUG 16:21:04] Starting nginx with bpftime: LD_PRELOAD=build/runtime/agent/libbpftime-agent.so nginx -c /bpftime/benchmark/ssl-nginx/nginx.conf -p /bpftime/benchmark/ssl-nginx
[DEBUG 16:21:06] Running wrk with command: wrk https://127.0.0.1:4043/index.html -c 100 -d 10
[DEBUG 16:21:16] Parsing wrk output: Running 10s test @ https://127.0.0.1:4043/index.html
  2 threads and 100 connections
  Thread Stats ...
  Requests/sec: 10882.88
[DEBUG 16:21:16] Terminating processes
[DEBUG 16:21:16] Cleaning up processes...
[DEBUG 16:21:16] Found nginx PIDs: []
[DEBUG 16:21:16] Found sslsniff PIDs: []
[DEBUG 16:21:17] After cleanup: nginx PIDs: [], sslsniff PIDs: []
Run 3/10...
[DEBUG 16:21:17] Starting sslsniff with bpftime: LD_PRELOAD=build/runtime/syscall-server/libbpftime-syscall-server.so example/sslsniff/sslsniff
[DEBUG 16:21:19] Starting nginx with bpftime: LD_PRELOAD=build/runtime/agent/libbpftime-agent.so nginx -c /bpftime/benchmark/ssl-nginx/nginx.conf -p /bpftime/benchmark/ssl-nginx
[DEBUG 16:21:21] Running wrk with command: wrk https://127.0.0.1:4043/index.html -c 100 -d 10
[DEBUG 16:21:31] Parsing wrk output: Running 10s test @ https://127.0.0.1:4043/index.html
  2 threads and 100 connections
  Thread Stats ...
  Requests/sec: 10599.83
[DEBUG 16:21:31] Terminating processes
[DEBUG 16:21:31] Cleaning up processes...
[DEBUG 16:21:31] Found nginx PIDs: []
[DEBUG 16:21:31] Found sslsniff PIDs: []
[DEBUG 16:21:32] After cleanup: nginx PIDs: [], sslsniff PIDs: []
Run 4/10...
[DEBUG 16:21:32] Starting sslsniff with bpftime: LD_PRELOAD=build/runtime/syscall-server/libbpftime-syscall-server.so example/sslsniff/sslsniff
[DEBUG 16:21:34] Starting nginx with bpftime: LD_PRELOAD=build/runtime/agent/libbpftime-agent.so nginx -c /bpftime/benchmark/ssl-nginx/nginx.conf -p /bpftime/benchmark/ssl-nginx
[DEBUG 16:21:36] Running wrk with command: wrk https://127.0.0.1:4043/index.html -c 100 -d 10
[DEBUG 16:21:46] Parsing wrk output: Running 10s test @ https://127.0.0.1:4043/index.html
  2 threads and 100 connections
  Thread Stats ...
  Requests/sec: 10737.49
[DEBUG 16:21:46] Terminating processes
[DEBUG 16:21:46] Cleaning up processes...
[DEBUG 16:21:46] Found nginx PIDs: []
[DEBUG 16:21:46] Found sslsniff PIDs: []
[DEBUG 16:21:47] After cleanup: nginx PIDs: [], sslsniff PIDs: []
Run 5/10...
[DEBUG 16:21:47] Starting sslsniff with bpftime: LD_PRELOAD=build/runtime/syscall-server/libbpftime-syscall-server.so example/sslsniff/sslsniff
[DEBUG 16:21:49] Starting nginx with bpftime: LD_PRELOAD=build/runtime/agent/libbpftime-agent.so nginx -c /bpftime/benchmark/ssl-nginx/nginx.conf -p /bpftime/benchmark/ssl-nginx
[DEBUG 16:21:51] Running wrk with command: wrk https://127.0.0.1:4043/index.html -c 100 -d 10
[DEBUG 16:22:02] Parsing wrk output: Running 10s test @ https://127.0.0.1:4043/index.html
  2 threads and 100 connections
  Thread Stats ...
  Requests/sec: 10873.62
[DEBUG 16:22:02] Terminating processes
[DEBUG 16:22:02] Cleaning up processes...
[DEBUG 16:22:02] Found nginx PIDs: []
[DEBUG 16:22:02] Found sslsniff PIDs: []
[DEBUG 16:22:03] After cleanup: nginx PIDs: [], sslsniff PIDs: []
Run 6/10...
[DEBUG 16:22:03] Starting sslsniff with bpftime: LD_PRELOAD=build/runtime/syscall-server/libbpftime-syscall-server.so example/sslsniff/sslsniff
[DEBUG 16:22:05] Starting nginx with bpftime: LD_PRELOAD=build/runtime/agent/libbpftime-agent.so nginx -c /bpftime/benchmark/ssl-nginx/nginx.conf -p /bpftime/benchmark/ssl-nginx
[DEBUG 16:22:07] Running wrk with command: wrk https://127.0.0.1:4043/index.html -c 100 -d 10
[DEBUG 16:22:17] Parsing wrk output: Running 10s test @ https://127.0.0.1:4043/index.html
  2 threads and 100 connections
  Thread Stats ...
  Requests/sec: 10881.33
[DEBUG 16:22:17] Terminating processes
[DEBUG 16:22:17] Cleaning up processes...
[DEBUG 16:22:17] Found nginx PIDs: []
[DEBUG 16:22:17] Found sslsniff PIDs: []
[DEBUG 16:22:18] After cleanup: nginx PIDs: [], sslsniff PIDs: []
Run 7/10...
[DEBUG 16:22:18] Starting sslsniff with bpftime: LD_PRELOAD=build/runtime/syscall-server/libbpftime-syscall-server.so example/sslsniff/sslsniff
[DEBUG 16:22:20] Starting nginx with bpftime: LD_PRELOAD=build/runtime/agent/libbpftime-agent.so nginx -c /bpftime/benchmark/ssl-nginx/nginx.conf -p /bpftime/benchmark/ssl-nginx
[DEBUG 16:22:22] Running wrk with command: wrk https://127.0.0.1:4043/index.html -c 100 -d 10
[DEBUG 16:22:32] Parsing wrk output: Running 10s test @ https://127.0.0.1:4043/index.html
  2 threads and 100 connections
  Thread Stats ...
  Requests/sec: 10771.77
[DEBUG 16:22:32] Terminating processes
[DEBUG 16:22:32] Cleaning up processes...
[DEBUG 16:22:32] Found nginx PIDs: []
[DEBUG 16:22:32] Found sslsniff PIDs: []
[DEBUG 16:22:33] After cleanup: nginx PIDs: [], sslsniff PIDs: []
Run 8/10...
[DEBUG 16:22:33] Starting sslsniff with bpftime: LD_PRELOAD=build/runtime/syscall-server/libbpftime-syscall-server.so example/sslsniff/sslsniff
[DEBUG 16:22:35] Starting nginx with bpftime: LD_PRELOAD=build/runtime/agent/libbpftime-agent.so nginx -c /bpftime/benchmark/ssl-nginx/nginx.conf -p /bpftime/benchmark/ssl-nginx
[DEBUG 16:22:37] Running wrk with command: wrk https://127.0.0.1:4043/index.html -c 100 -d 10
[DEBUG 16:22:47] Parsing wrk output: Running 10s test @ https://127.0.0.1:4043/index.html
  2 threads and 100 connections
  Thread Stats ...
  Requests/sec: 10777.54
[DEBUG 16:22:47] Terminating processes
[DEBUG 16:22:47] Cleaning up processes...
[DEBUG 16:22:47] Found nginx PIDs: []
[DEBUG 16:22:47] Found sslsniff PIDs: []
[DEBUG 16:22:48] After cleanup: nginx PIDs: [], sslsniff PIDs: []
Run 9/10...
[DEBUG 16:22:48] Starting sslsniff with bpftime: LD_PRELOAD=build/runtime/syscall-server/libbpftime-syscall-server.so example/sslsniff/sslsniff
[DEBUG 16:22:50] Starting nginx with bpftime: LD_PRELOAD=build/runtime/agent/libbpftime-agent.so nginx -c /bpftime/benchmark/ssl-nginx/nginx.conf -p /bpftime/benchmark/ssl-nginx
[DEBUG 16:22:52] Running wrk with command: wrk https://127.0.0.1:4043/index.html -c 100 -d 10
[DEBUG 16:23:02] Parsing wrk output: Running 10s test @ https://127.0.0.1:4043/index.html
  2 threads and 100 connections
  Thread Stats ...
  Requests/sec: 10919.32
[DEBUG 16:23:02] Terminating processes
[DEBUG 16:23:02] Cleaning up processes...
[DEBUG 16:23:02] Found nginx PIDs: []
[DEBUG 16:23:02] Found sslsniff PIDs: []
[DEBUG 16:23:03] After cleanup: nginx PIDs: [], sslsniff PIDs: []
Run 10/10...
[DEBUG 16:23:03] Starting sslsniff with bpftime: LD_PRELOAD=build/runtime/syscall-server/libbpftime-syscall-server.so example/sslsniff/sslsniff
[DEBUG 16:23:05] Starting nginx with bpftime: LD_PRELOAD=build/runtime/agent/libbpftime-agent.so nginx -c /bpftime/benchmark/ssl-nginx/nginx.conf -p /bpftime/benchmark/ssl-nginx
[DEBUG 16:23:07] Running wrk with command: wrk https://127.0.0.1:4043/index.html -c 100 -d 10
[DEBUG 16:23:18] Parsing wrk output: Running 10s test @ https://127.0.0.1:4043/index.html
  2 threads and 100 connections
  Thread Stats ...
  Requests/sec: 10847.00
[DEBUG 16:23:18] Terminating processes
[DEBUG 16:23:18] Cleaning up processes...
[DEBUG 16:23:18] Found nginx PIDs: []
[DEBUG 16:23:18] Found sslsniff PIDs: []
[DEBUG 16:23:19] After cleanup: nginx PIDs: [], sslsniff PIDs: []

=== Benchmark Results ===
Each configuration run 10 times

Baseline:
  Requests/sec (mean):   16421.92
  Requests/sec (median): 16436.01
  Standard deviation:    84.59
  Min:                   16221.74
  Max:                   16516.61
  All runs:              [16388.11, 16443.25, 16516.61, 16428.77, 16464.27, 16413.5, 16503.08, 16471.21, 16221.74, 16368.68]

Kernel Sslsniff:
  Requests/sec (mean):   11162.60
  Requests/sec (median): 11161.68
  Standard deviation:    141.74
  Min:                   10979.65
  Max:                   11347.06
  All runs:              [11253.83, 11213.48, 10979.65, 11096.03, 11331.77, 11024.99, 10982.85, 11347.06, 11286.42, 11109.88]

Bpftime Sslsniff:
  Requests/sec (mean):   10812.49
  Requests/sec (median): 10840.56
  Standard deviation:    94.42
  Min:                   10599.83
  Max:                   10919.32
  All runs:              [10834.11, 10882.88, 10599.83, 10737.49, 10873.62, 10881.33, 10771.77, 10777.54, 10919.32, 10847.0]

Kernel sslsniff performance impact: 32.03% decrease
bpftime sslsniff performance impact: 34.16% decrease
bpftime improvement over kernel: -3.14%

Results saved to benchmark/ssl-nginx/benchmark_results_20260726_162319.json
[DEBUG 16:23:19] Cleaning up before exit
[DEBUG 16:23:19] Cleaning up processes...
[DEBUG 16:23:19] Found nginx PIDs: []
[DEBUG 16:23:19] Found sslsniff PIDs: []
[DEBUG 16:23:20] After cleanup: nginx PIDs: [], sslsniff PIDs: []
