index.html bytes: 16
[DEBUG 16:29:55] Starting benchmark script
[DEBUG 16:29:55] Current working directory: /bpftime
[DEBUG 16:29:55] Checking command: nginx - EXISTS
[DEBUG 16:29:55]   Path: /usr/sbin/nginx
[DEBUG 16:29:55] Checking file: /bpftime/build/runtime/agent/libbpftime-agent.so - EXISTS
[DEBUG 16:29:55] Checking file: /bpftime/build/runtime/syscall-server/libbpftime-syscall-server.so - EXISTS
[DEBUG 16:29:55] Checking file: /bpftime/example/sslsniff/sslsniff - EXISTS
[DEBUG 16:29:55] Checking command: wrk - EXISTS
[DEBUG 16:29:55]   Path: /usr/bin/wrk

=== Running Baseline Tests ===
[DEBUG 16:29:55] Cleaning up processes...
[DEBUG 16:29:55] Found nginx PIDs: []
[DEBUG 16:29:55] Found sslsniff PIDs: []
[DEBUG 16:29:56] After cleanup: nginx PIDs: [], sslsniff PIDs: []
[DEBUG 16:29:56] Removing access log: /bpftime/benchmark/ssl-nginx/access.log
[DEBUG 16:29:56] Access log removed successfully
[DEBUG 16:29:56] Checking command: nginx - EXISTS
[DEBUG 16:29:56]   Path: /usr/sbin/nginx
[DEBUG 16:29:56] Current directory: /bpftime
[DEBUG 16:29:56] Checking if nginx.conf exists: True
[DEBUG 16:29:56] Starting nginx with command: nginx -c /bpftime/benchmark/ssl-nginx/nginx.conf -p /bpftime/benchmark/ssl-nginx
[DEBUG 16:29:58] nginx started successfully
[DEBUG 16:29:58] Error checking nginx: [Errno 2] No such file or directory: 'curl'
Run 1/10...
[DEBUG 16:29:58] Running wrk with command: wrk https://127.0.0.1:4043/index.html -c 100 -d 10
[DEBUG 16:30:08] wrk exit code: 0
[DEBUG 16:30:08] Parsing wrk output: Running 10s test @ https://127.0.0.1:4043/index.html
  2 threads and 100 connections
  Thread Stats ...
  Requests/sec: 16623.13
Run 2/10...
[DEBUG 16:30:08] Running wrk with command: wrk https://127.0.0.1:4043/index.html -c 100 -d 10
[DEBUG 16:30:18] wrk exit code: 0
[DEBUG 16:30:18] Parsing wrk output: Running 10s test @ https://127.0.0.1:4043/index.html
  2 threads and 100 connections
  Thread Stats ...
  Requests/sec: 16458.23
Run 3/10...
[DEBUG 16:30:18] Running wrk with command: wrk https://127.0.0.1:4043/index.html -c 100 -d 10
[DEBUG 16:30:28] wrk exit code: 0
[DEBUG 16:30:28] Parsing wrk output: Running 10s test @ https://127.0.0.1:4043/index.html
  2 threads and 100 connections
  Thread Stats ...
  Requests/sec: 16394.68
Run 4/10...
[DEBUG 16:30:28] Running wrk with command: wrk https://127.0.0.1:4043/index.html -c 100 -d 10
[DEBUG 16:30:39] wrk exit code: 0
[DEBUG 16:30:39] Parsing wrk output: Running 10s test @ https://127.0.0.1:4043/index.html
  2 threads and 100 connections
  Thread Stats ...
  Requests/sec: 16247.43
Run 5/10...
[DEBUG 16:30:39] Running wrk with command: wrk https://127.0.0.1:4043/index.html -c 100 -d 10
[DEBUG 16:30:49] wrk exit code: 0
[DEBUG 16:30:49] Parsing wrk output: Running 10s test @ https://127.0.0.1:4043/index.html
  2 threads and 100 connections
  Thread Stats ...
  Requests/sec: 16246.03
Run 6/10...
[DEBUG 16:30:49] Running wrk with command: wrk https://127.0.0.1:4043/index.html -c 100 -d 10
[DEBUG 16:30:59] wrk exit code: 0
[DEBUG 16:30:59] Parsing wrk output: Running 10s test @ https://127.0.0.1:4043/index.html
  2 threads and 100 connections
  Thread Stats ...
  Requests/sec: 16394.39
Run 7/10...
[DEBUG 16:30:59] Running wrk with command: wrk https://127.0.0.1:4043/index.html -c 100 -d 10
[DEBUG 16:31:09] wrk exit code: 0
[DEBUG 16:31:09] Parsing wrk output: Running 10s test @ https://127.0.0.1:4043/index.html
  2 threads and 100 connections
  Thread Stats ...
  Requests/sec: 16430.36
Run 8/10...
[DEBUG 16:31:09] Running wrk with command: wrk https://127.0.0.1:4043/index.html -c 100 -d 10
[DEBUG 16:31:19] wrk exit code: 0
[DEBUG 16:31:19] Parsing wrk output: Running 10s test @ https://127.0.0.1:4043/index.html
  2 threads and 100 connections
  Thread Stats ...
  Requests/sec: 16259.98
Run 9/10...
[DEBUG 16:31:19] Running wrk with command: wrk https://127.0.0.1:4043/index.html -c 100 -d 10
[DEBUG 16:31:29] wrk exit code: 0
[DEBUG 16:31:29] Parsing wrk output: Running 10s test @ https://127.0.0.1:4043/index.html
  2 threads and 100 connections
  Thread Stats ...
  Requests/sec: 16325.27
Run 10/10...
[DEBUG 16:31:29] Running wrk with command: wrk https://127.0.0.1:4043/index.html -c 100 -d 10
[DEBUG 16:31:39] wrk exit code: 0
[DEBUG 16:31:39] Parsing wrk output: Running 10s test @ https://127.0.0.1:4043/index.html
  2 threads and 100 connections
  Thread Stats ...
  Requests/sec: 16456.12
[DEBUG 16:31:39] Terminating nginx

=== Running Kernel sslsniff Tests ===
[DEBUG 16:31:39] Cleaning up processes...
[DEBUG 16:31:39] Found nginx PIDs: []
[DEBUG 16:31:39] Found sslsniff PIDs: []
[DEBUG 16:31:40] After cleanup: nginx PIDs: [], sslsniff PIDs: []
[DEBUG 16:31:40] Removing access log: /bpftime/benchmark/ssl-nginx/access.log
[DEBUG 16:31:40] Access log removed successfully
[DEBUG 16:31:40] Checking file: /bpftime/example/sslsniff/sslsniff - EXISTS
[DEBUG 16:31:40] Starting nginx with command: nginx -c /bpftime/benchmark/ssl-nginx/nginx.conf -p /bpftime/benchmark/ssl-nginx
Run 1/10...
[DEBUG 16:31:42] Starting kernel sslsniff: sudo example/sslsniff/sslsniff
[DEBUG 16:31:44] Running wrk with command: wrk https://127.0.0.1:4043/index.html -c 100 -d 10
[DEBUG 16:31:54] Parsing wrk output: Running 10s test @ https://127.0.0.1:4043/index.html
  2 threads and 100 connections
  Thread Stats ...
[DEBUG 16:31:54] Killing sslsniff
  Requests/sec: 11342.82
Run 2/10...
[DEBUG 16:31:55] Starting kernel sslsniff: sudo example/sslsniff/sslsniff
[DEBUG 16:31:57] Running wrk with command: wrk https://127.0.0.1:4043/index.html -c 100 -d 10
[DEBUG 16:32:07] Parsing wrk output: Running 10s test @ https://127.0.0.1:4043/index.html
  2 threads and 100 connections
  Thread Stats ...
[DEBUG 16:32:07] Killing sslsniff
  Requests/sec: 11317.69
Run 3/10...
[DEBUG 16:32:08] Starting kernel sslsniff: sudo example/sslsniff/sslsniff
[DEBUG 16:32:10] Running wrk with command: wrk https://127.0.0.1:4043/index.html -c 100 -d 10
[DEBUG 16:32:20] Parsing wrk output: Running 10s test @ https://127.0.0.1:4043/index.html
  2 threads and 100 connections
  Thread Stats ...
[DEBUG 16:32:20] Killing sslsniff
  Requests/sec: 11342.80
Run 4/10...
[DEBUG 16:32:21] Starting kernel sslsniff: sudo example/sslsniff/sslsniff
[DEBUG 16:32:23] Running wrk with command: wrk https://127.0.0.1:4043/index.html -c 100 -d 10
[DEBUG 16:32:34] Parsing wrk output: Running 10s test @ https://127.0.0.1:4043/index.html
  2 threads and 100 connections
  Thread Stats ...
[DEBUG 16:32:34] Killing sslsniff
  Requests/sec: 11085.15
Run 5/10...
[DEBUG 16:32:35] Starting kernel sslsniff: sudo example/sslsniff/sslsniff
[DEBUG 16:32:37] Running wrk with command: wrk https://127.0.0.1:4043/index.html -c 100 -d 10
[DEBUG 16:32:47] Parsing wrk output: Running 10s test @ https://127.0.0.1:4043/index.html
  2 threads and 100 connections
  Thread Stats ...
[DEBUG 16:32:47] Killing sslsniff
  Requests/sec: 11178.01
Run 6/10...
[DEBUG 16:32:48] Starting kernel sslsniff: sudo example/sslsniff/sslsniff
[DEBUG 16:32:50] Running wrk with command: wrk https://127.0.0.1:4043/index.html -c 100 -d 10
[DEBUG 16:33:00] Parsing wrk output: Running 10s test @ https://127.0.0.1:4043/index.html
  2 threads and 100 connections
  Thread Stats ...
[DEBUG 16:33:00] Killing sslsniff
  Requests/sec: 11244.64
Run 7/10...
[DEBUG 16:33:01] Starting kernel sslsniff: sudo example/sslsniff/sslsniff
[DEBUG 16:33:03] Running wrk with command: wrk https://127.0.0.1:4043/index.html -c 100 -d 10
[DEBUG 16:33:13] Parsing wrk output: Running 10s test @ https://127.0.0.1:4043/index.html
  2 threads and 100 connections
  Thread Stats ...
[DEBUG 16:33:13] Killing sslsniff
  Requests/sec: 11224.63
Run 8/10...
[DEBUG 16:33:14] Starting kernel sslsniff: sudo example/sslsniff/sslsniff
[DEBUG 16:33:16] Running wrk with command: wrk https://127.0.0.1:4043/index.html -c 100 -d 10
[DEBUG 16:33:26] Parsing wrk output: Running 10s test @ https://127.0.0.1:4043/index.html
  2 threads and 100 connections
  Thread Stats ...
[DEBUG 16:33:26] Killing sslsniff
  Requests/sec: 11019.09
Run 9/10...
[DEBUG 16:33:27] Starting kernel sslsniff: sudo example/sslsniff/sslsniff
[DEBUG 16:33:29] Running wrk with command: wrk https://127.0.0.1:4043/index.html -c 100 -d 10
[DEBUG 16:33:39] Parsing wrk output: Running 10s test @ https://127.0.0.1:4043/index.html
  2 threads and 100 connections
  Thread Stats ...
[DEBUG 16:33:39] Killing sslsniff
  Requests/sec: 11140.40
Run 10/10...
[DEBUG 16:33:40] Starting kernel sslsniff: sudo example/sslsniff/sslsniff
[DEBUG 16:33:42] Running wrk with command: wrk https://127.0.0.1:4043/index.html -c 100 -d 10
[DEBUG 16:33:52] Parsing wrk output: Running 10s test @ https://127.0.0.1:4043/index.html
  2 threads and 100 connections
  Thread Stats ...
[DEBUG 16:33:52] Killing sslsniff
  Requests/sec: 11239.35
[DEBUG 16:33:53] Terminating nginx

=== Running bpftime sslsniff Tests ===
[DEBUG 16:33:53] Cleaning up processes...
[DEBUG 16:33:53] Found nginx PIDs: []
[DEBUG 16:33:53] Found sslsniff PIDs: []
[DEBUG 16:33:54] After cleanup: nginx PIDs: [], sslsniff PIDs: []
[DEBUG 16:33:54] Removing access log: /bpftime/benchmark/ssl-nginx/access.log
[DEBUG 16:33:54] Access log removed successfully
[DEBUG 16:33:54] Checking file: /bpftime/example/sslsniff/sslsniff - EXISTS
[DEBUG 16:33:54] Checking file: /bpftime/build/runtime/agent/libbpftime-agent.so - EXISTS
[DEBUG 16:33:54] Checking file: /bpftime/build/runtime/syscall-server/libbpftime-syscall-server.so - EXISTS
Run 1/10...
[DEBUG 16:33:54] Starting sslsniff with bpftime: LD_PRELOAD=build/runtime/syscall-server/libbpftime-syscall-server.so example/sslsniff/sslsniff
[DEBUG 16:33:56] Starting nginx with bpftime: LD_PRELOAD=build/runtime/agent/libbpftime-agent.so nginx -c /bpftime/benchmark/ssl-nginx/nginx.conf -p /bpftime/benchmark/ssl-nginx
[DEBUG 16:33:58] Running wrk with command: wrk https://127.0.0.1:4043/index.html -c 100 -d 10
[DEBUG 16:34:08] Parsing wrk output: Running 10s test @ https://127.0.0.1:4043/index.html
  2 threads and 100 connections
  Thread Stats ...
  Requests/sec: 12445.64
[DEBUG 16:34:08] Terminating processes
[DEBUG 16:34:09] Cleaning up processes...
[DEBUG 16:34:09] Found nginx PIDs: []
[DEBUG 16:34:09] Found sslsniff PIDs: []
[DEBUG 16:34:10] After cleanup: nginx PIDs: [], sslsniff PIDs: []
Run 2/10...
[DEBUG 16:34:10] Starting sslsniff with bpftime: LD_PRELOAD=build/runtime/syscall-server/libbpftime-syscall-server.so example/sslsniff/sslsniff
[DEBUG 16:34:12] Starting nginx with bpftime: LD_PRELOAD=build/runtime/agent/libbpftime-agent.so nginx -c /bpftime/benchmark/ssl-nginx/nginx.conf -p /bpftime/benchmark/ssl-nginx
[DEBUG 16:34:14] Running wrk with command: wrk https://127.0.0.1:4043/index.html -c 100 -d 10
[DEBUG 16:34:24] Parsing wrk output: Running 10s test @ https://127.0.0.1:4043/index.html
  2 threads and 100 connections
  Thread Stats ...
  Requests/sec: 12422.13
[DEBUG 16:34:24] Terminating processes
[DEBUG 16:34:24] Cleaning up processes...
[DEBUG 16:34:24] Found nginx PIDs: []
[DEBUG 16:34:24] Found sslsniff PIDs: []
[DEBUG 16:34:25] After cleanup: nginx PIDs: [], sslsniff PIDs: []
Run 3/10...
[DEBUG 16:34:25] Starting sslsniff with bpftime: LD_PRELOAD=build/runtime/syscall-server/libbpftime-syscall-server.so example/sslsniff/sslsniff
[DEBUG 16:34:27] Starting nginx with bpftime: LD_PRELOAD=build/runtime/agent/libbpftime-agent.so nginx -c /bpftime/benchmark/ssl-nginx/nginx.conf -p /bpftime/benchmark/ssl-nginx
[DEBUG 16:34:29] Running wrk with command: wrk https://127.0.0.1:4043/index.html -c 100 -d 10
[DEBUG 16:34:39] Parsing wrk output: Running 10s test @ https://127.0.0.1:4043/index.html
  2 threads and 100 connections
  Thread Stats ...
  Requests/sec: 12015.65
[DEBUG 16:34:39] Terminating processes
[DEBUG 16:34:39] Cleaning up processes...
[DEBUG 16:34:39] Found nginx PIDs: []
[DEBUG 16:34:39] Found sslsniff PIDs: []
[DEBUG 16:34:40] After cleanup: nginx PIDs: [], sslsniff PIDs: []
Run 4/10...
[DEBUG 16:34:40] Starting sslsniff with bpftime: LD_PRELOAD=build/runtime/syscall-server/libbpftime-syscall-server.so example/sslsniff/sslsniff
[DEBUG 16:34:42] Starting nginx with bpftime: LD_PRELOAD=build/runtime/agent/libbpftime-agent.so nginx -c /bpftime/benchmark/ssl-nginx/nginx.conf -p /bpftime/benchmark/ssl-nginx
[DEBUG 16:34:44] Running wrk with command: wrk https://127.0.0.1:4043/index.html -c 100 -d 10
[DEBUG 16:34:54] Parsing wrk output: Running 10s test @ https://127.0.0.1:4043/index.html
  2 threads and 100 connections
  Thread Stats ...
  Requests/sec: 11430.61
[DEBUG 16:34:54] Terminating processes
[DEBUG 16:34:54] Cleaning up processes...
[DEBUG 16:34:54] Found nginx PIDs: []
[DEBUG 16:34:54] Found sslsniff PIDs: []
[DEBUG 16:34:55] After cleanup: nginx PIDs: [], sslsniff PIDs: []
Run 5/10...
[DEBUG 16:34:55] Starting sslsniff with bpftime: LD_PRELOAD=build/runtime/syscall-server/libbpftime-syscall-server.so example/sslsniff/sslsniff
[DEBUG 16:34:57] Starting nginx with bpftime: LD_PRELOAD=build/runtime/agent/libbpftime-agent.so nginx -c /bpftime/benchmark/ssl-nginx/nginx.conf -p /bpftime/benchmark/ssl-nginx
[DEBUG 16:34:59] Running wrk with command: wrk https://127.0.0.1:4043/index.html -c 100 -d 10
[DEBUG 16:35:09] Parsing wrk output: Running 10s test @ https://127.0.0.1:4043/index.html
  2 threads and 100 connections
  Thread Stats ...
  Requests/sec: 12491.82
[DEBUG 16:35:09] Terminating processes
[DEBUG 16:35:09] Cleaning up processes...
[DEBUG 16:35:09] Found nginx PIDs: []
[DEBUG 16:35:09] Found sslsniff PIDs: []
[DEBUG 16:35:10] After cleanup: nginx PIDs: [], sslsniff PIDs: []
Run 6/10...
[DEBUG 16:35:10] Starting sslsniff with bpftime: LD_PRELOAD=build/runtime/syscall-server/libbpftime-syscall-server.so example/sslsniff/sslsniff
[DEBUG 16:35:12] Starting nginx with bpftime: LD_PRELOAD=build/runtime/agent/libbpftime-agent.so nginx -c /bpftime/benchmark/ssl-nginx/nginx.conf -p /bpftime/benchmark/ssl-nginx
[DEBUG 16:35:14] Running wrk with command: wrk https://127.0.0.1:4043/index.html -c 100 -d 10
[DEBUG 16:35:25] Parsing wrk output: Running 10s test @ https://127.0.0.1:4043/index.html
  2 threads and 100 connections
  Thread Stats ...
  Requests/sec: 12372.57
[DEBUG 16:35:25] Terminating processes
[DEBUG 16:35:25] Cleaning up processes...
[DEBUG 16:35:25] Found nginx PIDs: []
[DEBUG 16:35:25] Found sslsniff PIDs: []
[DEBUG 16:35:26] After cleanup: nginx PIDs: [], sslsniff PIDs: []
Run 7/10...
[DEBUG 16:35:26] Starting sslsniff with bpftime: LD_PRELOAD=build/runtime/syscall-server/libbpftime-syscall-server.so example/sslsniff/sslsniff
[DEBUG 16:35:28] Starting nginx with bpftime: LD_PRELOAD=build/runtime/agent/libbpftime-agent.so nginx -c /bpftime/benchmark/ssl-nginx/nginx.conf -p /bpftime/benchmark/ssl-nginx
[DEBUG 16:35:30] Running wrk with command: wrk https://127.0.0.1:4043/index.html -c 100 -d 10
[DEBUG 16:35:40] Parsing wrk output: Running 10s test @ https://127.0.0.1:4043/index.html
  2 threads and 100 connections
  Thread Stats ...
  Requests/sec: 12475.49
[DEBUG 16:35:40] Terminating processes
[DEBUG 16:35:40] Cleaning up processes...
[DEBUG 16:35:40] Found nginx PIDs: []
[DEBUG 16:35:40] Found sslsniff PIDs: []
[DEBUG 16:35:41] After cleanup: nginx PIDs: [], sslsniff PIDs: []
Run 8/10...
[DEBUG 16:35:41] Starting sslsniff with bpftime: LD_PRELOAD=build/runtime/syscall-server/libbpftime-syscall-server.so example/sslsniff/sslsniff
[DEBUG 16:35:43] Starting nginx with bpftime: LD_PRELOAD=build/runtime/agent/libbpftime-agent.so nginx -c /bpftime/benchmark/ssl-nginx/nginx.conf -p /bpftime/benchmark/ssl-nginx
[DEBUG 16:35:45] Running wrk with command: wrk https://127.0.0.1:4043/index.html -c 100 -d 10
[DEBUG 16:35:55] Parsing wrk output: Running 10s test @ https://127.0.0.1:4043/index.html
  2 threads and 100 connections
  Thread Stats ...
  Requests/sec: 12393.15
[DEBUG 16:35:55] Terminating processes
[DEBUG 16:35:55] Cleaning up processes...
[DEBUG 16:35:55] Found nginx PIDs: []
[DEBUG 16:35:55] Found sslsniff PIDs: []
[DEBUG 16:35:56] After cleanup: nginx PIDs: [], sslsniff PIDs: []
Run 9/10...
[DEBUG 16:35:56] Starting sslsniff with bpftime: LD_PRELOAD=build/runtime/syscall-server/libbpftime-syscall-server.so example/sslsniff/sslsniff
[DEBUG 16:35:58] Starting nginx with bpftime: LD_PRELOAD=build/runtime/agent/libbpftime-agent.so nginx -c /bpftime/benchmark/ssl-nginx/nginx.conf -p /bpftime/benchmark/ssl-nginx
[DEBUG 16:36:00] Running wrk with command: wrk https://127.0.0.1:4043/index.html -c 100 -d 10
[DEBUG 16:36:10] Parsing wrk output: Running 10s test @ https://127.0.0.1:4043/index.html
  2 threads and 100 connections
  Thread Stats ...
  Requests/sec: 12339.99
[DEBUG 16:36:10] Terminating processes
[DEBUG 16:36:10] Cleaning up processes...
[DEBUG 16:36:10] Found nginx PIDs: []
[DEBUG 16:36:10] Found sslsniff PIDs: []
[DEBUG 16:36:11] After cleanup: nginx PIDs: [], sslsniff PIDs: []
Run 10/10...
[DEBUG 16:36:11] Starting sslsniff with bpftime: LD_PRELOAD=build/runtime/syscall-server/libbpftime-syscall-server.so example/sslsniff/sslsniff
[DEBUG 16:36:13] Starting nginx with bpftime: LD_PRELOAD=build/runtime/agent/libbpftime-agent.so nginx -c /bpftime/benchmark/ssl-nginx/nginx.conf -p /bpftime/benchmark/ssl-nginx
[DEBUG 16:36:15] Running wrk with command: wrk https://127.0.0.1:4043/index.html -c 100 -d 10
[DEBUG 16:36:25] Parsing wrk output: Running 10s test @ https://127.0.0.1:4043/index.html
  2 threads and 100 connections
  Thread Stats ...
  Requests/sec: 12446.22
[DEBUG 16:36:25] Terminating processes
[DEBUG 16:36:25] Cleaning up processes...
[DEBUG 16:36:25] Found nginx PIDs: []
[DEBUG 16:36:25] Found sslsniff PIDs: []
[DEBUG 16:36:26] After cleanup: nginx PIDs: [], sslsniff PIDs: []

=== Benchmark Results ===
Each configuration run 10 times

Baseline:
  Requests/sec (mean):   16383.56
  Requests/sec (median): 16394.53
  Standard deviation:    118.69
  Min:                   16246.03
  Max:                   16623.13
  All runs:              [16623.13, 16458.23, 16394.68, 16247.43, 16246.03, 16394.39, 16430.36, 16259.98, 16325.27, 16456.12]

Kernel Sslsniff:
  Requests/sec (mean):   11213.46
  Requests/sec (median): 11231.99
  Standard deviation:    109.00
  Min:                   11019.09
  Max:                   11342.82
  All runs:              [11342.82, 11317.69, 11342.8, 11085.15, 11178.01, 11244.64, 11224.63, 11019.09, 11140.4, 11239.35]

Bpftime Sslsniff:
  Requests/sec (mean):   12283.33
  Requests/sec (median): 12407.64
  Standard deviation:    329.07
  Min:                   11430.61
  Max:                   12491.82
  All runs:              [12445.64, 12422.13, 12015.65, 11430.61, 12491.82, 12372.57, 12475.49, 12393.15, 12339.99, 12446.22]

Kernel sslsniff performance impact: 31.56% decrease
bpftime sslsniff performance impact: 25.03% decrease
bpftime improvement over kernel: 9.54%

Results saved to benchmark/ssl-nginx/benchmark_results_20260726_163626.json
[DEBUG 16:36:26] Cleaning up before exit
[DEBUG 16:36:26] Cleaning up processes...
[DEBUG 16:36:27] Found nginx PIDs: []
[DEBUG 16:36:27] Found sslsniff PIDs: []
[DEBUG 16:36:28] After cleanup: nginx PIDs: [], sslsniff PIDs: []
