index.html bytes: 262144
[DEBUG 16:45:02] Starting benchmark script
[DEBUG 16:45:02] Current working directory: /bpftime
[DEBUG 16:45:02] Checking command: nginx - EXISTS
[DEBUG 16:45:02]   Path: /usr/sbin/nginx
[DEBUG 16:45:02] Checking file: /bpftime/build/runtime/agent/libbpftime-agent.so - EXISTS
[DEBUG 16:45:02] Checking file: /bpftime/build/runtime/syscall-server/libbpftime-syscall-server.so - EXISTS
[DEBUG 16:45:02] Checking file: /bpftime/example/sslsniff/sslsniff - EXISTS
[DEBUG 16:45:02] Checking command: wrk - EXISTS
[DEBUG 16:45:02]   Path: /usr/bin/wrk

=== Running Baseline Tests ===
[DEBUG 16:45:02] Cleaning up processes...
[DEBUG 16:45:02] Found nginx PIDs: []
[DEBUG 16:45:02] Found sslsniff PIDs: []
[DEBUG 16:45:03] After cleanup: nginx PIDs: [], sslsniff PIDs: []
[DEBUG 16:45:03] Removing access log: /bpftime/benchmark/ssl-nginx/access.log
[DEBUG 16:45:03] Access log removed successfully
[DEBUG 16:45:03] Checking command: nginx - EXISTS
[DEBUG 16:45:03]   Path: /usr/sbin/nginx
[DEBUG 16:45:03] Current directory: /bpftime
[DEBUG 16:45:03] Checking if nginx.conf exists: True
[DEBUG 16:45:03] Starting nginx with command: nginx -c /bpftime/benchmark/ssl-nginx/nginx.conf -p /bpftime/benchmark/ssl-nginx
[DEBUG 16:45:05] nginx started successfully
[DEBUG 16:45:05] Error checking nginx: [Errno 2] No such file or directory: 'curl'
Run 1/10...
[DEBUG 16:45:05] Running wrk with command: wrk https://127.0.0.1:4043/index.html -c 100 -d 10
[DEBUG 16:45:15] wrk exit code: 0
[DEBUG 16:45:15] Parsing wrk output: Running 10s test @ https://127.0.0.1:4043/index.html
  2 threads and 100 connections
  Thread Stats ...
  Requests/sec: 1701.76
Run 2/10...
[DEBUG 16:45:15] Running wrk with command: wrk https://127.0.0.1:4043/index.html -c 100 -d 10
[DEBUG 16:45:25] wrk exit code: 0
[DEBUG 16:45:25] Parsing wrk output: Running 10s test @ https://127.0.0.1:4043/index.html
  2 threads and 100 connections
  Thread Stats ...
  Requests/sec: 1723.20
Run 3/10...
[DEBUG 16:45:25] Running wrk with command: wrk https://127.0.0.1:4043/index.html -c 100 -d 10
[DEBUG 16:45:35] wrk exit code: 0
[DEBUG 16:45:35] Parsing wrk output: Running 10s test @ https://127.0.0.1:4043/index.html
  2 threads and 100 connections
  Thread Stats ...
  Requests/sec: 1643.09
Run 4/10...
[DEBUG 16:45:35] Running wrk with command: wrk https://127.0.0.1:4043/index.html -c 100 -d 10
[DEBUG 16:45:45] wrk exit code: 0
[DEBUG 16:45:45] Parsing wrk output: Running 10s test @ https://127.0.0.1:4043/index.html
  2 threads and 100 connections
  Thread Stats ...
  Requests/sec: 1620.22
Run 5/10...
[DEBUG 16:45:45] Running wrk with command: wrk https://127.0.0.1:4043/index.html -c 100 -d 10
[DEBUG 16:45:55] wrk exit code: 0
[DEBUG 16:45:55] Parsing wrk output: Running 10s test @ https://127.0.0.1:4043/index.html
  2 threads and 100 connections
  Thread Stats ...
  Requests/sec: 1635.82
Run 6/10...
[DEBUG 16:45:55] Running wrk with command: wrk https://127.0.0.1:4043/index.html -c 100 -d 10
[DEBUG 16:46:06] wrk exit code: 0
[DEBUG 16:46:06] Parsing wrk output: Running 10s test @ https://127.0.0.1:4043/index.html
  2 threads and 100 connections
  Thread Stats ...
  Requests/sec: 1643.25
Run 7/10...
[DEBUG 16:46:06] Running wrk with command: wrk https://127.0.0.1:4043/index.html -c 100 -d 10
[DEBUG 16:46:16] wrk exit code: 0
[DEBUG 16:46:16] Parsing wrk output: Running 10s test @ https://127.0.0.1:4043/index.html
  2 threads and 100 connections
  Thread Stats ...
  Requests/sec: 1670.93
Run 8/10...
[DEBUG 16:46:16] Running wrk with command: wrk https://127.0.0.1:4043/index.html -c 100 -d 10
[DEBUG 16:46:26] wrk exit code: 0
[DEBUG 16:46:26] Parsing wrk output: Running 10s test @ https://127.0.0.1:4043/index.html
  2 threads and 100 connections
  Thread Stats ...
  Requests/sec: 1665.69
Run 9/10...
[DEBUG 16:46:26] Running wrk with command: wrk https://127.0.0.1:4043/index.html -c 100 -d 10
[DEBUG 16:46:36] wrk exit code: 0
[DEBUG 16:46:36] Parsing wrk output: Running 10s test @ https://127.0.0.1:4043/index.html
  2 threads and 100 connections
  Thread Stats ...
  Requests/sec: 1653.13
Run 10/10...
[DEBUG 16:46:36] Running wrk with command: wrk https://127.0.0.1:4043/index.html -c 100 -d 10
[DEBUG 16:46:46] wrk exit code: 0
[DEBUG 16:46:46] Parsing wrk output: Running 10s test @ https://127.0.0.1:4043/index.html
  2 threads and 100 connections
  Thread Stats ...
  Requests/sec: 1660.92
[DEBUG 16:46:46] Terminating nginx

=== Running Kernel sslsniff Tests ===
[DEBUG 16:46:46] Cleaning up processes...
[DEBUG 16:46:46] Found nginx PIDs: []
[DEBUG 16:46:46] Found sslsniff PIDs: []
[DEBUG 16:46:47] After cleanup: nginx PIDs: [], sslsniff PIDs: []
[DEBUG 16:46:47] Removing access log: /bpftime/benchmark/ssl-nginx/access.log
[DEBUG 16:46:47] Access log removed successfully
[DEBUG 16:46:47] Checking file: /bpftime/example/sslsniff/sslsniff - EXISTS
[DEBUG 16:46:47] Starting nginx with command: nginx -c /bpftime/benchmark/ssl-nginx/nginx.conf -p /bpftime/benchmark/ssl-nginx
Run 1/10...
[DEBUG 16:46:49] Starting kernel sslsniff: sudo example/sslsniff/sslsniff
[DEBUG 16:46:51] Running wrk with command: wrk https://127.0.0.1:4043/index.html -c 100 -d 10
[DEBUG 16:47:01] Parsing wrk output: Running 10s test @ https://127.0.0.1:4043/index.html
  2 threads and 100 connections
  Thread Stats ...
[DEBUG 16:47:01] Killing sslsniff
  Requests/sec: 1205.91
Run 2/10...
[DEBUG 16:47:02] Starting kernel sslsniff: sudo example/sslsniff/sslsniff
[DEBUG 16:47:04] Running wrk with command: wrk https://127.0.0.1:4043/index.html -c 100 -d 10
[DEBUG 16:47:14] Parsing wrk output: Running 10s test @ https://127.0.0.1:4043/index.html
  2 threads and 100 connections
  Thread Stats ...
[DEBUG 16:47:14] Killing sslsniff
  Requests/sec: 1211.14
Run 3/10...
[DEBUG 16:47:15] Starting kernel sslsniff: sudo example/sslsniff/sslsniff
[DEBUG 16:47:17] Running wrk with command: wrk https://127.0.0.1:4043/index.html -c 100 -d 10
[DEBUG 16:47:27] Parsing wrk output: Running 10s test @ https://127.0.0.1:4043/index.html
  2 threads and 100 connections
  Thread Stats ...
[DEBUG 16:47:27] Killing sslsniff
  Requests/sec: 1226.47
Run 4/10...
[DEBUG 16:47:28] Starting kernel sslsniff: sudo example/sslsniff/sslsniff
[DEBUG 16:47:30] Running wrk with command: wrk https://127.0.0.1:4043/index.html -c 100 -d 10
[DEBUG 16:47:40] Parsing wrk output: Running 10s test @ https://127.0.0.1:4043/index.html
  2 threads and 100 connections
  Thread Stats ...
[DEBUG 16:47:40] Killing sslsniff
  Requests/sec: 1194.32
Run 5/10...
[DEBUG 16:47:41] Starting kernel sslsniff: sudo example/sslsniff/sslsniff
[DEBUG 16:47:43] Running wrk with command: wrk https://127.0.0.1:4043/index.html -c 100 -d 10
[DEBUG 16:47:53] Parsing wrk output: Running 10s test @ https://127.0.0.1:4043/index.html
  2 threads and 100 connections
  Thread Stats ...
[DEBUG 16:47:53] Killing sslsniff
  Requests/sec: 1194.61
Run 6/10...
[DEBUG 16:47:54] Starting kernel sslsniff: sudo example/sslsniff/sslsniff
[DEBUG 16:47:56] Running wrk with command: wrk https://127.0.0.1:4043/index.html -c 100 -d 10
[DEBUG 16:48:06] Parsing wrk output: Running 10s test @ https://127.0.0.1:4043/index.html
  2 threads and 100 connections
  Thread Stats ...
[DEBUG 16:48:06] Killing sslsniff
  Requests/sec: 1186.22
Run 7/10...
[DEBUG 16:48:07] Starting kernel sslsniff: sudo example/sslsniff/sslsniff
[DEBUG 16:48:09] Running wrk with command: wrk https://127.0.0.1:4043/index.html -c 100 -d 10
[DEBUG 16:48:20] Parsing wrk output: Running 10s test @ https://127.0.0.1:4043/index.html
  2 threads and 100 connections
  Thread Stats ...
[DEBUG 16:48:20] Killing sslsniff
  Requests/sec: 1194.75
Run 8/10...
[DEBUG 16:48:21] Starting kernel sslsniff: sudo example/sslsniff/sslsniff
[DEBUG 16:48:23] Running wrk with command: wrk https://127.0.0.1:4043/index.html -c 100 -d 10
[DEBUG 16:48:33] Parsing wrk output: Running 10s test @ https://127.0.0.1:4043/index.html
  2 threads and 100 connections
  Thread Stats ...
[DEBUG 16:48:33] Killing sslsniff
  Requests/sec: 1165.17
Run 9/10...
[DEBUG 16:48:34] Starting kernel sslsniff: sudo example/sslsniff/sslsniff
[DEBUG 16:48:36] Running wrk with command: wrk https://127.0.0.1:4043/index.html -c 100 -d 10
[DEBUG 16:48:46] Parsing wrk output: Running 10s test @ https://127.0.0.1:4043/index.html
  2 threads and 100 connections
  Thread Stats ...
[DEBUG 16:48:46] Killing sslsniff
  Requests/sec: 1183.57
Run 10/10...
[DEBUG 16:48:47] Starting kernel sslsniff: sudo example/sslsniff/sslsniff
[DEBUG 16:48:49] Running wrk with command: wrk https://127.0.0.1:4043/index.html -c 100 -d 10
[DEBUG 16:48:59] Parsing wrk output: Running 10s test @ https://127.0.0.1:4043/index.html
  2 threads and 100 connections
  Thread Stats ...
[DEBUG 16:48:59] Killing sslsniff
  Requests/sec: 1189.98
[DEBUG 16:49:00] Terminating nginx

=== Running bpftime sslsniff Tests ===
[DEBUG 16:49:00] Cleaning up processes...
[DEBUG 16:49:00] Found nginx PIDs: []
[DEBUG 16:49:00] Found sslsniff PIDs: []
[DEBUG 16:49:01] After cleanup: nginx PIDs: [], sslsniff PIDs: []
[DEBUG 16:49:01] Removing access log: /bpftime/benchmark/ssl-nginx/access.log
[DEBUG 16:49:01] Access log removed successfully
[DEBUG 16:49:01] Checking file: /bpftime/example/sslsniff/sslsniff - EXISTS
[DEBUG 16:49:01] Checking file: /bpftime/build/runtime/agent/libbpftime-agent.so - EXISTS
[DEBUG 16:49:01] Checking file: /bpftime/build/runtime/syscall-server/libbpftime-syscall-server.so - EXISTS
Run 1/10...
[DEBUG 16:49:01] Starting sslsniff with bpftime: LD_PRELOAD=build/runtime/syscall-server/libbpftime-syscall-server.so example/sslsniff/sslsniff
[DEBUG 16:49:03] Starting nginx with bpftime: LD_PRELOAD=build/runtime/agent/libbpftime-agent.so nginx -c /bpftime/benchmark/ssl-nginx/nginx.conf -p /bpftime/benchmark/ssl-nginx
[DEBUG 16:49:05] Running wrk with command: wrk https://127.0.0.1:4043/index.html -c 100 -d 10
[DEBUG 16:49:15] Parsing wrk output: Running 10s test @ https://127.0.0.1:4043/index.html
  2 threads and 100 connections
  Thread Stats ...
  Requests/sec: 1070.44
[DEBUG 16:49:15] Terminating processes
[DEBUG 16:49:15] Cleaning up processes...
[DEBUG 16:49:15] Found nginx PIDs: []
[DEBUG 16:49:15] Found sslsniff PIDs: []
[DEBUG 16:49:16] After cleanup: nginx PIDs: [], sslsniff PIDs: []
Run 2/10...
[DEBUG 16:49:16] Starting sslsniff with bpftime: LD_PRELOAD=build/runtime/syscall-server/libbpftime-syscall-server.so example/sslsniff/sslsniff
[DEBUG 16:49:18] Starting nginx with bpftime: LD_PRELOAD=build/runtime/agent/libbpftime-agent.so nginx -c /bpftime/benchmark/ssl-nginx/nginx.conf -p /bpftime/benchmark/ssl-nginx
[DEBUG 16:49:20] Running wrk with command: wrk https://127.0.0.1:4043/index.html -c 100 -d 10
[DEBUG 16:49:30] Parsing wrk output: Running 10s test @ https://127.0.0.1:4043/index.html
  2 threads and 100 connections
  Thread Stats ...
  Requests/sec: 1036.03
[DEBUG 16:49:30] Terminating processes
[DEBUG 16:49:30] Cleaning up processes...
[DEBUG 16:49:30] Found nginx PIDs: []
[DEBUG 16:49:30] Found sslsniff PIDs: []
[DEBUG 16:49:31] After cleanup: nginx PIDs: [], sslsniff PIDs: []
Run 3/10...
[DEBUG 16:49:31] Starting sslsniff with bpftime: LD_PRELOAD=build/runtime/syscall-server/libbpftime-syscall-server.so example/sslsniff/sslsniff
[DEBUG 16:49:33] Starting nginx with bpftime: LD_PRELOAD=build/runtime/agent/libbpftime-agent.so nginx -c /bpftime/benchmark/ssl-nginx/nginx.conf -p /bpftime/benchmark/ssl-nginx
[DEBUG 16:49:35] Running wrk with command: wrk https://127.0.0.1:4043/index.html -c 100 -d 10
[DEBUG 16:49:45] Parsing wrk output: Running 10s test @ https://127.0.0.1:4043/index.html
  2 threads and 100 connections
  Thread Stats ...
  Requests/sec: 988.23
[DEBUG 16:49:45] Terminating processes
[DEBUG 16:49:45] Cleaning up processes...
[DEBUG 16:49:46] Found nginx PIDs: []
[DEBUG 16:49:46] Found sslsniff PIDs: []
[DEBUG 16:49:47] After cleanup: nginx PIDs: [], sslsniff PIDs: []
Run 4/10...
[DEBUG 16:49:47] Starting sslsniff with bpftime: LD_PRELOAD=build/runtime/syscall-server/libbpftime-syscall-server.so example/sslsniff/sslsniff
[DEBUG 16:49:49] Starting nginx with bpftime: LD_PRELOAD=build/runtime/agent/libbpftime-agent.so nginx -c /bpftime/benchmark/ssl-nginx/nginx.conf -p /bpftime/benchmark/ssl-nginx
[DEBUG 16:49:51] Running wrk with command: wrk https://127.0.0.1:4043/index.html -c 100 -d 10
[DEBUG 16:50:01] Parsing wrk output: Running 10s test @ https://127.0.0.1:4043/index.html
  2 threads and 100 connections
  Thread Stats ...
  Requests/sec: 904.25
[DEBUG 16:50:01] Terminating processes
[DEBUG 16:50:01] Cleaning up processes...
[DEBUG 16:50:01] Found nginx PIDs: []
[DEBUG 16:50:01] Found sslsniff PIDs: []
[DEBUG 16:50:02] After cleanup: nginx PIDs: [], sslsniff PIDs: []
Run 5/10...
[DEBUG 16:50:02] Starting sslsniff with bpftime: LD_PRELOAD=build/runtime/syscall-server/libbpftime-syscall-server.so example/sslsniff/sslsniff
[DEBUG 16:50:04] Starting nginx with bpftime: LD_PRELOAD=build/runtime/agent/libbpftime-agent.so nginx -c /bpftime/benchmark/ssl-nginx/nginx.conf -p /bpftime/benchmark/ssl-nginx
[DEBUG 16:50:06] Running wrk with command: wrk https://127.0.0.1:4043/index.html -c 100 -d 10
[DEBUG 16:50:16] Parsing wrk output: Running 10s test @ https://127.0.0.1:4043/index.html
  2 threads and 100 connections
  Thread Stats ...
  Requests/sec: 994.85
[DEBUG 16:50:16] Terminating processes
[DEBUG 16:50:16] Cleaning up processes...
[DEBUG 16:50:16] Found nginx PIDs: []
[DEBUG 16:50:16] Found sslsniff PIDs: []
[DEBUG 16:50:17] After cleanup: nginx PIDs: [], sslsniff PIDs: []
Run 6/10...
[DEBUG 16:50:17] Starting sslsniff with bpftime: LD_PRELOAD=build/runtime/syscall-server/libbpftime-syscall-server.so example/sslsniff/sslsniff
[DEBUG 16:50:19] Starting nginx with bpftime: LD_PRELOAD=build/runtime/agent/libbpftime-agent.so nginx -c /bpftime/benchmark/ssl-nginx/nginx.conf -p /bpftime/benchmark/ssl-nginx
[DEBUG 16:50:21] Running wrk with command: wrk https://127.0.0.1:4043/index.html -c 100 -d 10
[DEBUG 16:50:31] Parsing wrk output: Running 10s test @ https://127.0.0.1:4043/index.html
  2 threads and 100 connections
  Thread Stats ...
  Requests/sec: 1016.39
[DEBUG 16:50:31] Terminating processes
[DEBUG 16:50:31] Cleaning up processes...
[DEBUG 16:50:31] Found nginx PIDs: []
[DEBUG 16:50:31] Found sslsniff PIDs: []
[DEBUG 16:50:32] After cleanup: nginx PIDs: [], sslsniff PIDs: []
Run 7/10...
[DEBUG 16:50:32] Starting sslsniff with bpftime: LD_PRELOAD=build/runtime/syscall-server/libbpftime-syscall-server.so example/sslsniff/sslsniff
[DEBUG 16:50:34] Starting nginx with bpftime: LD_PRELOAD=build/runtime/agent/libbpftime-agent.so nginx -c /bpftime/benchmark/ssl-nginx/nginx.conf -p /bpftime/benchmark/ssl-nginx
[DEBUG 16:50:36] Running wrk with command: wrk https://127.0.0.1:4043/index.html -c 100 -d 10
[DEBUG 16:50:46] Parsing wrk output: Running 10s test @ https://127.0.0.1:4043/index.html
  2 threads and 100 connections
  Thread Stats ...
  Requests/sec: 1056.66
[DEBUG 16:50:46] Terminating processes
[DEBUG 16:50:46] Cleaning up processes...
[DEBUG 16:50:46] Found nginx PIDs: []
[DEBUG 16:50:46] Found sslsniff PIDs: []
[DEBUG 16:50:47] After cleanup: nginx PIDs: [], sslsniff PIDs: []
Run 8/10...
[DEBUG 16:50:47] Starting sslsniff with bpftime: LD_PRELOAD=build/runtime/syscall-server/libbpftime-syscall-server.so example/sslsniff/sslsniff
[DEBUG 16:50:49] Starting nginx with bpftime: LD_PRELOAD=build/runtime/agent/libbpftime-agent.so nginx -c /bpftime/benchmark/ssl-nginx/nginx.conf -p /bpftime/benchmark/ssl-nginx
[DEBUG 16:50:51] Running wrk with command: wrk https://127.0.0.1:4043/index.html -c 100 -d 10
[DEBUG 16:51:02] Parsing wrk output: Running 10s test @ https://127.0.0.1:4043/index.html
  2 threads and 100 connections
  Thread Stats ...
  Requests/sec: 1099.01
[DEBUG 16:51:02] Terminating processes
[DEBUG 16:51:02] Cleaning up processes...
[DEBUG 16:51:02] Found nginx PIDs: []
[DEBUG 16:51:02] Found sslsniff PIDs: []
[DEBUG 16:51:03] After cleanup: nginx PIDs: [], sslsniff PIDs: []
Run 9/10...
[DEBUG 16:51:03] Starting sslsniff with bpftime: LD_PRELOAD=build/runtime/syscall-server/libbpftime-syscall-server.so example/sslsniff/sslsniff
[DEBUG 16:51:05] Starting nginx with bpftime: LD_PRELOAD=build/runtime/agent/libbpftime-agent.so nginx -c /bpftime/benchmark/ssl-nginx/nginx.conf -p /bpftime/benchmark/ssl-nginx
[DEBUG 16:51:07] Running wrk with command: wrk https://127.0.0.1:4043/index.html -c 100 -d 10
[DEBUG 16:51:17] Parsing wrk output: Running 10s test @ https://127.0.0.1:4043/index.html
  2 threads and 100 connections
  Thread Stats ...
  Requests/sec: 1090.09
[DEBUG 16:51:17] Terminating processes
[DEBUG 16:51:17] Cleaning up processes...
[DEBUG 16:51:17] Found nginx PIDs: []
[DEBUG 16:51:17] Found sslsniff PIDs: []
[DEBUG 16:51:18] After cleanup: nginx PIDs: [], sslsniff PIDs: []
Run 10/10...
[DEBUG 16:51:18] Starting sslsniff with bpftime: LD_PRELOAD=build/runtime/syscall-server/libbpftime-syscall-server.so example/sslsniff/sslsniff
[DEBUG 16:51:20] Starting nginx with bpftime: LD_PRELOAD=build/runtime/agent/libbpftime-agent.so nginx -c /bpftime/benchmark/ssl-nginx/nginx.conf -p /bpftime/benchmark/ssl-nginx
[DEBUG 16:51:22] Running wrk with command: wrk https://127.0.0.1:4043/index.html -c 100 -d 10
[DEBUG 16:51:32] Parsing wrk output: Running 10s test @ https://127.0.0.1:4043/index.html
  2 threads and 100 connections
  Thread Stats ...
  Requests/sec: 1077.88
[DEBUG 16:51:32] Terminating processes
[DEBUG 16:51:32] Cleaning up processes...
[DEBUG 16:51:32] Found nginx PIDs: []
[DEBUG 16:51:32] Found sslsniff PIDs: []
[DEBUG 16:51:33] After cleanup: nginx PIDs: [], sslsniff PIDs: []

=== Benchmark Results ===
Each configuration run 10 times

Baseline:
  Requests/sec (mean):   1661.80
  Requests/sec (median): 1657.03
  Standard deviation:    30.98
  Min:                   1620.22
  Max:                   1723.20
  All runs:              [1701.76, 1723.2, 1643.09, 1620.22, 1635.82, 1643.25, 1670.93, 1665.69, 1653.13, 1660.92]

Kernel Sslsniff:
  Requests/sec (mean):   1195.21
  Requests/sec (median): 1194.46
  Standard deviation:    16.64
  Min:                   1165.17
  Max:                   1226.47
  All runs:              [1205.91, 1211.14, 1226.47, 1194.32, 1194.61, 1186.22, 1194.75, 1165.17, 1183.57, 1189.98]

Bpftime Sslsniff:
  Requests/sec (mean):   1033.38
  Requests/sec (median): 1046.35
  Standard deviation:    59.55
  Min:                   904.25
  Max:                   1099.01
  All runs:              [1070.44, 1036.03, 988.23, 904.25, 994.85, 1016.39, 1056.66, 1099.01, 1090.09, 1077.88]

Kernel sslsniff performance impact: 28.08% decrease
bpftime sslsniff performance impact: 37.82% decrease
bpftime improvement over kernel: -13.54%

Results saved to benchmark/ssl-nginx/benchmark_results_20260726_165133.json
[DEBUG 16:51:33] Cleaning up before exit
[DEBUG 16:51:33] Cleaning up processes...
[DEBUG 16:51:33] Found nginx PIDs: []
[DEBUG 16:51:33] Found sslsniff PIDs: []
[DEBUG 16:51:34] After cleanup: nginx PIDs: [], sslsniff PIDs: []
