index.html bytes: 16
[DEBUG 16:10:13] Starting benchmark script
[DEBUG 16:10:13] Current working directory: /bpftime
[DEBUG 16:10:13] Checking command: nginx - EXISTS
[DEBUG 16:10:13]   Path: /usr/sbin/nginx
[DEBUG 16:10:13] Checking file: /bpftime/build/runtime/agent/libbpftime-agent.so - EXISTS
[DEBUG 16:10:13] Checking file: /bpftime/build/runtime/syscall-server/libbpftime-syscall-server.so - EXISTS
[DEBUG 16:10:13] Checking file: /bpftime/example/sslsniff/sslsniff - EXISTS
[DEBUG 16:10:13] Checking command: wrk - EXISTS
[DEBUG 16:10:13]   Path: /usr/bin/wrk

=== Running Baseline Tests ===
[DEBUG 16:10:13] Cleaning up processes...
[DEBUG 16:10:13] Found nginx PIDs: []
[DEBUG 16:10:13] Found sslsniff PIDs: []
[DEBUG 16:10:14] After cleanup: nginx PIDs: [], sslsniff PIDs: []
[DEBUG 16:10:14] Removing access log: /bpftime/benchmark/ssl-nginx/access.log
[DEBUG 16:10:14] Access log removed successfully
[DEBUG 16:10:14] Checking command: nginx - EXISTS
[DEBUG 16:10:14]   Path: /usr/sbin/nginx
[DEBUG 16:10:14] Current directory: /bpftime
[DEBUG 16:10:14] Checking if nginx.conf exists: True
[DEBUG 16:10:14] Starting nginx with command: nginx -c /bpftime/benchmark/ssl-nginx/nginx.conf -p /bpftime/benchmark/ssl-nginx
[DEBUG 16:10:16] nginx started successfully
[DEBUG 16:10:16] Error checking nginx: [Errno 2] No such file or directory: 'curl'
Run 1/10...
[DEBUG 16:10:16] Running wrk with command: wrk https://127.0.0.1:4043/index.html -c 100 -d 10
[DEBUG 16:10:26] wrk exit code: 0
[DEBUG 16:10:26] Parsing wrk output: Running 10s test @ https://127.0.0.1:4043/index.html
  2 threads and 100 connections
  Thread Stats ...
  Requests/sec: 16582.34
Run 2/10...
[DEBUG 16:10:26] Running wrk with command: wrk https://127.0.0.1:4043/index.html -c 100 -d 10
[DEBUG 16:10:36] wrk exit code: 0
[DEBUG 16:10:36] Parsing wrk output: Running 10s test @ https://127.0.0.1:4043/index.html
  2 threads and 100 connections
  Thread Stats ...
  Requests/sec: 16579.40
Run 3/10...
[DEBUG 16:10:36] Running wrk with command: wrk https://127.0.0.1:4043/index.html -c 100 -d 10
[DEBUG 16:10:46] wrk exit code: 0
[DEBUG 16:10:46] Parsing wrk output: Running 10s test @ https://127.0.0.1:4043/index.html
  2 threads and 100 connections
  Thread Stats ...
  Requests/sec: 16373.45
Run 4/10...
[DEBUG 16:10:46] Running wrk with command: wrk https://127.0.0.1:4043/index.html -c 100 -d 10
[DEBUG 16:10:56] wrk exit code: 0
[DEBUG 16:10:56] Parsing wrk output: Running 10s test @ https://127.0.0.1:4043/index.html
  2 threads and 100 connections
  Thread Stats ...
  Requests/sec: 16277.35
Run 5/10...
[DEBUG 16:10:56] Running wrk with command: wrk https://127.0.0.1:4043/index.html -c 100 -d 10
[DEBUG 16:11:06] wrk exit code: 0
[DEBUG 16:11:06] Parsing wrk output: Running 10s test @ https://127.0.0.1:4043/index.html
  2 threads and 100 connections
  Thread Stats ...
  Requests/sec: 16470.70
Run 6/10...
[DEBUG 16:11:06] Running wrk with command: wrk https://127.0.0.1:4043/index.html -c 100 -d 10
[DEBUG 16:11:16] wrk exit code: 0
[DEBUG 16:11:16] Parsing wrk output: Running 10s test @ https://127.0.0.1:4043/index.html
  2 threads and 100 connections
  Thread Stats ...
  Requests/sec: 16583.75
Run 7/10...
[DEBUG 16:11:16] Running wrk with command: wrk https://127.0.0.1:4043/index.html -c 100 -d 10
[DEBUG 16:11:26] wrk exit code: 0
[DEBUG 16:11:26] Parsing wrk output: Running 10s test @ https://127.0.0.1:4043/index.html
  2 threads and 100 connections
  Thread Stats ...
  Requests/sec: 16593.81
Run 8/10...
[DEBUG 16:11:26] Running wrk with command: wrk https://127.0.0.1:4043/index.html -c 100 -d 10
[DEBUG 16:11:37] wrk exit code: 0
[DEBUG 16:11:37] Parsing wrk output: Running 10s test @ https://127.0.0.1:4043/index.html
  2 threads and 100 connections
  Thread Stats ...
  Requests/sec: 16314.24
Run 9/10...
[DEBUG 16:11:37] Running wrk with command: wrk https://127.0.0.1:4043/index.html -c 100 -d 10
[DEBUG 16:11:47] wrk exit code: 0
[DEBUG 16:11:47] Parsing wrk output: Running 10s test @ https://127.0.0.1:4043/index.html
  2 threads and 100 connections
  Thread Stats ...
  Requests/sec: 16313.92
Run 10/10...
[DEBUG 16:11:47] Running wrk with command: wrk https://127.0.0.1:4043/index.html -c 100 -d 10
[DEBUG 16:11:57] wrk exit code: 0
[DEBUG 16:11:57] Parsing wrk output: Running 10s test @ https://127.0.0.1:4043/index.html
  2 threads and 100 connections
  Thread Stats ...
  Requests/sec: 16296.94
[DEBUG 16:11:57] Terminating nginx

=== Running Kernel sslsniff Tests ===
[DEBUG 16:11:57] Cleaning up processes...
[DEBUG 16:11:57] Found nginx PIDs: []
[DEBUG 16:11:57] Found sslsniff PIDs: []
[DEBUG 16:11:58] After cleanup: nginx PIDs: [], sslsniff PIDs: []
[DEBUG 16:11:58] Removing access log: /bpftime/benchmark/ssl-nginx/access.log
[DEBUG 16:11:58] Access log removed successfully
[DEBUG 16:11:58] Checking file: /bpftime/example/sslsniff/sslsniff - EXISTS
[DEBUG 16:11:58] Starting nginx with command: nginx -c /bpftime/benchmark/ssl-nginx/nginx.conf -p /bpftime/benchmark/ssl-nginx
Run 1/10...
[DEBUG 16:12:00] Starting kernel sslsniff: sudo example/sslsniff/sslsniff
[DEBUG 16:12:02] Running wrk with command: wrk https://127.0.0.1:4043/index.html -c 100 -d 10
[DEBUG 16:12:12] Parsing wrk output: Running 10s test @ https://127.0.0.1:4043/index.html
  2 threads and 100 connections
  Thread Stats ...
[DEBUG 16:12:12] Killing sslsniff
  Requests/sec: 11179.55
Run 2/10...
[DEBUG 16:12:13] Starting kernel sslsniff: sudo example/sslsniff/sslsniff
[DEBUG 16:12:15] Running wrk with command: wrk https://127.0.0.1:4043/index.html -c 100 -d 10
[DEBUG 16:12:25] Parsing wrk output: Running 10s test @ https://127.0.0.1:4043/index.html
  2 threads and 100 connections
  Thread Stats ...
[DEBUG 16:12:25] Killing sslsniff
  Requests/sec: 11280.77
Run 3/10...
[DEBUG 16:12:26] Starting kernel sslsniff: sudo example/sslsniff/sslsniff
[DEBUG 16:12:28] Running wrk with command: wrk https://127.0.0.1:4043/index.html -c 100 -d 10
[DEBUG 16:12:38] Parsing wrk output: Running 10s test @ https://127.0.0.1:4043/index.html
  2 threads and 100 connections
  Thread Stats ...
[DEBUG 16:12:38] Killing sslsniff
  Requests/sec: 10857.97
Run 4/10...
[DEBUG 16:12:39] Starting kernel sslsniff: sudo example/sslsniff/sslsniff
[DEBUG 16:12:41] Running wrk with command: wrk https://127.0.0.1:4043/index.html -c 100 -d 10
[DEBUG 16:12:51] Parsing wrk output: Running 10s test @ https://127.0.0.1:4043/index.html
  2 threads and 100 connections
  Thread Stats ...
[DEBUG 16:12:51] Killing sslsniff
  Requests/sec: 11444.15
Run 5/10...
[DEBUG 16:12:52] Starting kernel sslsniff: sudo example/sslsniff/sslsniff
[DEBUG 16:12:54] Running wrk with command: wrk https://127.0.0.1:4043/index.html -c 100 -d 10
[DEBUG 16:13:05] Parsing wrk output: Running 10s test @ https://127.0.0.1:4043/index.html
  2 threads and 100 connections
  Thread Stats ...
[DEBUG 16:13:05] Killing sslsniff
  Requests/sec: 10921.63
Run 6/10...
[DEBUG 16:13:06] Starting kernel sslsniff: sudo example/sslsniff/sslsniff
[DEBUG 16:13:08] Running wrk with command: wrk https://127.0.0.1:4043/index.html -c 100 -d 10
[DEBUG 16:13:18] Parsing wrk output: Running 10s test @ https://127.0.0.1:4043/index.html
  2 threads and 100 connections
  Thread Stats ...
[DEBUG 16:13:18] Killing sslsniff
  Requests/sec: 11163.83
Run 7/10...
[DEBUG 16:13:19] Starting kernel sslsniff: sudo example/sslsniff/sslsniff
[DEBUG 16:13:21] Running wrk with command: wrk https://127.0.0.1:4043/index.html -c 100 -d 10
[DEBUG 16:13:31] Parsing wrk output: Running 10s test @ https://127.0.0.1:4043/index.html
  2 threads and 100 connections
  Thread Stats ...
[DEBUG 16:13:31] Killing sslsniff
  Requests/sec: 11346.14
Run 8/10...
[DEBUG 16:13:32] Starting kernel sslsniff: sudo example/sslsniff/sslsniff
[DEBUG 16:13:34] Running wrk with command: wrk https://127.0.0.1:4043/index.html -c 100 -d 10
[DEBUG 16:13:44] Parsing wrk output: Running 10s test @ https://127.0.0.1:4043/index.html
  2 threads and 100 connections
  Thread Stats ...
[DEBUG 16:13:44] Killing sslsniff
  Requests/sec: 11346.74
Run 9/10...
[DEBUG 16:13:45] Starting kernel sslsniff: sudo example/sslsniff/sslsniff
[DEBUG 16:13:47] Running wrk with command: wrk https://127.0.0.1:4043/index.html -c 100 -d 10
[DEBUG 16:13:57] Parsing wrk output: Running 10s test @ https://127.0.0.1:4043/index.html
  2 threads and 100 connections
  Thread Stats ...
[DEBUG 16:13:57] Killing sslsniff
  Requests/sec: 10975.78
Run 10/10...
[DEBUG 16:13:58] Starting kernel sslsniff: sudo example/sslsniff/sslsniff
[DEBUG 16:14:00] Running wrk with command: wrk https://127.0.0.1:4043/index.html -c 100 -d 10
[DEBUG 16:14:10] Parsing wrk output: Running 10s test @ https://127.0.0.1:4043/index.html
  2 threads and 100 connections
  Thread Stats ...
[DEBUG 16:14:10] Killing sslsniff
  Requests/sec: 11182.41
[DEBUG 16:14:11] Terminating nginx

=== Running bpftime sslsniff Tests ===
[DEBUG 16:14:11] Cleaning up processes...
[DEBUG 16:14:11] Found nginx PIDs: []
[DEBUG 16:14:11] Found sslsniff PIDs: []
[DEBUG 16:14:12] After cleanup: nginx PIDs: [], sslsniff PIDs: []
[DEBUG 16:14:12] Removing access log: /bpftime/benchmark/ssl-nginx/access.log
[DEBUG 16:14:12] Access log removed successfully
[DEBUG 16:14:12] Checking file: /bpftime/example/sslsniff/sslsniff - EXISTS
[DEBUG 16:14:12] Checking file: /bpftime/build/runtime/agent/libbpftime-agent.so - EXISTS
[DEBUG 16:14:12] Checking file: /bpftime/build/runtime/syscall-server/libbpftime-syscall-server.so - EXISTS
Run 1/10...
[DEBUG 16:14:12] Starting sslsniff with bpftime: LD_PRELOAD=build/runtime/syscall-server/libbpftime-syscall-server.so example/sslsniff/sslsniff
[DEBUG 16:14:14] Starting nginx with bpftime: LD_PRELOAD=build/runtime/agent/libbpftime-agent.so nginx -c /bpftime/benchmark/ssl-nginx/nginx.conf -p /bpftime/benchmark/ssl-nginx
[DEBUG 16:14:16] Running wrk with command: wrk https://127.0.0.1:4043/index.html -c 100 -d 10
[DEBUG 16:14:26] Parsing wrk output: Running 10s test @ https://127.0.0.1:4043/index.html
  2 threads and 100 connections
  Thread Stats ...
  Requests/sec: 10379.19
[DEBUG 16:14:26] Terminating processes
[DEBUG 16:14:26] Cleaning up processes...
[DEBUG 16:14:27] Found nginx PIDs: []
[DEBUG 16:14:27] Found sslsniff PIDs: []
[DEBUG 16:14:28] After cleanup: nginx PIDs: [], sslsniff PIDs: []
Run 2/10...
[DEBUG 16:14:28] Starting sslsniff with bpftime: LD_PRELOAD=build/runtime/syscall-server/libbpftime-syscall-server.so example/sslsniff/sslsniff
[DEBUG 16:14:30] Starting nginx with bpftime: LD_PRELOAD=build/runtime/agent/libbpftime-agent.so nginx -c /bpftime/benchmark/ssl-nginx/nginx.conf -p /bpftime/benchmark/ssl-nginx
[DEBUG 16:14:32] Running wrk with command: wrk https://127.0.0.1:4043/index.html -c 100 -d 10
[DEBUG 16:14:42] Parsing wrk output: Running 10s test @ https://127.0.0.1:4043/index.html
  2 threads and 100 connections
  Thread Stats ...
  Requests/sec: 10015.60
[DEBUG 16:14:42] Terminating processes
[DEBUG 16:14:42] Cleaning up processes...
[DEBUG 16:14:42] Found nginx PIDs: []
[DEBUG 16:14:42] Found sslsniff PIDs: []
[DEBUG 16:14:43] After cleanup: nginx PIDs: [], sslsniff PIDs: []
Run 3/10...
[DEBUG 16:14:43] Starting sslsniff with bpftime: LD_PRELOAD=build/runtime/syscall-server/libbpftime-syscall-server.so example/sslsniff/sslsniff
[DEBUG 16:14:45] Starting nginx with bpftime: LD_PRELOAD=build/runtime/agent/libbpftime-agent.so nginx -c /bpftime/benchmark/ssl-nginx/nginx.conf -p /bpftime/benchmark/ssl-nginx
[DEBUG 16:14:47] Running wrk with command: wrk https://127.0.0.1:4043/index.html -c 100 -d 10
[DEBUG 16:14:57] Parsing wrk output: Running 10s test @ https://127.0.0.1:4043/index.html
  2 threads and 100 connections
  Thread Stats ...
  Requests/sec: 10554.38
[DEBUG 16:14:57] Terminating processes
[DEBUG 16:14:57] Cleaning up processes...
[DEBUG 16:14:57] Found nginx PIDs: []
[DEBUG 16:14:57] Found sslsniff PIDs: []
[DEBUG 16:14:58] After cleanup: nginx PIDs: [], sslsniff PIDs: []
Run 4/10...
[DEBUG 16:14:58] Starting sslsniff with bpftime: LD_PRELOAD=build/runtime/syscall-server/libbpftime-syscall-server.so example/sslsniff/sslsniff
[DEBUG 16:15:00] Starting nginx with bpftime: LD_PRELOAD=build/runtime/agent/libbpftime-agent.so nginx -c /bpftime/benchmark/ssl-nginx/nginx.conf -p /bpftime/benchmark/ssl-nginx
[DEBUG 16:15:02] Running wrk with command: wrk https://127.0.0.1:4043/index.html -c 100 -d 10
[DEBUG 16:15:12] Parsing wrk output: Running 10s test @ https://127.0.0.1:4043/index.html
  2 threads and 100 connections
  Thread Stats ...
  Requests/sec: 10489.49
[DEBUG 16:15:12] Terminating processes
[DEBUG 16:15:12] Cleaning up processes...
[DEBUG 16:15:12] Found nginx PIDs: []
[DEBUG 16:15:12] Found sslsniff PIDs: []
[DEBUG 16:15:13] After cleanup: nginx PIDs: [], sslsniff PIDs: []
Run 5/10...
[DEBUG 16:15:13] Starting sslsniff with bpftime: LD_PRELOAD=build/runtime/syscall-server/libbpftime-syscall-server.so example/sslsniff/sslsniff
[DEBUG 16:15:15] Starting nginx with bpftime: LD_PRELOAD=build/runtime/agent/libbpftime-agent.so nginx -c /bpftime/benchmark/ssl-nginx/nginx.conf -p /bpftime/benchmark/ssl-nginx
[DEBUG 16:15:17] Running wrk with command: wrk https://127.0.0.1:4043/index.html -c 100 -d 10
[DEBUG 16:15:27] Parsing wrk output: Running 10s test @ https://127.0.0.1:4043/index.html
  2 threads and 100 connections
  Thread Stats ...
  Requests/sec: 10485.46
[DEBUG 16:15:27] Terminating processes
[DEBUG 16:15:27] Cleaning up processes...
[DEBUG 16:15:27] Found nginx PIDs: []
[DEBUG 16:15:27] Found sslsniff PIDs: []
[DEBUG 16:15:28] After cleanup: nginx PIDs: [], sslsniff PIDs: []
Run 6/10...
[DEBUG 16:15:28] Starting sslsniff with bpftime: LD_PRELOAD=build/runtime/syscall-server/libbpftime-syscall-server.so example/sslsniff/sslsniff
[DEBUG 16:15:30] Starting nginx with bpftime: LD_PRELOAD=build/runtime/agent/libbpftime-agent.so nginx -c /bpftime/benchmark/ssl-nginx/nginx.conf -p /bpftime/benchmark/ssl-nginx
[DEBUG 16:15:32] Running wrk with command: wrk https://127.0.0.1:4043/index.html -c 100 -d 10
[DEBUG 16:15:43] Parsing wrk output: Running 10s test @ https://127.0.0.1:4043/index.html
  2 threads and 100 connections
  Thread Stats ...
  Requests/sec: 10461.26
[DEBUG 16:15:43] Terminating processes
[DEBUG 16:15:43] Cleaning up processes...
[DEBUG 16:15:43] Found nginx PIDs: []
[DEBUG 16:15:43] Found sslsniff PIDs: []
[DEBUG 16:15:44] After cleanup: nginx PIDs: [], sslsniff PIDs: []
Run 7/10...
[DEBUG 16:15:44] Starting sslsniff with bpftime: LD_PRELOAD=build/runtime/syscall-server/libbpftime-syscall-server.so example/sslsniff/sslsniff
[DEBUG 16:15:46] Starting nginx with bpftime: LD_PRELOAD=build/runtime/agent/libbpftime-agent.so nginx -c /bpftime/benchmark/ssl-nginx/nginx.conf -p /bpftime/benchmark/ssl-nginx
[DEBUG 16:15:48] Running wrk with command: wrk https://127.0.0.1:4043/index.html -c 100 -d 10
[DEBUG 16:15:58] Parsing wrk output: Running 10s test @ https://127.0.0.1:4043/index.html
  2 threads and 100 connections
  Thread Stats ...
  Requests/sec: 9500.63
[DEBUG 16:15:58] Terminating processes
[DEBUG 16:15:58] Cleaning up processes...
[DEBUG 16:15:58] Found nginx PIDs: []
[DEBUG 16:15:58] Found sslsniff PIDs: []
[DEBUG 16:15:59] After cleanup: nginx PIDs: [], sslsniff PIDs: []
Run 8/10...
[DEBUG 16:15:59] Starting sslsniff with bpftime: LD_PRELOAD=build/runtime/syscall-server/libbpftime-syscall-server.so example/sslsniff/sslsniff
[DEBUG 16:16:01] Starting nginx with bpftime: LD_PRELOAD=build/runtime/agent/libbpftime-agent.so nginx -c /bpftime/benchmark/ssl-nginx/nginx.conf -p /bpftime/benchmark/ssl-nginx
[DEBUG 16:16:03] Running wrk with command: wrk https://127.0.0.1:4043/index.html -c 100 -d 10
[DEBUG 16:16:13] Parsing wrk output: Running 10s test @ https://127.0.0.1:4043/index.html
  2 threads and 100 connections
  Thread Stats ...
  Requests/sec: 10059.01
[DEBUG 16:16:13] Terminating processes
[DEBUG 16:16:13] Cleaning up processes...
[DEBUG 16:16:13] Found nginx PIDs: []
[DEBUG 16:16:13] Found sslsniff PIDs: []
[DEBUG 16:16:14] After cleanup: nginx PIDs: [], sslsniff PIDs: []
Run 9/10...
[DEBUG 16:16:14] Starting sslsniff with bpftime: LD_PRELOAD=build/runtime/syscall-server/libbpftime-syscall-server.so example/sslsniff/sslsniff
[DEBUG 16:16:16] Starting nginx with bpftime: LD_PRELOAD=build/runtime/agent/libbpftime-agent.so nginx -c /bpftime/benchmark/ssl-nginx/nginx.conf -p /bpftime/benchmark/ssl-nginx
[DEBUG 16:16:18] Running wrk with command: wrk https://127.0.0.1:4043/index.html -c 100 -d 10
[DEBUG 16:16:28] Parsing wrk output: Running 10s test @ https://127.0.0.1:4043/index.html
  2 threads and 100 connections
  Thread Stats ...
  Requests/sec: 10396.36
[DEBUG 16:16:28] Terminating processes
[DEBUG 16:16:28] Cleaning up processes...
[DEBUG 16:16:28] Found nginx PIDs: []
[DEBUG 16:16:28] Found sslsniff PIDs: []
[DEBUG 16:16:29] After cleanup: nginx PIDs: [], sslsniff PIDs: []
Run 10/10...
[DEBUG 16:16:29] Starting sslsniff with bpftime: LD_PRELOAD=build/runtime/syscall-server/libbpftime-syscall-server.so example/sslsniff/sslsniff
[DEBUG 16:16:31] Starting nginx with bpftime: LD_PRELOAD=build/runtime/agent/libbpftime-agent.so nginx -c /bpftime/benchmark/ssl-nginx/nginx.conf -p /bpftime/benchmark/ssl-nginx
[DEBUG 16:16:33] Running wrk with command: wrk https://127.0.0.1:4043/index.html -c 100 -d 10
[DEBUG 16:16:43] Parsing wrk output: Running 10s test @ https://127.0.0.1:4043/index.html
  2 threads and 100 connections
  Thread Stats ...
  Requests/sec: 10456.73
[DEBUG 16:16:43] Terminating processes
[DEBUG 16:16:43] Cleaning up processes...
[DEBUG 16:16:44] Found nginx PIDs: []
[DEBUG 16:16:44] Found sslsniff PIDs: []
[DEBUG 16:16:45] After cleanup: nginx PIDs: [], sslsniff PIDs: []

=== Benchmark Results ===
Each configuration run 10 times

Baseline:
  Requests/sec (mean):   16438.59
  Requests/sec (median): 16422.08
  Standard deviation:    136.63
  Min:                   16277.35
  Max:                   16593.81
  All runs:              [16582.34, 16579.4, 16373.45, 16277.35, 16470.7, 16583.75, 16593.81, 16314.24, 16313.92, 16296.94]

Kernel Sslsniff:
  Requests/sec (mean):   11169.90
  Requests/sec (median): 11180.98
  Standard deviation:    196.28
  Min:                   10857.97
  Max:                   11444.15
  All runs:              [11179.55, 11280.77, 10857.97, 11444.15, 10921.63, 11163.83, 11346.14, 11346.74, 10975.78, 11182.41]

Bpftime Sslsniff:
  Requests/sec (mean):   10279.81
  Requests/sec (median): 10426.55
  Standard deviation:    329.14
  Min:                   9500.63
  Max:                   10554.38
  All runs:              [10379.19, 10015.6, 10554.38, 10489.49, 10485.46, 10461.26, 9500.63, 10059.01, 10396.36, 10456.73]

Kernel sslsniff performance impact: 32.05% decrease
bpftime sslsniff performance impact: 37.47% decrease
bpftime improvement over kernel: -7.97%

Results saved to benchmark/ssl-nginx/benchmark_results_20260726_161645.json
[DEBUG 16:16:45] Cleaning up before exit
[DEBUG 16:16:45] Cleaning up processes...
[DEBUG 16:16:45] Found nginx PIDs: []
[DEBUG 16:16:45] Found sslsniff PIDs: []
[DEBUG 16:16:46] After cleanup: nginx PIDs: [], sslsniff PIDs: []
