index.html bytes: 16
[DEBUG 20:27:33] Starting benchmark script
[DEBUG 20:27:33] Current working directory: /bpftime
[DEBUG 20:27:33] Checking command: nginx - EXISTS
[DEBUG 20:27:33]   Path: /usr/sbin/nginx
[DEBUG 20:27:33] Checking file: /bpftime/build/runtime/agent/libbpftime-agent.so - EXISTS
[DEBUG 20:27:33] Checking file: /bpftime/build/runtime/syscall-server/libbpftime-syscall-server.so - EXISTS
[DEBUG 20:27:33] Checking file: /bpftime/example/sslsniff/sslsniff - EXISTS
[DEBUG 20:27:33] Checking command: wrk - EXISTS
[DEBUG 20:27:33]   Path: /usr/bin/wrk

=== Running Baseline Tests ===
[DEBUG 20:27:33] Cleaning up processes...
[DEBUG 20:27:33] Found nginx PIDs: []
[DEBUG 20:27:33] Found sslsniff PIDs: []
[DEBUG 20:27:34] After cleanup: nginx PIDs: [], sslsniff PIDs: []
[DEBUG 20:27:34] Removing access log: /bpftime/benchmark/ssl-nginx/access.log
[DEBUG 20:27:34] Access log removed successfully
[DEBUG 20:27:34] Checking command: nginx - EXISTS
[DEBUG 20:27:34]   Path: /usr/sbin/nginx
[DEBUG 20:27:34] Current directory: /bpftime
[DEBUG 20:27:34] Checking if nginx.conf exists: True
[DEBUG 20:27:34] Starting nginx with command: nginx -c /bpftime/benchmark/ssl-nginx/nginx.conf -p /bpftime/benchmark/ssl-nginx
[DEBUG 20:27:36] nginx started successfully
[DEBUG 20:27:36] Error checking nginx: [Errno 2] No such file or directory: 'curl'
Run 1/10...
[DEBUG 20:27:36] Running wrk with command: wrk https://127.0.0.1:4043/index.html -c 100 -d 10
[DEBUG 20:27:46] wrk exit code: 0
[DEBUG 20:27:46] Parsing wrk output: Running 10s test @ https://127.0.0.1:4043/index.html
  2 threads and 100 connections
  Thread Stats ...
  Requests/sec: 16354.83
Run 2/10...
[DEBUG 20:27:46] Running wrk with command: wrk https://127.0.0.1:4043/index.html -c 100 -d 10
[DEBUG 20:27:56] wrk exit code: 0
[DEBUG 20:27:56] Parsing wrk output: Running 10s test @ https://127.0.0.1:4043/index.html
  2 threads and 100 connections
  Thread Stats ...
  Requests/sec: 16449.43
Run 3/10...
[DEBUG 20:27:56] Running wrk with command: wrk https://127.0.0.1:4043/index.html -c 100 -d 10
[DEBUG 20:28:06] wrk exit code: 0
[DEBUG 20:28:06] Parsing wrk output: Running 10s test @ https://127.0.0.1:4043/index.html
  2 threads and 100 connections
  Thread Stats ...
  Requests/sec: 16537.42
Run 4/10...
[DEBUG 20:28:06] Running wrk with command: wrk https://127.0.0.1:4043/index.html -c 100 -d 10
[DEBUG 20:28:16] wrk exit code: 0
[DEBUG 20:28:16] Parsing wrk output: Running 10s test @ https://127.0.0.1:4043/index.html
  2 threads and 100 connections
  Thread Stats ...
  Requests/sec: 16231.10
Run 5/10...
[DEBUG 20:28:16] Running wrk with command: wrk https://127.0.0.1:4043/index.html -c 100 -d 10
[DEBUG 20:28:26] wrk exit code: 0
[DEBUG 20:28:26] Parsing wrk output: Running 10s test @ https://127.0.0.1:4043/index.html
  2 threads and 100 connections
  Thread Stats ...
  Requests/sec: 16072.27
Run 6/10...
[DEBUG 20:28:26] Running wrk with command: wrk https://127.0.0.1:4043/index.html -c 100 -d 10
[DEBUG 20:28:36] wrk exit code: 0
[DEBUG 20:28:36] Parsing wrk output: Running 10s test @ https://127.0.0.1:4043/index.html
  2 threads and 100 connections
  Thread Stats ...
  Requests/sec: 15943.67
Run 7/10...
[DEBUG 20:28:36] Running wrk with command: wrk https://127.0.0.1:4043/index.html -c 100 -d 10
[DEBUG 20:28:46] wrk exit code: 0
[DEBUG 20:28:46] Parsing wrk output: Running 10s test @ https://127.0.0.1:4043/index.html
  2 threads and 100 connections
  Thread Stats ...
  Requests/sec: 16054.58
Run 8/10...
[DEBUG 20:28:46] Running wrk with command: wrk https://127.0.0.1:4043/index.html -c 100 -d 10
[DEBUG 20:28:56] wrk exit code: 0
[DEBUG 20:28:56] Parsing wrk output: Running 10s test @ https://127.0.0.1:4043/index.html
  2 threads and 100 connections
  Thread Stats ...
  Requests/sec: 16065.12
Run 9/10...
[DEBUG 20:28:56] Running wrk with command: wrk https://127.0.0.1:4043/index.html -c 100 -d 10
[DEBUG 20:29:06] wrk exit code: 0
[DEBUG 20:29:06] Parsing wrk output: Running 10s test @ https://127.0.0.1:4043/index.html
  2 threads and 100 connections
  Thread Stats ...
  Requests/sec: 15924.25
Run 10/10...
[DEBUG 20:29:06] Running wrk with command: wrk https://127.0.0.1:4043/index.html -c 100 -d 10
[DEBUG 20:29:17] wrk exit code: 0
[DEBUG 20:29:17] Parsing wrk output: Running 10s test @ https://127.0.0.1:4043/index.html
  2 threads and 100 connections
  Thread Stats ...
  Requests/sec: 16128.83
[DEBUG 20:29:17] Terminating nginx

=== Running Kernel sslsniff Tests ===
[DEBUG 20:29:17] Cleaning up processes...
[DEBUG 20:29:17] Found nginx PIDs: []
[DEBUG 20:29:17] Found sslsniff PIDs: []
[DEBUG 20:29:18] After cleanup: nginx PIDs: [], sslsniff PIDs: []
[DEBUG 20:29:18] Removing access log: /bpftime/benchmark/ssl-nginx/access.log
[DEBUG 20:29:18] Access log removed successfully
[DEBUG 20:29:18] Checking file: /bpftime/example/sslsniff/sslsniff - EXISTS
[DEBUG 20:29:18] Starting nginx with command: nginx -c /bpftime/benchmark/ssl-nginx/nginx.conf -p /bpftime/benchmark/ssl-nginx
Run 1/10...
[DEBUG 20:29:20] Starting kernel sslsniff: sudo example/sslsniff/sslsniff
[DEBUG 20:29:22] Running wrk with command: wrk https://127.0.0.1:4043/index.html -c 100 -d 10
[DEBUG 20:29:32] Parsing wrk output: Running 10s test @ https://127.0.0.1:4043/index.html
  2 threads and 100 connections
  Thread Stats ...
[DEBUG 20:29:32] Killing sslsniff
  Requests/sec: 11175.69
Run 2/10...
[DEBUG 20:29:33] Starting kernel sslsniff: sudo example/sslsniff/sslsniff
[DEBUG 20:29:35] Running wrk with command: wrk https://127.0.0.1:4043/index.html -c 100 -d 10
[DEBUG 20:29:45] Parsing wrk output: Running 10s test @ https://127.0.0.1:4043/index.html
  2 threads and 100 connections
  Thread Stats ...
[DEBUG 20:29:45] Killing sslsniff
  Requests/sec: 10854.24
Run 3/10...
[DEBUG 20:29:46] Starting kernel sslsniff: sudo example/sslsniff/sslsniff
[DEBUG 20:29:48] Running wrk with command: wrk https://127.0.0.1:4043/index.html -c 100 -d 10
[DEBUG 20:29:58] Parsing wrk output: Running 10s test @ https://127.0.0.1:4043/index.html
  2 threads and 100 connections
  Thread Stats ...
[DEBUG 20:29:58] Killing sslsniff
  Requests/sec: 10935.20
Run 4/10...
[DEBUG 20:29:59] Starting kernel sslsniff: sudo example/sslsniff/sslsniff
[DEBUG 20:30:01] Running wrk with command: wrk https://127.0.0.1:4043/index.html -c 100 -d 10
[DEBUG 20:30:11] Parsing wrk output: Running 10s test @ https://127.0.0.1:4043/index.html
  2 threads and 100 connections
  Thread Stats ...
[DEBUG 20:30:11] Killing sslsniff
  Requests/sec: 11005.83
Run 5/10...
[DEBUG 20:30:12] Starting kernel sslsniff: sudo example/sslsniff/sslsniff
[DEBUG 20:30:14] Running wrk with command: wrk https://127.0.0.1:4043/index.html -c 100 -d 10
[DEBUG 20:30:24] Parsing wrk output: Running 10s test @ https://127.0.0.1:4043/index.html
  2 threads and 100 connections
  Thread Stats ...
[DEBUG 20:30:24] Killing sslsniff
  Requests/sec: 10906.34
Run 6/10...
[DEBUG 20:30:25] Starting kernel sslsniff: sudo example/sslsniff/sslsniff
[DEBUG 20:30:27] Running wrk with command: wrk https://127.0.0.1:4043/index.html -c 100 -d 10
[DEBUG 20:30:37] Parsing wrk output: Running 10s test @ https://127.0.0.1:4043/index.html
  2 threads and 100 connections
  Thread Stats ...
[DEBUG 20:30:37] Killing sslsniff
  Requests/sec: 10798.34
Run 7/10...
[DEBUG 20:30:38] Starting kernel sslsniff: sudo example/sslsniff/sslsniff
[DEBUG 20:30:40] Running wrk with command: wrk https://127.0.0.1:4043/index.html -c 100 -d 10
[DEBUG 20:30:50] Parsing wrk output: Running 10s test @ https://127.0.0.1:4043/index.html
  2 threads and 100 connections
  Thread Stats ...
[DEBUG 20:30:50] Killing sslsniff
  Requests/sec: 10870.35
Run 8/10...
[DEBUG 20:30:52] Starting kernel sslsniff: sudo example/sslsniff/sslsniff
[DEBUG 20:30:54] Running wrk with command: wrk https://127.0.0.1:4043/index.html -c 100 -d 10
[DEBUG 20:31:04] Parsing wrk output: Running 10s test @ https://127.0.0.1:4043/index.html
  2 threads and 100 connections
  Thread Stats ...
[DEBUG 20:31:04] Killing sslsniff
  Requests/sec: 10953.85
Run 9/10...
[DEBUG 20:31:05] Starting kernel sslsniff: sudo example/sslsniff/sslsniff
[DEBUG 20:31:07] Running wrk with command: wrk https://127.0.0.1:4043/index.html -c 100 -d 10
[DEBUG 20:31:17] Parsing wrk output: Running 10s test @ https://127.0.0.1:4043/index.html
  2 threads and 100 connections
  Thread Stats ...
[DEBUG 20:31:17] Killing sslsniff
  Requests/sec: 11060.92
Run 10/10...
[DEBUG 20:31:18] Starting kernel sslsniff: sudo example/sslsniff/sslsniff
[DEBUG 20:31:20] Running wrk with command: wrk https://127.0.0.1:4043/index.html -c 100 -d 10
[DEBUG 20:31:30] Parsing wrk output: Running 10s test @ https://127.0.0.1:4043/index.html
  2 threads and 100 connections
  Thread Stats ...
[DEBUG 20:31:30] Killing sslsniff
  Requests/sec: 11003.97
[DEBUG 20:31:31] Terminating nginx

=== Running bpftime sslsniff Tests ===
[DEBUG 20:31:31] Cleaning up processes...
[DEBUG 20:31:31] Found nginx PIDs: []
[DEBUG 20:31:31] Found sslsniff PIDs: []
[DEBUG 20:31:32] After cleanup: nginx PIDs: [], sslsniff PIDs: []
[DEBUG 20:31:32] Removing access log: /bpftime/benchmark/ssl-nginx/access.log
[DEBUG 20:31:32] Access log removed successfully
[DEBUG 20:31:32] Checking file: /bpftime/example/sslsniff/sslsniff - EXISTS
[DEBUG 20:31:32] Checking file: /bpftime/build/runtime/agent/libbpftime-agent.so - EXISTS
[DEBUG 20:31:32] Checking file: /bpftime/build/runtime/syscall-server/libbpftime-syscall-server.so - EXISTS
Run 1/10...
[DEBUG 20:31:32] Starting sslsniff with bpftime: LD_PRELOAD=build/runtime/syscall-server/libbpftime-syscall-server.so example/sslsniff/sslsniff
[DEBUG 20:31:34] Starting nginx with bpftime: LD_PRELOAD=build/runtime/agent/libbpftime-agent.so nginx -c /bpftime/benchmark/ssl-nginx/nginx.conf -p /bpftime/benchmark/ssl-nginx
[DEBUG 20:31:36] Running wrk with command: wrk https://127.0.0.1:4043/index.html -c 100 -d 10
[DEBUG 20:31:46] Parsing wrk output: Running 10s test @ https://127.0.0.1:4043/index.html
  2 threads and 100 connections
  Thread Stats ...
  Requests/sec: 3177.98
[DEBUG 20:31:46] Terminating processes
[DEBUG 20:31:46] Cleaning up processes...
[DEBUG 20:31:46] Found nginx PIDs: ['3204249', '3204262']
[DEBUG 20:31:46] Found sslsniff PIDs: []
[DEBUG 20:31:46] Terminating nginx process with PID 3204249
[DEBUG 20:31:46] Terminating nginx process with PID 3204262
[DEBUG 20:31:47] After cleanup: nginx PIDs: ['3204249'], sslsniff PIDs: []
[DEBUG 20:31:47] Force killing nginx process with PID 3204249
Run 2/10...
[DEBUG 20:31:47] Starting sslsniff with bpftime: LD_PRELOAD=build/runtime/syscall-server/libbpftime-syscall-server.so example/sslsniff/sslsniff
[DEBUG 20:31:49] Starting nginx with bpftime: LD_PRELOAD=build/runtime/agent/libbpftime-agent.so nginx -c /bpftime/benchmark/ssl-nginx/nginx.conf -p /bpftime/benchmark/ssl-nginx
[DEBUG 20:31:51] Running wrk with command: wrk https://127.0.0.1:4043/index.html -c 100 -d 10
[DEBUG 20:32:01] Parsing wrk output: Running 10s test @ https://127.0.0.1:4043/index.html
  2 threads and 100 connections
  Thread Stats ...
  Requests/sec: 588.13
[DEBUG 20:32:01] Terminating processes
[DEBUG 20:32:01] Cleaning up processes...
[DEBUG 20:32:01] Found nginx PIDs: ['3215675', '3215682']
[DEBUG 20:32:01] Found sslsniff PIDs: ['3217471']
[DEBUG 20:32:01] Terminating nginx process with PID 3215675
[DEBUG 20:32:01] Terminating nginx process with PID 3215682
[DEBUG 20:32:01] Terminating sslsniff process with PID 3217471
[DEBUG 20:32:02] After cleanup: nginx PIDs: ['3215675'], sslsniff PIDs: []
[DEBUG 20:32:02] Force killing nginx process with PID 3215675
Run 3/10...
[DEBUG 20:32:02] Starting sslsniff with bpftime: LD_PRELOAD=build/runtime/syscall-server/libbpftime-syscall-server.so example/sslsniff/sslsniff
[DEBUG 20:32:04] Starting nginx with bpftime: LD_PRELOAD=build/runtime/agent/libbpftime-agent.so nginx -c /bpftime/benchmark/ssl-nginx/nginx.conf -p /bpftime/benchmark/ssl-nginx
[DEBUG 20:32:06] Running wrk with command: wrk https://127.0.0.1:4043/index.html -c 100 -d 10
[DEBUG 20:32:17] Parsing wrk output: Running 10s test @ https://127.0.0.1:4043/index.html
  2 threads and 100 connections
  Thread Stats ...
  Requests/sec: 2012.62
[DEBUG 20:32:17] Terminating processes
[DEBUG 20:32:17] Cleaning up processes...
[DEBUG 20:32:17] Found nginx PIDs: ['3231058', '3231137']
[DEBUG 20:32:17] Found sslsniff PIDs: ['3229248']
[DEBUG 20:32:17] Terminating nginx process with PID 3231058
[DEBUG 20:32:17] Terminating nginx process with PID 3231137
[DEBUG 20:32:17] Terminating sslsniff process with PID 3229248
[DEBUG 20:32:18] After cleanup: nginx PIDs: ['3231058'], sslsniff PIDs: ['3229248']
[DEBUG 20:32:18] Force killing nginx process with PID 3231058
[DEBUG 20:32:18] Force killing sslsniff process with PID 3229248
Run 4/10...
[DEBUG 20:32:18] Starting sslsniff with bpftime: LD_PRELOAD=build/runtime/syscall-server/libbpftime-syscall-server.so example/sslsniff/sslsniff
[DEBUG 20:32:20] Starting nginx with bpftime: LD_PRELOAD=build/runtime/agent/libbpftime-agent.so nginx -c /bpftime/benchmark/ssl-nginx/nginx.conf -p /bpftime/benchmark/ssl-nginx
[DEBUG 20:32:22] Running wrk with command: wrk https://127.0.0.1:4043/index.html -c 100 -d 10
[DEBUG 20:32:32] Parsing wrk output: Running 10s test @ https://127.0.0.1:4043/index.html
  2 threads and 100 connections
  Thread Stats ...
  Requests/sec: 1625.71
[DEBUG 20:32:32] Terminating processes
[DEBUG 20:32:32] Cleaning up processes...
[DEBUG 20:32:32] Found nginx PIDs: []
[DEBUG 20:32:32] Found sslsniff PIDs: []
