=== 16B short-test batch start Mon Jul 27 12:56:32 AM JST 2026 ===
--- [00:56:32] original
bash: line 8: /home/jetson/src/bpftime-offical-no-btf/v4-ablation/short-test.sh: Permission denied
FAILED-CONTINUE: original
--- [00:56:32] no-affinity
bash: line 8: /home/jetson/src/bpftime-offical-no-btf/v4-ablation/short-test.sh: Permission denied
FAILED-CONTINUE: no-affinity
--- [00:56:32] no-mapops
bash: line 8: /home/jetson/src/bpftime-offical-no-btf/v4-ablation/short-test.sh: Permission denied
FAILED-CONTINUE: no-mapops
--- [00:56:32] no-ringwrite
bash: line 8: /home/jetson/src/bpftime-offical-no-btf/v4-ablation/short-test.sh: Permission denied
FAILED-CONTINUE: no-ringwrite
--- [00:56:32] noop-helper
bash: line 8: /home/jetson/src/bpftime-offical-no-btf/v4-ablation/short-test.sh: Permission denied
FAILED-CONTINUE: noop-helper
--- [00:56:32] no-affinity
bash: line 8: /home/jetson/src/bpftime-offical-no-btf/v4-ablation/short-test.sh: Permission denied
FAILED-CONTINUE: no-affinity
--- [00:56:32] original
bash: line 8: /home/jetson/src/bpftime-offical-no-btf/v4-ablation/short-test.sh: Permission denied
FAILED-CONTINUE: original
=== BATCH-DONE Mon Jul 27 12:56:32 AM JST 2026 ===
