index.html bytes: 262144
[DEBUG 16:51:35] Starting benchmark script
[DEBUG 16:51:35] Current working directory: /bpftime
[DEBUG 16:51:35] Checking command: nginx - EXISTS
[DEBUG 16:51:35]   Path: /usr/sbin/nginx
[DEBUG 16:51:35] Checking file: /bpftime/build/runtime/agent/libbpftime-agent.so - EXISTS
[DEBUG 16:51:35] Checking file: /bpftime/build/runtime/syscall-server/libbpftime-syscall-server.so - EXISTS
[DEBUG 16:51:35] Checking file: /bpftime/example/sslsniff/sslsniff - EXISTS
[DEBUG 16:51:35] Checking command: wrk - EXISTS
[DEBUG 16:51:35]   Path: /usr/bin/wrk

=== Running Baseline Tests ===
[DEBUG 16:51:35] Cleaning up processes...
[DEBUG 16:51:36] Found nginx PIDs: []
[DEBUG 16:51:36] Found sslsniff PIDs: []
[DEBUG 16:51:37] After cleanup: nginx PIDs: [], sslsniff PIDs: []
[DEBUG 16:51:37] Removing access log: /bpftime/benchmark/ssl-nginx/access.log
[DEBUG 16:51:37] Access log removed successfully
[DEBUG 16:51:37] Checking command: nginx - EXISTS
[DEBUG 16:51:37]   Path: /usr/sbin/nginx
[DEBUG 16:51:37] Current directory: /bpftime
[DEBUG 16:51:37] Checking if nginx.conf exists: True
[DEBUG 16:51:37] Starting nginx with command: nginx -c /bpftime/benchmark/ssl-nginx/nginx.conf -p /bpftime/benchmark/ssl-nginx
[DEBUG 16:51:39] nginx started successfully
[DEBUG 16:51:39] Error checking nginx: [Errno 2] No such file or directory: 'curl'
Run 1/10...
[DEBUG 16:51:39] Running wrk with command: wrk https://127.0.0.1:4043/index.html -c 100 -d 10
[DEBUG 16:51:49] wrk exit code: 0
[DEBUG 16:51:49] Parsing wrk output: Running 10s test @ https://127.0.0.1:4043/index.html
  2 threads and 100 connections
  Thread Stats ...
  Requests/sec: 1688.14
Run 2/10...
[DEBUG 16:51:49] Running wrk with command: wrk https://127.0.0.1:4043/index.html -c 100 -d 10
[DEBUG 16:51:59] wrk exit code: 0
[DEBUG 16:51:59] Parsing wrk output: Running 10s test @ https://127.0.0.1:4043/index.html
  2 threads and 100 connections
  Thread Stats ...
  Requests/sec: 1624.45
Run 3/10...
[DEBUG 16:51:59] Running wrk with command: wrk https://127.0.0.1:4043/index.html -c 100 -d 10
[DEBUG 16:52:09] wrk exit code: 0
[DEBUG 16:52:09] Parsing wrk output: Running 10s test @ https://127.0.0.1:4043/index.html
  2 threads and 100 connections
  Thread Stats ...
  Requests/sec: 1648.83
Run 4/10...
[DEBUG 16:52:09] Running wrk with command: wrk https://127.0.0.1:4043/index.html -c 100 -d 10
[DEBUG 16:52:19] wrk exit code: 0
[DEBUG 16:52:19] Parsing wrk output: Running 10s test @ https://127.0.0.1:4043/index.html
  2 threads and 100 connections
  Thread Stats ...
  Requests/sec: 1673.94
Run 5/10...
[DEBUG 16:52:19] Running wrk with command: wrk https://127.0.0.1:4043/index.html -c 100 -d 10
[DEBUG 16:52:29] wrk exit code: 0
[DEBUG 16:52:29] Parsing wrk output: Running 10s test @ https://127.0.0.1:4043/index.html
  2 threads and 100 connections
  Thread Stats ...
  Requests/sec: 1671.04
Run 6/10...
[DEBUG 16:52:29] Running wrk with command: wrk https://127.0.0.1:4043/index.html -c 100 -d 10
[DEBUG 16:52:39] wrk exit code: 0
[DEBUG 16:52:39] Parsing wrk output: Running 10s test @ https://127.0.0.1:4043/index.html
  2 threads and 100 connections
  Thread Stats ...
  Requests/sec: 1680.66
Run 7/10...
[DEBUG 16:52:39] Running wrk with command: wrk https://127.0.0.1:4043/index.html -c 100 -d 10
[DEBUG 16:52:49] wrk exit code: 0
[DEBUG 16:52:49] Parsing wrk output: Running 10s test @ https://127.0.0.1:4043/index.html
  2 threads and 100 connections
  Thread Stats ...
  Requests/sec: 1642.30
Run 8/10...
[DEBUG 16:52:49] Running wrk with command: wrk https://127.0.0.1:4043/index.html -c 100 -d 10
[DEBUG 16:52:59] wrk exit code: 0
[DEBUG 16:52:59] Parsing wrk output: Running 10s test @ https://127.0.0.1:4043/index.html
  2 threads and 100 connections
  Thread Stats ...
  Requests/sec: 1668.94
Run 9/10...
[DEBUG 16:52:59] Running wrk with command: wrk https://127.0.0.1:4043/index.html -c 100 -d 10
[DEBUG 16:53:09] wrk exit code: 0
[DEBUG 16:53:09] Parsing wrk output: Running 10s test @ https://127.0.0.1:4043/index.html
  2 threads and 100 connections
  Thread Stats ...
  Requests/sec: 1663.59
Run 10/10...
[DEBUG 16:53:09] Running wrk with command: wrk https://127.0.0.1:4043/index.html -c 100 -d 10
[DEBUG 16:53:19] wrk exit code: 0
[DEBUG 16:53:19] Parsing wrk output: Running 10s test @ https://127.0.0.1:4043/index.html
  2 threads and 100 connections
  Thread Stats ...
  Requests/sec: 1619.03
[DEBUG 16:53:19] Terminating nginx

=== Running Kernel sslsniff Tests ===
[DEBUG 16:53:19] Cleaning up processes...
[DEBUG 16:53:19] Found nginx PIDs: []
[DEBUG 16:53:19] Found sslsniff PIDs: []
[DEBUG 16:53:21] After cleanup: nginx PIDs: [], sslsniff PIDs: []
[DEBUG 16:53:21] Removing access log: /bpftime/benchmark/ssl-nginx/access.log
[DEBUG 16:53:21] Access log removed successfully
[DEBUG 16:53:21] Checking file: /bpftime/example/sslsniff/sslsniff - EXISTS
[DEBUG 16:53:21] Starting nginx with command: nginx -c /bpftime/benchmark/ssl-nginx/nginx.conf -p /bpftime/benchmark/ssl-nginx
Run 1/10...
[DEBUG 16:53:23] Starting kernel sslsniff: sudo example/sslsniff/sslsniff
[DEBUG 16:53:25] Running wrk with command: wrk https://127.0.0.1:4043/index.html -c 100 -d 10
[DEBUG 16:53:35] Parsing wrk output: Running 10s test @ https://127.0.0.1:4043/index.html
  2 threads and 100 connections
  Thread Stats ...
[DEBUG 16:53:35] Killing sslsniff
  Requests/sec: 1199.80
Run 2/10...
[DEBUG 16:53:36] Starting kernel sslsniff: sudo example/sslsniff/sslsniff
[DEBUG 16:53:38] Running wrk with command: wrk https://127.0.0.1:4043/index.html -c 100 -d 10
[DEBUG 16:53:48] Parsing wrk output: Running 10s test @ https://127.0.0.1:4043/index.html
  2 threads and 100 connections
  Thread Stats ...
[DEBUG 16:53:48] Killing sslsniff
  Requests/sec: 1201.57
Run 3/10...
[DEBUG 16:53:49] Starting kernel sslsniff: sudo example/sslsniff/sslsniff
[DEBUG 16:53:51] Running wrk with command: wrk https://127.0.0.1:4043/index.html -c 100 -d 10
[DEBUG 16:54:01] Parsing wrk output: Running 10s test @ https://127.0.0.1:4043/index.html
  2 threads and 100 connections
  Thread Stats ...
[DEBUG 16:54:01] Killing sslsniff
  Requests/sec: 1198.91
Run 4/10...
[DEBUG 16:54:02] Starting kernel sslsniff: sudo example/sslsniff/sslsniff
[DEBUG 16:54:04] Running wrk with command: wrk https://127.0.0.1:4043/index.html -c 100 -d 10
[DEBUG 16:54:14] Parsing wrk output: Running 10s test @ https://127.0.0.1:4043/index.html
  2 threads and 100 connections
  Thread Stats ...
[DEBUG 16:54:14] Killing sslsniff
  Requests/sec: 1199.06
Run 5/10...
[DEBUG 16:54:15] Starting kernel sslsniff: sudo example/sslsniff/sslsniff
[DEBUG 16:54:17] Running wrk with command: wrk https://127.0.0.1:4043/index.html -c 100 -d 10
[DEBUG 16:54:27] Parsing wrk output: Running 10s test @ https://127.0.0.1:4043/index.html
  2 threads and 100 connections
  Thread Stats ...
[DEBUG 16:54:27] Killing sslsniff
  Requests/sec: 1196.82
Run 6/10...
[DEBUG 16:54:28] Starting kernel sslsniff: sudo example/sslsniff/sslsniff
[DEBUG 16:54:30] Running wrk with command: wrk https://127.0.0.1:4043/index.html -c 100 -d 10
[DEBUG 16:54:40] Parsing wrk output: Running 10s test @ https://127.0.0.1:4043/index.html
  2 threads and 100 connections
  Thread Stats ...
[DEBUG 16:54:40] Killing sslsniff
  Requests/sec: 1183.67
Run 7/10...
[DEBUG 16:54:41] Starting kernel sslsniff: sudo example/sslsniff/sslsniff
[DEBUG 16:54:43] Running wrk with command: wrk https://127.0.0.1:4043/index.html -c 100 -d 10
[DEBUG 16:54:53] Parsing wrk output: Running 10s test @ https://127.0.0.1:4043/index.html
  2 threads and 100 connections
  Thread Stats ...
[DEBUG 16:54:53] Killing sslsniff
  Requests/sec: 1177.54
Run 8/10...
[DEBUG 16:54:54] Starting kernel sslsniff: sudo example/sslsniff/sslsniff
[DEBUG 16:54:56] Running wrk with command: wrk https://127.0.0.1:4043/index.html -c 100 -d 10
[DEBUG 16:55:06] Parsing wrk output: Running 10s test @ https://127.0.0.1:4043/index.html
  2 threads and 100 connections
  Thread Stats ...
[DEBUG 16:55:06] Killing sslsniff
  Requests/sec: 1200.29
Run 9/10...
[DEBUG 16:55:07] Starting kernel sslsniff: sudo example/sslsniff/sslsniff
[DEBUG 16:55:09] Running wrk with command: wrk https://127.0.0.1:4043/index.html -c 100 -d 10
[DEBUG 16:55:19] Parsing wrk output: Running 10s test @ https://127.0.0.1:4043/index.html
  2 threads and 100 connections
  Thread Stats ...
[DEBUG 16:55:19] Killing sslsniff
  Requests/sec: 1189.26
Run 10/10...
[DEBUG 16:55:20] Starting kernel sslsniff: sudo example/sslsniff/sslsniff
[DEBUG 16:55:22] Running wrk with command: wrk https://127.0.0.1:4043/index.html -c 100 -d 10
[DEBUG 16:55:33] Parsing wrk output: Running 10s test @ https://127.0.0.1:4043/index.html
  2 threads and 100 connections
  Thread Stats ...
[DEBUG 16:55:33] Killing sslsniff
  Requests/sec: 1191.78
[DEBUG 16:55:34] Terminating nginx

=== Running bpftime sslsniff Tests ===
[DEBUG 16:55:34] Cleaning up processes...
[DEBUG 16:55:34] Found nginx PIDs: []
[DEBUG 16:55:34] Found sslsniff PIDs: []
[DEBUG 16:55:35] After cleanup: nginx PIDs: [], sslsniff PIDs: []
[DEBUG 16:55:35] Removing access log: /bpftime/benchmark/ssl-nginx/access.log
[DEBUG 16:55:35] Access log removed successfully
[DEBUG 16:55:35] Checking file: /bpftime/example/sslsniff/sslsniff - EXISTS
[DEBUG 16:55:35] Checking file: /bpftime/build/runtime/agent/libbpftime-agent.so - EXISTS
[DEBUG 16:55:35] Checking file: /bpftime/build/runtime/syscall-server/libbpftime-syscall-server.so - EXISTS
Run 1/10...
[DEBUG 16:55:35] Starting sslsniff with bpftime: LD_PRELOAD=build/runtime/syscall-server/libbpftime-syscall-server.so example/sslsniff/sslsniff
[DEBUG 16:55:37] Starting nginx with bpftime: LD_PRELOAD=build/runtime/agent/libbpftime-agent.so nginx -c /bpftime/benchmark/ssl-nginx/nginx.conf -p /bpftime/benchmark/ssl-nginx
[DEBUG 16:55:39] Running wrk with command: wrk https://127.0.0.1:4043/index.html -c 100 -d 10
[DEBUG 16:55:49] Parsing wrk output: Running 10s test @ https://127.0.0.1:4043/index.html
  2 threads and 100 connections
  Thread Stats ...
  Requests/sec: 1329.88
[DEBUG 16:55:49] Terminating processes
[DEBUG 16:55:49] Cleaning up processes...
[DEBUG 16:55:49] Found nginx PIDs: []
[DEBUG 16:55:49] Found sslsniff PIDs: []
[DEBUG 16:55:50] After cleanup: nginx PIDs: [], sslsniff PIDs: []
Run 2/10...
[DEBUG 16:55:50] Starting sslsniff with bpftime: LD_PRELOAD=build/runtime/syscall-server/libbpftime-syscall-server.so example/sslsniff/sslsniff
[DEBUG 16:55:52] Starting nginx with bpftime: LD_PRELOAD=build/runtime/agent/libbpftime-agent.so nginx -c /bpftime/benchmark/ssl-nginx/nginx.conf -p /bpftime/benchmark/ssl-nginx
[DEBUG 16:55:54] Running wrk with command: wrk https://127.0.0.1:4043/index.html -c 100 -d 10
[DEBUG 16:56:04] Parsing wrk output: Running 10s test @ https://127.0.0.1:4043/index.html
  2 threads and 100 connections
  Thread Stats ...
  Requests/sec: 1320.50
[DEBUG 16:56:04] Terminating processes
[DEBUG 16:56:04] Cleaning up processes...
[DEBUG 16:56:04] Found nginx PIDs: []
[DEBUG 16:56:04] Found sslsniff PIDs: []
[DEBUG 16:56:05] After cleanup: nginx PIDs: [], sslsniff PIDs: []
Run 3/10...
[DEBUG 16:56:05] Starting sslsniff with bpftime: LD_PRELOAD=build/runtime/syscall-server/libbpftime-syscall-server.so example/sslsniff/sslsniff
[DEBUG 16:56:07] Starting nginx with bpftime: LD_PRELOAD=build/runtime/agent/libbpftime-agent.so nginx -c /bpftime/benchmark/ssl-nginx/nginx.conf -p /bpftime/benchmark/ssl-nginx
[DEBUG 16:56:09] Running wrk with command: wrk https://127.0.0.1:4043/index.html -c 100 -d 10
[DEBUG 16:56:19] Parsing wrk output: Running 10s test @ https://127.0.0.1:4043/index.html
  2 threads and 100 connections
  Thread Stats ...
  Requests/sec: 1262.46
[DEBUG 16:56:19] Terminating processes
[DEBUG 16:56:19] Cleaning up processes...
[DEBUG 16:56:19] Found nginx PIDs: []
[DEBUG 16:56:19] Found sslsniff PIDs: []
[DEBUG 16:56:20] After cleanup: nginx PIDs: [], sslsniff PIDs: []
Run 4/10...
[DEBUG 16:56:20] Starting sslsniff with bpftime: LD_PRELOAD=build/runtime/syscall-server/libbpftime-syscall-server.so example/sslsniff/sslsniff
[DEBUG 16:56:22] Starting nginx with bpftime: LD_PRELOAD=build/runtime/agent/libbpftime-agent.so nginx -c /bpftime/benchmark/ssl-nginx/nginx.conf -p /bpftime/benchmark/ssl-nginx
[DEBUG 16:56:24] Running wrk with command: wrk https://127.0.0.1:4043/index.html -c 100 -d 10
[DEBUG 16:56:34] Parsing wrk output: Running 10s test @ https://127.0.0.1:4043/index.html
  2 threads and 100 connections
  Thread Stats ...
  Requests/sec: 1308.48
[DEBUG 16:56:34] Terminating processes
[DEBUG 16:56:34] Cleaning up processes...
[DEBUG 16:56:34] Found nginx PIDs: []
[DEBUG 16:56:34] Found sslsniff PIDs: []
[DEBUG 16:56:35] After cleanup: nginx PIDs: [], sslsniff PIDs: []
Run 5/10...
[DEBUG 16:56:35] Starting sslsniff with bpftime: LD_PRELOAD=build/runtime/syscall-server/libbpftime-syscall-server.so example/sslsniff/sslsniff
[DEBUG 16:56:37] Starting nginx with bpftime: LD_PRELOAD=build/runtime/agent/libbpftime-agent.so nginx -c /bpftime/benchmark/ssl-nginx/nginx.conf -p /bpftime/benchmark/ssl-nginx
[DEBUG 16:56:39] Running wrk with command: wrk https://127.0.0.1:4043/index.html -c 100 -d 10
[DEBUG 16:56:50] Parsing wrk output: Running 10s test @ https://127.0.0.1:4043/index.html
  2 threads and 100 connections
  Thread Stats ...
  Requests/sec: 1326.04
[DEBUG 16:56:50] Terminating processes
[DEBUG 16:56:50] Cleaning up processes...
[DEBUG 16:56:50] Found nginx PIDs: []
[DEBUG 16:56:50] Found sslsniff PIDs: []
[DEBUG 16:56:51] After cleanup: nginx PIDs: [], sslsniff PIDs: []
Run 6/10...
[DEBUG 16:56:51] Starting sslsniff with bpftime: LD_PRELOAD=build/runtime/syscall-server/libbpftime-syscall-server.so example/sslsniff/sslsniff
[DEBUG 16:56:53] Starting nginx with bpftime: LD_PRELOAD=build/runtime/agent/libbpftime-agent.so nginx -c /bpftime/benchmark/ssl-nginx/nginx.conf -p /bpftime/benchmark/ssl-nginx
[DEBUG 16:56:55] Running wrk with command: wrk https://127.0.0.1:4043/index.html -c 100 -d 10
[DEBUG 16:57:05] Parsing wrk output: Running 10s test @ https://127.0.0.1:4043/index.html
  2 threads and 100 connections
  Thread Stats ...
  Requests/sec: 1287.42
[DEBUG 16:57:05] Terminating processes
[DEBUG 16:57:05] Cleaning up processes...
[DEBUG 16:57:05] Found nginx PIDs: []
[DEBUG 16:57:05] Found sslsniff PIDs: []
[DEBUG 16:57:06] After cleanup: nginx PIDs: [], sslsniff PIDs: []
Run 7/10...
[DEBUG 16:57:06] Starting sslsniff with bpftime: LD_PRELOAD=build/runtime/syscall-server/libbpftime-syscall-server.so example/sslsniff/sslsniff
[DEBUG 16:57:08] Starting nginx with bpftime: LD_PRELOAD=build/runtime/agent/libbpftime-agent.so nginx -c /bpftime/benchmark/ssl-nginx/nginx.conf -p /bpftime/benchmark/ssl-nginx
[DEBUG 16:57:10] Running wrk with command: wrk https://127.0.0.1:4043/index.html -c 100 -d 10
[DEBUG 16:57:20] Parsing wrk output: Running 10s test @ https://127.0.0.1:4043/index.html
  2 threads and 100 connections
  Thread Stats ...
  Requests/sec: 1274.19
[DEBUG 16:57:20] Terminating processes
[DEBUG 16:57:20] Cleaning up processes...
[DEBUG 16:57:20] Found nginx PIDs: []
[DEBUG 16:57:20] Found sslsniff PIDs: []
[DEBUG 16:57:21] After cleanup: nginx PIDs: [], sslsniff PIDs: []
Run 8/10...
[DEBUG 16:57:21] Starting sslsniff with bpftime: LD_PRELOAD=build/runtime/syscall-server/libbpftime-syscall-server.so example/sslsniff/sslsniff
[DEBUG 16:57:23] Starting nginx with bpftime: LD_PRELOAD=build/runtime/agent/libbpftime-agent.so nginx -c /bpftime/benchmark/ssl-nginx/nginx.conf -p /bpftime/benchmark/ssl-nginx
[DEBUG 16:57:25] Running wrk with command: wrk https://127.0.0.1:4043/index.html -c 100 -d 10
[DEBUG 16:57:35] Parsing wrk output: Running 10s test @ https://127.0.0.1:4043/index.html
  2 threads and 100 connections
  Thread Stats ...
  Requests/sec: 1321.84
[DEBUG 16:57:35] Terminating processes
[DEBUG 16:57:35] Cleaning up processes...
[DEBUG 16:57:35] Found nginx PIDs: []
[DEBUG 16:57:35] Found sslsniff PIDs: []
[DEBUG 16:57:36] After cleanup: nginx PIDs: [], sslsniff PIDs: []
Run 9/10...
[DEBUG 16:57:36] Starting sslsniff with bpftime: LD_PRELOAD=build/runtime/syscall-server/libbpftime-syscall-server.so example/sslsniff/sslsniff
[DEBUG 16:57:38] Starting nginx with bpftime: LD_PRELOAD=build/runtime/agent/libbpftime-agent.so nginx -c /bpftime/benchmark/ssl-nginx/nginx.conf -p /bpftime/benchmark/ssl-nginx
[DEBUG 16:57:40] Running wrk with command: wrk https://127.0.0.1:4043/index.html -c 100 -d 10
[DEBUG 16:57:50] Parsing wrk output: Running 10s test @ https://127.0.0.1:4043/index.html
  2 threads and 100 connections
  Thread Stats ...
  Requests/sec: 1316.96
[DEBUG 16:57:50] Terminating processes
[DEBUG 16:57:50] Cleaning up processes...
[DEBUG 16:57:50] Found nginx PIDs: []
[DEBUG 16:57:50] Found sslsniff PIDs: []
[DEBUG 16:57:52] After cleanup: nginx PIDs: [], sslsniff PIDs: []
Run 10/10...
[DEBUG 16:57:52] Starting sslsniff with bpftime: LD_PRELOAD=build/runtime/syscall-server/libbpftime-syscall-server.so example/sslsniff/sslsniff
[DEBUG 16:57:54] Starting nginx with bpftime: LD_PRELOAD=build/runtime/agent/libbpftime-agent.so nginx -c /bpftime/benchmark/ssl-nginx/nginx.conf -p /bpftime/benchmark/ssl-nginx
[DEBUG 16:57:56] Running wrk with command: wrk https://127.0.0.1:4043/index.html -c 100 -d 10
[DEBUG 16:58:06] Parsing wrk output: Running 10s test @ https://127.0.0.1:4043/index.html
  2 threads and 100 connections
  Thread Stats ...
  Requests/sec: 1339.58
[DEBUG 16:58:06] Terminating processes
[DEBUG 16:58:06] Cleaning up processes...
[DEBUG 16:58:06] Found nginx PIDs: []
[DEBUG 16:58:06] Found sslsniff PIDs: []
[DEBUG 16:58:07] After cleanup: nginx PIDs: [], sslsniff PIDs: []

=== Benchmark Results ===
Each configuration run 10 times

Baseline:
  Requests/sec (mean):   1658.09
  Requests/sec (median): 1666.26
  Standard deviation:    23.50
  Min:                   1619.03
  Max:                   1688.14
  All runs:              [1688.14, 1624.45, 1648.83, 1673.94, 1671.04, 1680.66, 1642.3, 1668.94, 1663.59, 1619.03]

Kernel Sslsniff:
  Requests/sec (mean):   1193.87
  Requests/sec (median): 1197.87
  Standard deviation:    8.12
  Min:                   1177.54
  Max:                   1201.57
  All runs:              [1199.8, 1201.57, 1198.91, 1199.06, 1196.82, 1183.67, 1177.54, 1200.29, 1189.26, 1191.78]

Bpftime Sslsniff:
  Requests/sec (mean):   1308.74
  Requests/sec (median): 1318.73
  Standard deviation:    25.53
  Min:                   1262.46
  Max:                   1339.58
  All runs:              [1329.88, 1320.5, 1262.46, 1308.48, 1326.04, 1287.42, 1274.19, 1321.84, 1316.96, 1339.58]

Kernel sslsniff performance impact: 28.00% decrease
bpftime sslsniff performance impact: 21.07% decrease
bpftime improvement over kernel: 9.62%

Results saved to benchmark/ssl-nginx/benchmark_results_20260726_165807.json
[DEBUG 16:58:07] Cleaning up before exit
[DEBUG 16:58:07] Cleaning up processes...
[DEBUG 16:58:07] Found nginx PIDs: []
[DEBUG 16:58:07] Found sslsniff PIDs: []
[DEBUG 16:58:08] After cleanup: nginx PIDs: [], sslsniff PIDs: []
