index.html bytes: 16
[DEBUG 16:23:21] Starting benchmark script
[DEBUG 16:23:21] Current working directory: /bpftime
[DEBUG 16:23:21] Checking command: nginx - EXISTS
[DEBUG 16:23:21]   Path: /usr/sbin/nginx
[DEBUG 16:23:21] Checking file: /bpftime/build/runtime/agent/libbpftime-agent.so - EXISTS
[DEBUG 16:23:21] Checking file: /bpftime/build/runtime/syscall-server/libbpftime-syscall-server.so - EXISTS
[DEBUG 16:23:21] Checking file: /bpftime/example/sslsniff/sslsniff - EXISTS
[DEBUG 16:23:21] Checking command: wrk - EXISTS
[DEBUG 16:23:21]   Path: /usr/bin/wrk

=== Running Baseline Tests ===
[DEBUG 16:23:21] Cleaning up processes...
[DEBUG 16:23:21] Found nginx PIDs: []
[DEBUG 16:23:21] Found sslsniff PIDs: []
[DEBUG 16:23:22] After cleanup: nginx PIDs: [], sslsniff PIDs: []
[DEBUG 16:23:22] Removing access log: /bpftime/benchmark/ssl-nginx/access.log
[DEBUG 16:23:22] Access log removed successfully
[DEBUG 16:23:22] Checking command: nginx - EXISTS
[DEBUG 16:23:22]   Path: /usr/sbin/nginx
[DEBUG 16:23:22] Current directory: /bpftime
[DEBUG 16:23:22] Checking if nginx.conf exists: True
[DEBUG 16:23:22] Starting nginx with command: nginx -c /bpftime/benchmark/ssl-nginx/nginx.conf -p /bpftime/benchmark/ssl-nginx
[DEBUG 16:23:24] nginx started successfully
[DEBUG 16:23:24] Error checking nginx: [Errno 2] No such file or directory: 'curl'
Run 1/10...
[DEBUG 16:23:24] Running wrk with command: wrk https://127.0.0.1:4043/index.html -c 100 -d 10
[DEBUG 16:23:34] wrk exit code: 0
[DEBUG 16:23:34] Parsing wrk output: Running 10s test @ https://127.0.0.1:4043/index.html
  2 threads and 100 connections
  Thread Stats ...
  Requests/sec: 16574.12
Run 2/10...
[DEBUG 16:23:34] Running wrk with command: wrk https://127.0.0.1:4043/index.html -c 100 -d 10
[DEBUG 16:23:45] wrk exit code: 0
[DEBUG 16:23:45] Parsing wrk output: Running 10s test @ https://127.0.0.1:4043/index.html
  2 threads and 100 connections
  Thread Stats ...
  Requests/sec: 16455.69
Run 3/10...
[DEBUG 16:23:45] Running wrk with command: wrk https://127.0.0.1:4043/index.html -c 100 -d 10
[DEBUG 16:23:55] wrk exit code: 0
[DEBUG 16:23:55] Parsing wrk output: Running 10s test @ https://127.0.0.1:4043/index.html
  2 threads and 100 connections
  Thread Stats ...
  Requests/sec: 16636.81
Run 4/10...
[DEBUG 16:23:55] Running wrk with command: wrk https://127.0.0.1:4043/index.html -c 100 -d 10
[DEBUG 16:24:05] wrk exit code: 0
[DEBUG 16:24:05] Parsing wrk output: Running 10s test @ https://127.0.0.1:4043/index.html
  2 threads and 100 connections
  Thread Stats ...
  Requests/sec: 16089.96
Run 5/10...
[DEBUG 16:24:05] Running wrk with command: wrk https://127.0.0.1:4043/index.html -c 100 -d 10
[DEBUG 16:24:15] wrk exit code: 0
[DEBUG 16:24:15] Parsing wrk output: Running 10s test @ https://127.0.0.1:4043/index.html
  2 threads and 100 connections
  Thread Stats ...
  Requests/sec: 16089.25
Run 6/10...
[DEBUG 16:24:15] Running wrk with command: wrk https://127.0.0.1:4043/index.html -c 100 -d 10
[DEBUG 16:24:25] wrk exit code: 0
[DEBUG 16:24:25] Parsing wrk output: Running 10s test @ https://127.0.0.1:4043/index.html
  2 threads and 100 connections
  Thread Stats ...
  Requests/sec: 16345.45
Run 7/10...
[DEBUG 16:24:25] Running wrk with command: wrk https://127.0.0.1:4043/index.html -c 100 -d 10
[DEBUG 16:24:35] wrk exit code: 0
[DEBUG 16:24:35] Parsing wrk output: Running 10s test @ https://127.0.0.1:4043/index.html
  2 threads and 100 connections
  Thread Stats ...
  Requests/sec: 16227.47
Run 8/10...
[DEBUG 16:24:35] Running wrk with command: wrk https://127.0.0.1:4043/index.html -c 100 -d 10
[DEBUG 16:24:45] wrk exit code: 0
[DEBUG 16:24:45] Parsing wrk output: Running 10s test @ https://127.0.0.1:4043/index.html
  2 threads and 100 connections
  Thread Stats ...
  Requests/sec: 16316.90
Run 9/10...
[DEBUG 16:24:45] Running wrk with command: wrk https://127.0.0.1:4043/index.html -c 100 -d 10
[DEBUG 16:24:55] wrk exit code: 0
[DEBUG 16:24:55] Parsing wrk output: Running 10s test @ https://127.0.0.1:4043/index.html
  2 threads and 100 connections
  Thread Stats ...
  Requests/sec: 16132.68
Run 10/10...
[DEBUG 16:24:55] Running wrk with command: wrk https://127.0.0.1:4043/index.html -c 100 -d 10
[DEBUG 16:25:05] wrk exit code: 0
[DEBUG 16:25:05] Parsing wrk output: Running 10s test @ https://127.0.0.1:4043/index.html
  2 threads and 100 connections
  Thread Stats ...
  Requests/sec: 16424.88
[DEBUG 16:25:05] Terminating nginx

=== Running Kernel sslsniff Tests ===
[DEBUG 16:25:05] Cleaning up processes...
[DEBUG 16:25:05] Found nginx PIDs: []
[DEBUG 16:25:05] Found sslsniff PIDs: []
[DEBUG 16:25:06] After cleanup: nginx PIDs: [], sslsniff PIDs: []
[DEBUG 16:25:06] Removing access log: /bpftime/benchmark/ssl-nginx/access.log
[DEBUG 16:25:06] Access log removed successfully
[DEBUG 16:25:06] Checking file: /bpftime/example/sslsniff/sslsniff - EXISTS
[DEBUG 16:25:06] Starting nginx with command: nginx -c /bpftime/benchmark/ssl-nginx/nginx.conf -p /bpftime/benchmark/ssl-nginx
Run 1/10...
[DEBUG 16:25:08] Starting kernel sslsniff: sudo example/sslsniff/sslsniff
[DEBUG 16:25:10] Running wrk with command: wrk https://127.0.0.1:4043/index.html -c 100 -d 10
[DEBUG 16:25:20] Parsing wrk output: Running 10s test @ https://127.0.0.1:4043/index.html
  2 threads and 100 connections
  Thread Stats ...
[DEBUG 16:25:20] Killing sslsniff
  Requests/sec: 11104.15
Run 2/10...
[DEBUG 16:25:21] Starting kernel sslsniff: sudo example/sslsniff/sslsniff
[DEBUG 16:25:23] Running wrk with command: wrk https://127.0.0.1:4043/index.html -c 100 -d 10
[DEBUG 16:25:34] Parsing wrk output: Running 10s test @ https://127.0.0.1:4043/index.html
  2 threads and 100 connections
  Thread Stats ...
[DEBUG 16:25:34] Killing sslsniff
  Requests/sec: 11150.24
Run 3/10...
[DEBUG 16:25:35] Starting kernel sslsniff: sudo example/sslsniff/sslsniff
[DEBUG 16:25:37] Running wrk with command: wrk https://127.0.0.1:4043/index.html -c 100 -d 10
[DEBUG 16:25:47] Parsing wrk output: Running 10s test @ https://127.0.0.1:4043/index.html
  2 threads and 100 connections
  Thread Stats ...
[DEBUG 16:25:47] Killing sslsniff
  Requests/sec: 11233.31
Run 4/10...
[DEBUG 16:25:48] Starting kernel sslsniff: sudo example/sslsniff/sslsniff
[DEBUG 16:25:50] Running wrk with command: wrk https://127.0.0.1:4043/index.html -c 100 -d 10
[DEBUG 16:26:00] Parsing wrk output: Running 10s test @ https://127.0.0.1:4043/index.html
  2 threads and 100 connections
  Thread Stats ...
[DEBUG 16:26:00] Killing sslsniff
  Requests/sec: 11229.91
Run 5/10...
[DEBUG 16:26:01] Starting kernel sslsniff: sudo example/sslsniff/sslsniff
[DEBUG 16:26:03] Running wrk with command: wrk https://127.0.0.1:4043/index.html -c 100 -d 10
[DEBUG 16:26:13] Parsing wrk output: Running 10s test @ https://127.0.0.1:4043/index.html
  2 threads and 100 connections
  Thread Stats ...
[DEBUG 16:26:13] Killing sslsniff
  Requests/sec: 11297.46
Run 6/10...
[DEBUG 16:26:14] Starting kernel sslsniff: sudo example/sslsniff/sslsniff
[DEBUG 16:26:16] Running wrk with command: wrk https://127.0.0.1:4043/index.html -c 100 -d 10
[DEBUG 16:26:26] Parsing wrk output: Running 10s test @ https://127.0.0.1:4043/index.html
  2 threads and 100 connections
  Thread Stats ...
[DEBUG 16:26:26] Killing sslsniff
  Requests/sec: 11460.50
Run 7/10...
[DEBUG 16:26:27] Starting kernel sslsniff: sudo example/sslsniff/sslsniff
[DEBUG 16:26:29] Running wrk with command: wrk https://127.0.0.1:4043/index.html -c 100 -d 10
[DEBUG 16:26:39] Parsing wrk output: Running 10s test @ https://127.0.0.1:4043/index.html
  2 threads and 100 connections
  Thread Stats ...
[DEBUG 16:26:39] Killing sslsniff
  Requests/sec: 11226.25
Run 8/10...
[DEBUG 16:26:40] Starting kernel sslsniff: sudo example/sslsniff/sslsniff
[DEBUG 16:26:42] Running wrk with command: wrk https://127.0.0.1:4043/index.html -c 100 -d 10
[DEBUG 16:26:52] Parsing wrk output: Running 10s test @ https://127.0.0.1:4043/index.html
  2 threads and 100 connections
  Thread Stats ...
[DEBUG 16:26:52] Killing sslsniff
  Requests/sec: 11096.73
Run 9/10...
[DEBUG 16:26:53] Starting kernel sslsniff: sudo example/sslsniff/sslsniff
[DEBUG 16:26:55] Running wrk with command: wrk https://127.0.0.1:4043/index.html -c 100 -d 10
[DEBUG 16:27:05] Parsing wrk output: Running 10s test @ https://127.0.0.1:4043/index.html
  2 threads and 100 connections
  Thread Stats ...
[DEBUG 16:27:05] Killing sslsniff
  Requests/sec: 11094.85
Run 10/10...
[DEBUG 16:27:06] Starting kernel sslsniff: sudo example/sslsniff/sslsniff
[DEBUG 16:27:08] Running wrk with command: wrk https://127.0.0.1:4043/index.html -c 100 -d 10
[DEBUG 16:27:19] Parsing wrk output: Running 10s test @ https://127.0.0.1:4043/index.html
  2 threads and 100 connections
  Thread Stats ...
[DEBUG 16:27:19] Killing sslsniff
  Requests/sec: 11176.36
[DEBUG 16:27:20] Terminating nginx

=== Running bpftime sslsniff Tests ===
[DEBUG 16:27:20] Cleaning up processes...
[DEBUG 16:27:20] Found nginx PIDs: []
[DEBUG 16:27:20] Found sslsniff PIDs: []
[DEBUG 16:27:21] After cleanup: nginx PIDs: [], sslsniff PIDs: []
[DEBUG 16:27:21] Removing access log: /bpftime/benchmark/ssl-nginx/access.log
[DEBUG 16:27:21] Access log removed successfully
[DEBUG 16:27:21] Checking file: /bpftime/example/sslsniff/sslsniff - EXISTS
[DEBUG 16:27:21] Checking file: /bpftime/build/runtime/agent/libbpftime-agent.so - EXISTS
[DEBUG 16:27:21] Checking file: /bpftime/build/runtime/syscall-server/libbpftime-syscall-server.so - EXISTS
Run 1/10...
[DEBUG 16:27:21] Starting sslsniff with bpftime: LD_PRELOAD=build/runtime/syscall-server/libbpftime-syscall-server.so example/sslsniff/sslsniff
[DEBUG 16:27:23] Starting nginx with bpftime: LD_PRELOAD=build/runtime/agent/libbpftime-agent.so nginx -c /bpftime/benchmark/ssl-nginx/nginx.conf -p /bpftime/benchmark/ssl-nginx
[DEBUG 16:27:25] Running wrk with command: wrk https://127.0.0.1:4043/index.html -c 100 -d 10
[DEBUG 16:27:35] Parsing wrk output: Running 10s test @ https://127.0.0.1:4043/index.html
  2 threads and 100 connections
  Thread Stats ...
  Requests/sec: 13310.17
[DEBUG 16:27:35] Terminating processes
[DEBUG 16:27:35] Cleaning up processes...
[DEBUG 16:27:35] Found nginx PIDs: []
[DEBUG 16:27:35] Found sslsniff PIDs: []
[DEBUG 16:27:36] After cleanup: nginx PIDs: [], sslsniff PIDs: []
Run 2/10...
[DEBUG 16:27:36] Starting sslsniff with bpftime: LD_PRELOAD=build/runtime/syscall-server/libbpftime-syscall-server.so example/sslsniff/sslsniff
[DEBUG 16:27:38] Starting nginx with bpftime: LD_PRELOAD=build/runtime/agent/libbpftime-agent.so nginx -c /bpftime/benchmark/ssl-nginx/nginx.conf -p /bpftime/benchmark/ssl-nginx
[DEBUG 16:27:40] Running wrk with command: wrk https://127.0.0.1:4043/index.html -c 100 -d 10
[DEBUG 16:27:50] Parsing wrk output: Running 10s test @ https://127.0.0.1:4043/index.html
  2 threads and 100 connections
  Thread Stats ...
  Requests/sec: 13205.59
[DEBUG 16:27:50] Terminating processes
[DEBUG 16:27:50] Cleaning up processes...
[DEBUG 16:27:50] Found nginx PIDs: []
[DEBUG 16:27:50] Found sslsniff PIDs: []
[DEBUG 16:27:51] After cleanup: nginx PIDs: [], sslsniff PIDs: []
Run 3/10...
[DEBUG 16:27:51] Starting sslsniff with bpftime: LD_PRELOAD=build/runtime/syscall-server/libbpftime-syscall-server.so example/sslsniff/sslsniff
[DEBUG 16:27:53] Starting nginx with bpftime: LD_PRELOAD=build/runtime/agent/libbpftime-agent.so nginx -c /bpftime/benchmark/ssl-nginx/nginx.conf -p /bpftime/benchmark/ssl-nginx
[DEBUG 16:27:55] Running wrk with command: wrk https://127.0.0.1:4043/index.html -c 100 -d 10
[DEBUG 16:28:05] Parsing wrk output: Running 10s test @ https://127.0.0.1:4043/index.html
  2 threads and 100 connections
  Thread Stats ...
  Requests/sec: 13161.30
[DEBUG 16:28:05] Terminating processes
[DEBUG 16:28:05] Cleaning up processes...
[DEBUG 16:28:05] Found nginx PIDs: []
[DEBUG 16:28:05] Found sslsniff PIDs: []
[DEBUG 16:28:06] After cleanup: nginx PIDs: [], sslsniff PIDs: []
Run 4/10...
[DEBUG 16:28:06] Starting sslsniff with bpftime: LD_PRELOAD=build/runtime/syscall-server/libbpftime-syscall-server.so example/sslsniff/sslsniff
[DEBUG 16:28:08] Starting nginx with bpftime: LD_PRELOAD=build/runtime/agent/libbpftime-agent.so nginx -c /bpftime/benchmark/ssl-nginx/nginx.conf -p /bpftime/benchmark/ssl-nginx
[DEBUG 16:28:10] Running wrk with command: wrk https://127.0.0.1:4043/index.html -c 100 -d 10
[DEBUG 16:28:20] Parsing wrk output: Running 10s test @ https://127.0.0.1:4043/index.html
  2 threads and 100 connections
  Thread Stats ...
  Requests/sec: 13194.20
[DEBUG 16:28:20] Terminating processes
[DEBUG 16:28:21] Cleaning up processes...
[DEBUG 16:28:21] Found nginx PIDs: []
[DEBUG 16:28:21] Found sslsniff PIDs: []
[DEBUG 16:28:22] After cleanup: nginx PIDs: [], sslsniff PIDs: []
Run 5/10...
[DEBUG 16:28:22] Starting sslsniff with bpftime: LD_PRELOAD=build/runtime/syscall-server/libbpftime-syscall-server.so example/sslsniff/sslsniff
[DEBUG 16:28:24] Starting nginx with bpftime: LD_PRELOAD=build/runtime/agent/libbpftime-agent.so nginx -c /bpftime/benchmark/ssl-nginx/nginx.conf -p /bpftime/benchmark/ssl-nginx
[DEBUG 16:28:26] Running wrk with command: wrk https://127.0.0.1:4043/index.html -c 100 -d 10
[DEBUG 16:28:36] Parsing wrk output: Running 10s test @ https://127.0.0.1:4043/index.html
  2 threads and 100 connections
  Thread Stats ...
  Requests/sec: 13101.30
[DEBUG 16:28:36] Terminating processes
[DEBUG 16:28:36] Cleaning up processes...
[DEBUG 16:28:36] Found nginx PIDs: []
[DEBUG 16:28:36] Found sslsniff PIDs: []
[DEBUG 16:28:37] After cleanup: nginx PIDs: [], sslsniff PIDs: []
Run 6/10...
[DEBUG 16:28:37] Starting sslsniff with bpftime: LD_PRELOAD=build/runtime/syscall-server/libbpftime-syscall-server.so example/sslsniff/sslsniff
[DEBUG 16:28:39] Starting nginx with bpftime: LD_PRELOAD=build/runtime/agent/libbpftime-agent.so nginx -c /bpftime/benchmark/ssl-nginx/nginx.conf -p /bpftime/benchmark/ssl-nginx
[DEBUG 16:28:41] Running wrk with command: wrk https://127.0.0.1:4043/index.html -c 100 -d 10
[DEBUG 16:28:51] Parsing wrk output: Running 10s test @ https://127.0.0.1:4043/index.html
  2 threads and 100 connections
  Thread Stats ...
  Requests/sec: 13231.44
[DEBUG 16:28:51] Terminating processes
[DEBUG 16:28:51] Cleaning up processes...
[DEBUG 16:28:51] Found nginx PIDs: []
[DEBUG 16:28:51] Found sslsniff PIDs: []
[DEBUG 16:28:52] After cleanup: nginx PIDs: [], sslsniff PIDs: []
Run 7/10...
[DEBUG 16:28:52] Starting sslsniff with bpftime: LD_PRELOAD=build/runtime/syscall-server/libbpftime-syscall-server.so example/sslsniff/sslsniff
[DEBUG 16:28:54] Starting nginx with bpftime: LD_PRELOAD=build/runtime/agent/libbpftime-agent.so nginx -c /bpftime/benchmark/ssl-nginx/nginx.conf -p /bpftime/benchmark/ssl-nginx
[DEBUG 16:28:56] Running wrk with command: wrk https://127.0.0.1:4043/index.html -c 100 -d 10
[DEBUG 16:29:06] Parsing wrk output: Running 10s test @ https://127.0.0.1:4043/index.html
  2 threads and 100 connections
  Thread Stats ...
  Requests/sec: 13013.96
[DEBUG 16:29:06] Terminating processes
[DEBUG 16:29:06] Cleaning up processes...
[DEBUG 16:29:06] Found nginx PIDs: []
[DEBUG 16:29:06] Found sslsniff PIDs: []
[DEBUG 16:29:07] After cleanup: nginx PIDs: [], sslsniff PIDs: []
Run 8/10...
[DEBUG 16:29:07] Starting sslsniff with bpftime: LD_PRELOAD=build/runtime/syscall-server/libbpftime-syscall-server.so example/sslsniff/sslsniff
[DEBUG 16:29:09] Starting nginx with bpftime: LD_PRELOAD=build/runtime/agent/libbpftime-agent.so nginx -c /bpftime/benchmark/ssl-nginx/nginx.conf -p /bpftime/benchmark/ssl-nginx
[DEBUG 16:29:11] Running wrk with command: wrk https://127.0.0.1:4043/index.html -c 100 -d 10
[DEBUG 16:29:21] Parsing wrk output: Running 10s test @ https://127.0.0.1:4043/index.html
  2 threads and 100 connections
  Thread Stats ...
  Requests/sec: 13050.43
[DEBUG 16:29:21] Terminating processes
[DEBUG 16:29:21] Cleaning up processes...
[DEBUG 16:29:21] Found nginx PIDs: []
[DEBUG 16:29:21] Found sslsniff PIDs: []
[DEBUG 16:29:22] After cleanup: nginx PIDs: [], sslsniff PIDs: []
Run 9/10...
[DEBUG 16:29:22] Starting sslsniff with bpftime: LD_PRELOAD=build/runtime/syscall-server/libbpftime-syscall-server.so example/sslsniff/sslsniff
[DEBUG 16:29:24] Starting nginx with bpftime: LD_PRELOAD=build/runtime/agent/libbpftime-agent.so nginx -c /bpftime/benchmark/ssl-nginx/nginx.conf -p /bpftime/benchmark/ssl-nginx
[DEBUG 16:29:26] Running wrk with command: wrk https://127.0.0.1:4043/index.html -c 100 -d 10
[DEBUG 16:29:36] Parsing wrk output: Running 10s test @ https://127.0.0.1:4043/index.html
  2 threads and 100 connections
  Thread Stats ...
  Requests/sec: 13041.37
[DEBUG 16:29:36] Terminating processes
[DEBUG 16:29:36] Cleaning up processes...
[DEBUG 16:29:36] Found nginx PIDs: []
[DEBUG 16:29:36] Found sslsniff PIDs: []
[DEBUG 16:29:38] After cleanup: nginx PIDs: [], sslsniff PIDs: []
Run 10/10...
[DEBUG 16:29:38] Starting sslsniff with bpftime: LD_PRELOAD=build/runtime/syscall-server/libbpftime-syscall-server.so example/sslsniff/sslsniff
[DEBUG 16:29:40] Starting nginx with bpftime: LD_PRELOAD=build/runtime/agent/libbpftime-agent.so nginx -c /bpftime/benchmark/ssl-nginx/nginx.conf -p /bpftime/benchmark/ssl-nginx
[DEBUG 16:29:42] Running wrk with command: wrk https://127.0.0.1:4043/index.html -c 100 -d 10
[DEBUG 16:29:52] Parsing wrk output: Running 10s test @ https://127.0.0.1:4043/index.html
  2 threads and 100 connections
  Thread Stats ...
  Requests/sec: 11466.24
[DEBUG 16:29:52] Terminating processes
[DEBUG 16:29:52] Cleaning up processes...
[DEBUG 16:29:52] Found nginx PIDs: []
[DEBUG 16:29:52] Found sslsniff PIDs: []
[DEBUG 16:29:53] After cleanup: nginx PIDs: [], sslsniff PIDs: []

=== Benchmark Results ===
Each configuration run 10 times

Baseline:
  Requests/sec (mean):   16329.32
  Requests/sec (median): 16331.17
  Standard deviation:    195.49
  Min:                   16089.25
  Max:                   16636.81
  All runs:              [16574.12, 16455.69, 16636.81, 16089.96, 16089.25, 16345.45, 16227.47, 16316.9, 16132.68, 16424.88]

Kernel Sslsniff:
  Requests/sec (mean):   11206.98
  Requests/sec (median): 11201.31
  Standard deviation:    112.30
  Min:                   11094.85
  Max:                   11460.50
  All runs:              [11104.15, 11150.24, 11233.31, 11229.91, 11297.46, 11460.5, 11226.25, 11096.73, 11094.85, 11176.36]

Bpftime Sslsniff:
  Requests/sec (mean):   12977.60
  Requests/sec (median): 13131.30
  Standard deviation:    539.33
  Min:                   11466.24
  Max:                   13310.17
  All runs:              [13310.17, 13205.59, 13161.3, 13194.2, 13101.3, 13231.44, 13013.96, 13050.43, 13041.37, 11466.24]

Kernel sslsniff performance impact: 31.37% decrease
bpftime sslsniff performance impact: 20.53% decrease
bpftime improvement over kernel: 15.80%

Results saved to benchmark/ssl-nginx/benchmark_results_20260726_162953.json
[DEBUG 16:29:53] Cleaning up before exit
[DEBUG 16:29:53] Cleaning up processes...
[DEBUG 16:29:53] Found nginx PIDs: []
[DEBUG 16:29:53] Found sslsniff PIDs: []
[DEBUG 16:29:54] After cleanup: nginx PIDs: [], sslsniff PIDs: []
