index.html bytes: 16
[DEBUG 17:09:42] Starting benchmark script
[DEBUG 17:09:42] Current working directory: /bpftime
[DEBUG 17:09:42] Checking command: nginx - EXISTS
[DEBUG 17:09:42]   Path: /usr/sbin/nginx
[DEBUG 17:09:42] Checking file: /bpftime/build/runtime/agent/libbpftime-agent.so - EXISTS
[DEBUG 17:09:42] Checking file: /bpftime/build/runtime/syscall-server/libbpftime-syscall-server.so - EXISTS
[DEBUG 17:09:42] Checking file: /bpftime/example/sslsniff/sslsniff - EXISTS
[DEBUG 17:09:42] Checking command: wrk - EXISTS
[DEBUG 17:09:42]   Path: /usr/bin/wrk

=== Running Baseline Tests ===
[DEBUG 17:09:42] Cleaning up processes...
[DEBUG 17:09:43] Found nginx PIDs: []
[DEBUG 17:09:43] Found sslsniff PIDs: []
[DEBUG 17:09:44] After cleanup: nginx PIDs: [], sslsniff PIDs: []
[DEBUG 17:09:44] Removing access log: /bpftime/benchmark/ssl-nginx/access.log
[DEBUG 17:09:44] Access log removed successfully
[DEBUG 17:09:44] Checking command: nginx - EXISTS
[DEBUG 17:09:44]   Path: /usr/sbin/nginx
[DEBUG 17:09:44] Current directory: /bpftime
[DEBUG 17:09:44] Checking if nginx.conf exists: True
[DEBUG 17:09:44] Starting nginx with command: nginx -c /bpftime/benchmark/ssl-nginx/nginx.conf -p /bpftime/benchmark/ssl-nginx
[DEBUG 17:09:46] nginx started successfully
[DEBUG 17:09:46] Error checking nginx: [Errno 2] No such file or directory: 'curl'
Run 1/10...
[DEBUG 17:09:46] Running wrk with command: wrk https://127.0.0.1:4043/index.html -c 100 -d 10
[DEBUG 17:09:56] wrk exit code: 0
[DEBUG 17:09:56] Parsing wrk output: Running 10s test @ https://127.0.0.1:4043/index.html
  2 threads and 100 connections
  Thread Stats ...
  Requests/sec: 16562.31
Run 2/10...
[DEBUG 17:09:56] Running wrk with command: wrk https://127.0.0.1:4043/index.html -c 100 -d 10
[DEBUG 17:10:06] wrk exit code: 0
[DEBUG 17:10:06] Parsing wrk output: Running 10s test @ https://127.0.0.1:4043/index.html
  2 threads and 100 connections
  Thread Stats ...
  Requests/sec: 16426.92
Run 3/10...
[DEBUG 17:10:06] Running wrk with command: wrk https://127.0.0.1:4043/index.html -c 100 -d 10
[DEBUG 17:10:16] wrk exit code: 0
[DEBUG 17:10:16] Parsing wrk output: Running 10s test @ https://127.0.0.1:4043/index.html
  2 threads and 100 connections
  Thread Stats ...
  Requests/sec: 16684.30
Run 4/10...
[DEBUG 17:10:16] Running wrk with command: wrk https://127.0.0.1:4043/index.html -c 100 -d 10
[DEBUG 17:10:26] wrk exit code: 0
[DEBUG 17:10:26] Parsing wrk output: Running 10s test @ https://127.0.0.1:4043/index.html
  2 threads and 100 connections
  Thread Stats ...
  Requests/sec: 16578.11
Run 5/10...
[DEBUG 17:10:26] Running wrk with command: wrk https://127.0.0.1:4043/index.html -c 100 -d 10
[DEBUG 17:10:36] wrk exit code: 0
[DEBUG 17:10:36] Parsing wrk output: Running 10s test @ https://127.0.0.1:4043/index.html
  2 threads and 100 connections
  Thread Stats ...
  Requests/sec: 16234.27
Run 6/10...
[DEBUG 17:10:36] Running wrk with command: wrk https://127.0.0.1:4043/index.html -c 100 -d 10
[DEBUG 17:10:46] wrk exit code: 0
[DEBUG 17:10:46] Parsing wrk output: Running 10s test @ https://127.0.0.1:4043/index.html
  2 threads and 100 connections
  Thread Stats ...
  Requests/sec: 16469.00
Run 7/10...
[DEBUG 17:10:46] Running wrk with command: wrk https://127.0.0.1:4043/index.html -c 100 -d 10
[DEBUG 17:10:56] wrk exit code: 0
[DEBUG 17:10:56] Parsing wrk output: Running 10s test @ https://127.0.0.1:4043/index.html
  2 threads and 100 connections
  Thread Stats ...
  Requests/sec: 16219.22
Run 8/10...
[DEBUG 17:10:56] Running wrk with command: wrk https://127.0.0.1:4043/index.html -c 100 -d 10
[DEBUG 17:11:06] wrk exit code: 0
[DEBUG 17:11:06] Parsing wrk output: Running 10s test @ https://127.0.0.1:4043/index.html
  2 threads and 100 connections
  Thread Stats ...
  Requests/sec: 16355.24
Run 9/10...
[DEBUG 17:11:06] Running wrk with command: wrk https://127.0.0.1:4043/index.html -c 100 -d 10
[DEBUG 17:11:16] wrk exit code: 0
[DEBUG 17:11:16] Parsing wrk output: Running 10s test @ https://127.0.0.1:4043/index.html
  2 threads and 100 connections
  Thread Stats ...
  Requests/sec: 16508.90
Run 10/10...
[DEBUG 17:11:16] Running wrk with command: wrk https://127.0.0.1:4043/index.html -c 100 -d 10
[DEBUG 17:11:26] wrk exit code: 0
[DEBUG 17:11:26] Parsing wrk output: Running 10s test @ https://127.0.0.1:4043/index.html
  2 threads and 100 connections
  Thread Stats ...
  Requests/sec: 16385.27
[DEBUG 17:11:26] Terminating nginx

=== Running Kernel sslsniff Tests ===
[DEBUG 17:11:26] Cleaning up processes...
[DEBUG 17:11:26] Found nginx PIDs: []
[DEBUG 17:11:26] Found sslsniff PIDs: []
[DEBUG 17:11:27] After cleanup: nginx PIDs: [], sslsniff PIDs: []
[DEBUG 17:11:27] Removing access log: /bpftime/benchmark/ssl-nginx/access.log
[DEBUG 17:11:27] Access log removed successfully
[DEBUG 17:11:27] Checking file: /bpftime/example/sslsniff/sslsniff - EXISTS
[DEBUG 17:11:27] Starting nginx with command: nginx -c /bpftime/benchmark/ssl-nginx/nginx.conf -p /bpftime/benchmark/ssl-nginx
Run 1/10...
[DEBUG 17:11:29] Starting kernel sslsniff: sudo example/sslsniff/sslsniff
[DEBUG 17:11:31] Running wrk with command: wrk https://127.0.0.1:4043/index.html -c 100 -d 10
[DEBUG 17:11:41] Parsing wrk output: Running 10s test @ https://127.0.0.1:4043/index.html
  2 threads and 100 connections
  Thread Stats ...
[DEBUG 17:11:41] Killing sslsniff
  Requests/sec: 11420.14
Run 2/10...
[DEBUG 17:11:42] Starting kernel sslsniff: sudo example/sslsniff/sslsniff
[DEBUG 17:11:44] Running wrk with command: wrk https://127.0.0.1:4043/index.html -c 100 -d 10
[DEBUG 17:11:55] Parsing wrk output: Running 10s test @ https://127.0.0.1:4043/index.html
  2 threads and 100 connections
  Thread Stats ...
[DEBUG 17:11:55] Killing sslsniff
  Requests/sec: 11116.80
Run 3/10...
[DEBUG 17:11:56] Starting kernel sslsniff: sudo example/sslsniff/sslsniff
[DEBUG 17:11:58] Running wrk with command: wrk https://127.0.0.1:4043/index.html -c 100 -d 10
[DEBUG 17:12:08] Parsing wrk output: Running 10s test @ https://127.0.0.1:4043/index.html
  2 threads and 100 connections
  Thread Stats ...
[DEBUG 17:12:08] Killing sslsniff
  Requests/sec: 11262.57
Run 4/10...
[DEBUG 17:12:09] Starting kernel sslsniff: sudo example/sslsniff/sslsniff
[DEBUG 17:12:11] Running wrk with command: wrk https://127.0.0.1:4043/index.html -c 100 -d 10
[DEBUG 17:12:21] Parsing wrk output: Running 10s test @ https://127.0.0.1:4043/index.html
  2 threads and 100 connections
  Thread Stats ...
[DEBUG 17:12:21] Killing sslsniff
  Requests/sec: 11369.53
Run 5/10...
[DEBUG 17:12:22] Starting kernel sslsniff: sudo example/sslsniff/sslsniff
[DEBUG 17:12:24] Running wrk with command: wrk https://127.0.0.1:4043/index.html -c 100 -d 10
[DEBUG 17:12:34] Parsing wrk output: Running 10s test @ https://127.0.0.1:4043/index.html
  2 threads and 100 connections
  Thread Stats ...
[DEBUG 17:12:34] Killing sslsniff
  Requests/sec: 11372.89
Run 6/10...
[DEBUG 17:12:35] Starting kernel sslsniff: sudo example/sslsniff/sslsniff
[DEBUG 17:12:37] Running wrk with command: wrk https://127.0.0.1:4043/index.html -c 100 -d 10
[DEBUG 17:12:47] Parsing wrk output: Running 10s test @ https://127.0.0.1:4043/index.html
  2 threads and 100 connections
  Thread Stats ...
[DEBUG 17:12:47] Killing sslsniff
  Requests/sec: 11391.88
Run 7/10...
[DEBUG 17:12:48] Starting kernel sslsniff: sudo example/sslsniff/sslsniff
[DEBUG 17:12:50] Running wrk with command: wrk https://127.0.0.1:4043/index.html -c 100 -d 10
[DEBUG 17:13:00] Parsing wrk output: Running 10s test @ https://127.0.0.1:4043/index.html
  2 threads and 100 connections
  Thread Stats ...
[DEBUG 17:13:00] Killing sslsniff
  Requests/sec: 11423.21
Run 8/10...
[DEBUG 17:13:01] Starting kernel sslsniff: sudo example/sslsniff/sslsniff
[DEBUG 17:13:03] Running wrk with command: wrk https://127.0.0.1:4043/index.html -c 100 -d 10
[DEBUG 17:13:13] Parsing wrk output: Running 10s test @ https://127.0.0.1:4043/index.html
  2 threads and 100 connections
  Thread Stats ...
[DEBUG 17:13:13] Killing sslsniff
  Requests/sec: 11273.23
Run 9/10...
[DEBUG 17:13:14] Starting kernel sslsniff: sudo example/sslsniff/sslsniff
[DEBUG 17:13:16] Running wrk with command: wrk https://127.0.0.1:4043/index.html -c 100 -d 10
[DEBUG 17:13:26] Parsing wrk output: Running 10s test @ https://127.0.0.1:4043/index.html
  2 threads and 100 connections
  Thread Stats ...
[DEBUG 17:13:26] Killing sslsniff
  Requests/sec: 11246.23
Run 10/10...
[DEBUG 17:13:27] Starting kernel sslsniff: sudo example/sslsniff/sslsniff
[DEBUG 17:13:29] Running wrk with command: wrk https://127.0.0.1:4043/index.html -c 100 -d 10
[DEBUG 17:13:39] Parsing wrk output: Running 10s test @ https://127.0.0.1:4043/index.html
  2 threads and 100 connections
  Thread Stats ...
[DEBUG 17:13:39] Killing sslsniff
  Requests/sec: 11290.20
[DEBUG 17:13:40] Terminating nginx

=== Running bpftime sslsniff Tests ===
[DEBUG 17:13:40] Cleaning up processes...
[DEBUG 17:13:41] Found nginx PIDs: []
[DEBUG 17:13:41] Found sslsniff PIDs: []
[DEBUG 17:13:42] After cleanup: nginx PIDs: [], sslsniff PIDs: []
[DEBUG 17:13:42] Removing access log: /bpftime/benchmark/ssl-nginx/access.log
[DEBUG 17:13:42] Access log removed successfully
[DEBUG 17:13:42] Checking file: /bpftime/example/sslsniff/sslsniff - EXISTS
[DEBUG 17:13:42] Checking file: /bpftime/build/runtime/agent/libbpftime-agent.so - EXISTS
[DEBUG 17:13:42] Checking file: /bpftime/build/runtime/syscall-server/libbpftime-syscall-server.so - EXISTS
Run 1/10...
[DEBUG 17:13:42] Starting sslsniff with bpftime: LD_PRELOAD=build/runtime/syscall-server/libbpftime-syscall-server.so example/sslsniff/sslsniff
[DEBUG 17:13:44] Starting nginx with bpftime: LD_PRELOAD=build/runtime/agent/libbpftime-agent.so nginx -c /bpftime/benchmark/ssl-nginx/nginx.conf -p /bpftime/benchmark/ssl-nginx
[DEBUG 17:13:46] Running wrk with command: wrk https://127.0.0.1:4043/index.html -c 100 -d 10
[DEBUG 17:13:56] Parsing wrk output: Running 10s test @ https://127.0.0.1:4043/index.html
  2 threads and 100 connections
  Thread Stats ...
  Requests/sec: 12424.83
[DEBUG 17:13:56] Terminating processes
[DEBUG 17:13:56] Cleaning up processes...
[DEBUG 17:13:56] Found nginx PIDs: []
[DEBUG 17:13:56] Found sslsniff PIDs: []
[DEBUG 17:13:57] After cleanup: nginx PIDs: [], sslsniff PIDs: []
Run 2/10...
[DEBUG 17:13:57] Starting sslsniff with bpftime: LD_PRELOAD=build/runtime/syscall-server/libbpftime-syscall-server.so example/sslsniff/sslsniff
[DEBUG 17:13:59] Starting nginx with bpftime: LD_PRELOAD=build/runtime/agent/libbpftime-agent.so nginx -c /bpftime/benchmark/ssl-nginx/nginx.conf -p /bpftime/benchmark/ssl-nginx
[DEBUG 17:14:01] Running wrk with command: wrk https://127.0.0.1:4043/index.html -c 100 -d 10
[DEBUG 17:14:11] Parsing wrk output: Running 10s test @ https://127.0.0.1:4043/index.html
  2 threads and 100 connections
  Thread Stats ...
  Requests/sec: 12385.09
[DEBUG 17:14:11] Terminating processes
[DEBUG 17:14:11] Cleaning up processes...
[DEBUG 17:14:11] Found nginx PIDs: []
[DEBUG 17:14:11] Found sslsniff PIDs: []
[DEBUG 17:14:12] After cleanup: nginx PIDs: [], sslsniff PIDs: []
Run 3/10...
[DEBUG 17:14:12] Starting sslsniff with bpftime: LD_PRELOAD=build/runtime/syscall-server/libbpftime-syscall-server.so example/sslsniff/sslsniff
[DEBUG 17:14:14] Starting nginx with bpftime: LD_PRELOAD=build/runtime/agent/libbpftime-agent.so nginx -c /bpftime/benchmark/ssl-nginx/nginx.conf -p /bpftime/benchmark/ssl-nginx
[DEBUG 17:14:16] Running wrk with command: wrk https://127.0.0.1:4043/index.html -c 100 -d 10
[DEBUG 17:14:26] Parsing wrk output: Running 10s test @ https://127.0.0.1:4043/index.html
  2 threads and 100 connections
  Thread Stats ...
  Requests/sec: 12402.29
[DEBUG 17:14:26] Terminating processes
[DEBUG 17:14:26] Cleaning up processes...
[DEBUG 17:14:26] Found nginx PIDs: []
[DEBUG 17:14:26] Found sslsniff PIDs: []
[DEBUG 17:14:27] After cleanup: nginx PIDs: [], sslsniff PIDs: []
Run 4/10...
[DEBUG 17:14:27] Starting sslsniff with bpftime: LD_PRELOAD=build/runtime/syscall-server/libbpftime-syscall-server.so example/sslsniff/sslsniff
[DEBUG 17:14:29] Starting nginx with bpftime: LD_PRELOAD=build/runtime/agent/libbpftime-agent.so nginx -c /bpftime/benchmark/ssl-nginx/nginx.conf -p /bpftime/benchmark/ssl-nginx
[DEBUG 17:14:31] Running wrk with command: wrk https://127.0.0.1:4043/index.html -c 100 -d 10
[DEBUG 17:14:41] Parsing wrk output: Running 10s test @ https://127.0.0.1:4043/index.html
  2 threads and 100 connections
  Thread Stats ...
  Requests/sec: 12175.20
[DEBUG 17:14:41] Terminating processes
[DEBUG 17:14:41] Cleaning up processes...
[DEBUG 17:14:41] Found nginx PIDs: []
[DEBUG 17:14:41] Found sslsniff PIDs: []
[DEBUG 17:14:43] After cleanup: nginx PIDs: [], sslsniff PIDs: []
Run 5/10...
[DEBUG 17:14:43] Starting sslsniff with bpftime: LD_PRELOAD=build/runtime/syscall-server/libbpftime-syscall-server.so example/sslsniff/sslsniff
[DEBUG 17:14:45] Starting nginx with bpftime: LD_PRELOAD=build/runtime/agent/libbpftime-agent.so nginx -c /bpftime/benchmark/ssl-nginx/nginx.conf -p /bpftime/benchmark/ssl-nginx
[DEBUG 17:14:47] Running wrk with command: wrk https://127.0.0.1:4043/index.html -c 100 -d 10
[DEBUG 17:14:57] Parsing wrk output: Running 10s test @ https://127.0.0.1:4043/index.html
  2 threads and 100 connections
  Thread Stats ...
  Requests/sec: 12277.75
[DEBUG 17:14:57] Terminating processes
[DEBUG 17:14:57] Cleaning up processes...
[DEBUG 17:14:57] Found nginx PIDs: []
[DEBUG 17:14:57] Found sslsniff PIDs: []
[DEBUG 17:14:58] After cleanup: nginx PIDs: [], sslsniff PIDs: []
Run 6/10...
[DEBUG 17:14:58] Starting sslsniff with bpftime: LD_PRELOAD=build/runtime/syscall-server/libbpftime-syscall-server.so example/sslsniff/sslsniff
[DEBUG 17:15:00] Starting nginx with bpftime: LD_PRELOAD=build/runtime/agent/libbpftime-agent.so nginx -c /bpftime/benchmark/ssl-nginx/nginx.conf -p /bpftime/benchmark/ssl-nginx
[DEBUG 17:15:02] Running wrk with command: wrk https://127.0.0.1:4043/index.html -c 100 -d 10
[DEBUG 17:15:12] Parsing wrk output: Running 10s test @ https://127.0.0.1:4043/index.html
  2 threads and 100 connections
  Thread Stats ...
  Requests/sec: 12316.03
[DEBUG 17:15:12] Terminating processes
[DEBUG 17:15:12] Cleaning up processes...
[DEBUG 17:15:12] Found nginx PIDs: []
[DEBUG 17:15:12] Found sslsniff PIDs: []
[DEBUG 17:15:13] After cleanup: nginx PIDs: [], sslsniff PIDs: []
Run 7/10...
[DEBUG 17:15:13] Starting sslsniff with bpftime: LD_PRELOAD=build/runtime/syscall-server/libbpftime-syscall-server.so example/sslsniff/sslsniff
[DEBUG 17:15:15] Starting nginx with bpftime: LD_PRELOAD=build/runtime/agent/libbpftime-agent.so nginx -c /bpftime/benchmark/ssl-nginx/nginx.conf -p /bpftime/benchmark/ssl-nginx
[DEBUG 17:15:17] Running wrk with command: wrk https://127.0.0.1:4043/index.html -c 100 -d 10
[DEBUG 17:15:27] Parsing wrk output: Running 10s test @ https://127.0.0.1:4043/index.html
  2 threads and 100 connections
  Thread Stats ...
  Requests/sec: 12053.54
[DEBUG 17:15:27] Terminating processes
[DEBUG 17:15:27] Cleaning up processes...
[DEBUG 17:15:27] Found nginx PIDs: []
[DEBUG 17:15:27] Found sslsniff PIDs: []
[DEBUG 17:15:28] After cleanup: nginx PIDs: [], sslsniff PIDs: []
Run 8/10...
[DEBUG 17:15:28] Starting sslsniff with bpftime: LD_PRELOAD=build/runtime/syscall-server/libbpftime-syscall-server.so example/sslsniff/sslsniff
[DEBUG 17:15:30] Starting nginx with bpftime: LD_PRELOAD=build/runtime/agent/libbpftime-agent.so nginx -c /bpftime/benchmark/ssl-nginx/nginx.conf -p /bpftime/benchmark/ssl-nginx
[DEBUG 17:15:32] Running wrk with command: wrk https://127.0.0.1:4043/index.html -c 100 -d 10
[DEBUG 17:15:42] Parsing wrk output: Running 10s test @ https://127.0.0.1:4043/index.html
  2 threads and 100 connections
  Thread Stats ...
  Requests/sec: 12615.47
[DEBUG 17:15:42] Terminating processes
[DEBUG 17:15:42] Cleaning up processes...
[DEBUG 17:15:42] Found nginx PIDs: []
[DEBUG 17:15:42] Found sslsniff PIDs: []
[DEBUG 17:15:43] After cleanup: nginx PIDs: [], sslsniff PIDs: []
Run 9/10...
[DEBUG 17:15:43] Starting sslsniff with bpftime: LD_PRELOAD=build/runtime/syscall-server/libbpftime-syscall-server.so example/sslsniff/sslsniff
[DEBUG 17:15:45] Starting nginx with bpftime: LD_PRELOAD=build/runtime/agent/libbpftime-agent.so nginx -c /bpftime/benchmark/ssl-nginx/nginx.conf -p /bpftime/benchmark/ssl-nginx
[DEBUG 17:15:47] Running wrk with command: wrk https://127.0.0.1:4043/index.html -c 100 -d 10
[DEBUG 17:15:57] Parsing wrk output: Running 10s test @ https://127.0.0.1:4043/index.html
  2 threads and 100 connections
  Thread Stats ...
  Requests/sec: 12300.29
[DEBUG 17:15:57] Terminating processes
[DEBUG 17:15:57] Cleaning up processes...
[DEBUG 17:15:57] Found nginx PIDs: []
[DEBUG 17:15:57] Found sslsniff PIDs: []
[DEBUG 17:15:58] After cleanup: nginx PIDs: [], sslsniff PIDs: []
Run 10/10...
[DEBUG 17:15:58] Starting sslsniff with bpftime: LD_PRELOAD=build/runtime/syscall-server/libbpftime-syscall-server.so example/sslsniff/sslsniff
[DEBUG 17:16:00] Starting nginx with bpftime: LD_PRELOAD=build/runtime/agent/libbpftime-agent.so nginx -c /bpftime/benchmark/ssl-nginx/nginx.conf -p /bpftime/benchmark/ssl-nginx
[DEBUG 17:16:02] Running wrk with command: wrk https://127.0.0.1:4043/index.html -c 100 -d 10
[DEBUG 17:16:13] Parsing wrk output: Running 10s test @ https://127.0.0.1:4043/index.html
  2 threads and 100 connections
  Thread Stats ...
  Requests/sec: 12341.19
[DEBUG 17:16:13] Terminating processes
[DEBUG 17:16:13] Cleaning up processes...
[DEBUG 17:16:13] Found nginx PIDs: []
[DEBUG 17:16:13] Found sslsniff PIDs: []
[DEBUG 17:16:14] After cleanup: nginx PIDs: [], sslsniff PIDs: []

=== Benchmark Results ===
Each configuration run 10 times

Baseline:
  Requests/sec (mean):   16442.35
  Requests/sec (median): 16447.96
  Standard deviation:    149.32
  Min:                   16219.22
  Max:                   16684.30
  All runs:              [16562.31, 16426.92, 16684.3, 16578.11, 16234.27, 16469.0, 16219.22, 16355.24, 16508.9, 16385.27]

Kernel Sslsniff:
  Requests/sec (mean):   11316.67
  Requests/sec (median): 11329.87
  Standard deviation:    96.66
  Min:                   11116.80
  Max:                   11423.21
  All runs:              [11420.14, 11116.8, 11262.57, 11369.53, 11372.89, 11391.88, 11423.21, 11273.23, 11246.23, 11290.2]

Bpftime Sslsniff:
  Requests/sec (mean):   12329.17
  Requests/sec (median): 12328.61
  Standard deviation:    150.21
  Min:                   12053.54
  Max:                   12615.47
  All runs:              [12424.83, 12385.09, 12402.29, 12175.2, 12277.75, 12316.03, 12053.54, 12615.47, 12300.29, 12341.19]

Kernel sslsniff performance impact: 31.17% decrease
bpftime sslsniff performance impact: 25.02% decrease
bpftime improvement over kernel: 8.95%

Results saved to benchmark/ssl-nginx/benchmark_results_20260726_171614.json
[DEBUG 17:16:14] Cleaning up before exit
[DEBUG 17:16:14] Cleaning up processes...
[DEBUG 17:16:14] Found nginx PIDs: []
[DEBUG 17:16:14] Found sslsniff PIDs: []
[DEBUG 17:16:15] After cleanup: nginx PIDs: [], sslsniff PIDs: []
