index.html bytes: 16
[DEBUG 20:19:41] Starting benchmark script
[DEBUG 20:19:41] Current working directory: /bpftime
[DEBUG 20:19:41] Checking command: nginx - EXISTS
[DEBUG 20:19:41]   Path: /usr/sbin/nginx
[DEBUG 20:19:41] Checking file: /bpftime/build/runtime/agent/libbpftime-agent.so - EXISTS
[DEBUG 20:19:41] Checking file: /bpftime/build/runtime/syscall-server/libbpftime-syscall-server.so - EXISTS
[DEBUG 20:19:41] Checking file: /bpftime/example/sslsniff/sslsniff - EXISTS
[DEBUG 20:19:41] Checking command: wrk - EXISTS
[DEBUG 20:19:41]   Path: /usr/bin/wrk

=== Running Baseline Tests ===
[DEBUG 20:19:41] Cleaning up processes...
[DEBUG 20:19:41] Found nginx PIDs: []
[DEBUG 20:19:41] Found sslsniff PIDs: []
[DEBUG 20:19:42] After cleanup: nginx PIDs: [], sslsniff PIDs: []
[DEBUG 20:19:42] Removing access log: /bpftime/benchmark/ssl-nginx/access.log
[DEBUG 20:19:42] Access log removed successfully
[DEBUG 20:19:42] Checking command: nginx - EXISTS
[DEBUG 20:19:42]   Path: /usr/sbin/nginx
[DEBUG 20:19:42] Current directory: /bpftime
[DEBUG 20:19:42] Checking if nginx.conf exists: True
[DEBUG 20:19:42] Starting nginx with command: nginx -c /bpftime/benchmark/ssl-nginx/nginx.conf -p /bpftime/benchmark/ssl-nginx
[DEBUG 20:19:44] nginx started successfully
[DEBUG 20:19:44] Error checking nginx: [Errno 2] No such file or directory: 'curl'
Run 1/10...
[DEBUG 20:19:44] Running wrk with command: wrk https://127.0.0.1:4043/index.html -c 100 -d 10
[DEBUG 20:19:54] wrk exit code: 0
[DEBUG 20:19:54] Parsing wrk output: Running 10s test @ https://127.0.0.1:4043/index.html
  2 threads and 100 connections
  Thread Stats ...
  Requests/sec: 16499.54
Run 2/10...
[DEBUG 20:19:54] Running wrk with command: wrk https://127.0.0.1:4043/index.html -c 100 -d 10
[DEBUG 20:20:04] wrk exit code: 0
[DEBUG 20:20:04] Parsing wrk output: Running 10s test @ https://127.0.0.1:4043/index.html
  2 threads and 100 connections
  Thread Stats ...
  Requests/sec: 16308.86
Run 3/10...
[DEBUG 20:20:04] Running wrk with command: wrk https://127.0.0.1:4043/index.html -c 100 -d 10
[DEBUG 20:20:14] wrk exit code: 0
[DEBUG 20:20:14] Parsing wrk output: Running 10s test @ https://127.0.0.1:4043/index.html
  2 threads and 100 connections
  Thread Stats ...
  Requests/sec: 16493.71
Run 4/10...
[DEBUG 20:20:14] Running wrk with command: wrk https://127.0.0.1:4043/index.html -c 100 -d 10
[DEBUG 20:20:24] wrk exit code: 0
[DEBUG 20:20:24] Parsing wrk output: Running 10s test @ https://127.0.0.1:4043/index.html
  2 threads and 100 connections
  Thread Stats ...
  Requests/sec: 16336.27
Run 5/10...
[DEBUG 20:20:24] Running wrk with command: wrk https://127.0.0.1:4043/index.html -c 100 -d 10
[DEBUG 20:20:34] wrk exit code: 0
[DEBUG 20:20:34] Parsing wrk output: Running 10s test @ https://127.0.0.1:4043/index.html
  2 threads and 100 connections
  Thread Stats ...
  Requests/sec: 15968.11
Run 6/10...
[DEBUG 20:20:34] Running wrk with command: wrk https://127.0.0.1:4043/index.html -c 100 -d 10
[DEBUG 20:20:44] wrk exit code: 0
[DEBUG 20:20:44] Parsing wrk output: Running 10s test @ https://127.0.0.1:4043/index.html
  2 threads and 100 connections
  Thread Stats ...
  Requests/sec: 16001.31
Run 7/10...
[DEBUG 20:20:44] Running wrk with command: wrk https://127.0.0.1:4043/index.html -c 100 -d 10
[DEBUG 20:20:54] wrk exit code: 0
[DEBUG 20:20:54] Parsing wrk output: Running 10s test @ https://127.0.0.1:4043/index.html
  2 threads and 100 connections
  Thread Stats ...
  Requests/sec: 16327.75
Run 8/10...
[DEBUG 20:20:54] Running wrk with command: wrk https://127.0.0.1:4043/index.html -c 100 -d 10
