=== fair validation batch start Mon Jul 27 03:49:17 AM JST 2026 ===
--- [03:49:17] 16B round 2
      baseline: n=10 median=16542.9
   kernel_fair: n=10 median=11371.0
       bpftime: n=10 median=12332.0
OK: fair fixed 16B -> /home/jetson/src/benchmark-results/v4-ablation/fair/fixed/16b-run05
--- [03:57:06] 16B round 3
      baseline: n=10 median=16692.7
   kernel_fair: n=10 median=11511.1
       bpftime: n=10 median=12315.1
OK: fair fixed 16B -> /home/jetson/src/benchmark-results/v4-ablation/fair/fixed/16b-run06
--- [04:04:55] 256KB round 1
      baseline: n=10 median=1702.6
   kernel_fair: n=10 median=1191.7
       bpftime: n=10 median=1311.8
OK: fair fixed 262144B -> /home/jetson/src/benchmark-results/v4-ablation/fair/fixed/262144b-run01
--- [04:12:43] 256KB round 2
      baseline: n=10 median=1697.1
   kernel_fair: n=10 median=1181.3
       bpftime: n=10 median=1286.0
OK: fair fixed 262144B -> /home/jetson/src/benchmark-results/v4-ablation/fair/fixed/262144b-run02
--- [04:20:31] 256KB round 3
      baseline: n=10 median=1698.0
   kernel_fair: n=10 median=1159.0
       bpftime: n=10 median=1297.5
OK: fair fixed 262144B -> /home/jetson/src/benchmark-results/v4-ablation/fair/fixed/262144b-run03
=== FAIR-VALIDATION-DONE Mon Jul 27 04:28:19 AM JST 2026 ===
