index.html bytes: 16
[DEBUG 16:03:39] Starting benchmark script
[DEBUG 16:03:39] Current working directory: /bpftime
[DEBUG 16:03:39] Checking command: nginx - EXISTS
[DEBUG 16:03:39]   Path: /usr/sbin/nginx
[DEBUG 16:03:39] Checking file: /bpftime/build/runtime/agent/libbpftime-agent.so - EXISTS
[DEBUG 16:03:39] Checking file: /bpftime/build/runtime/syscall-server/libbpftime-syscall-server.so - EXISTS
[DEBUG 16:03:39] Checking file: /bpftime/example/sslsniff/sslsniff - EXISTS
[DEBUG 16:03:39] Checking command: wrk - EXISTS
[DEBUG 16:03:39]   Path: /usr/bin/wrk

=== Running Baseline Tests ===
[DEBUG 16:03:39] Cleaning up processes...
[DEBUG 16:03:39] Found nginx PIDs: []
[DEBUG 16:03:39] Found sslsniff PIDs: []
[DEBUG 16:03:40] After cleanup: nginx PIDs: [], sslsniff PIDs: []
[DEBUG 16:03:40] Removing access log: /bpftime/benchmark/ssl-nginx/access.log
[DEBUG 16:03:40] Access log removed successfully
[DEBUG 16:03:40] Checking command: nginx - EXISTS
[DEBUG 16:03:40]   Path: /usr/sbin/nginx
[DEBUG 16:03:40] Current directory: /bpftime
[DEBUG 16:03:40] Checking if nginx.conf exists: True
[DEBUG 16:03:40] Starting nginx with command: nginx -c /bpftime/benchmark/ssl-nginx/nginx.conf -p /bpftime/benchmark/ssl-nginx
[DEBUG 16:03:42] nginx started successfully
[DEBUG 16:03:42] Error checking nginx: [Errno 2] No such file or directory: 'curl'
Run 1/10...
[DEBUG 16:03:42] Running wrk with command: wrk https://127.0.0.1:4043/index.html -c 100 -d 10
[DEBUG 16:03:52] wrk exit code: 0
[DEBUG 16:03:52] Parsing wrk output: Running 10s test @ https://127.0.0.1:4043/index.html
  2 threads and 100 connections
  Thread Stats ...
  Requests/sec: 16746.88
Run 2/10...
[DEBUG 16:03:52] Running wrk with command: wrk https://127.0.0.1:4043/index.html -c 100 -d 10
[DEBUG 16:04:02] wrk exit code: 0
[DEBUG 16:04:02] Parsing wrk output: Running 10s test @ https://127.0.0.1:4043/index.html
  2 threads and 100 connections
  Thread Stats ...
  Requests/sec: 16724.65
Run 3/10...
[DEBUG 16:04:02] Running wrk with command: wrk https://127.0.0.1:4043/index.html -c 100 -d 10
[DEBUG 16:04:12] wrk exit code: 0
[DEBUG 16:04:12] Parsing wrk output: Running 10s test @ https://127.0.0.1:4043/index.html
  2 threads and 100 connections
  Thread Stats ...
  Requests/sec: 16503.38
Run 4/10...
[DEBUG 16:04:12] Running wrk with command: wrk https://127.0.0.1:4043/index.html -c 100 -d 10
[DEBUG 16:04:22] wrk exit code: 0
[DEBUG 16:04:22] Parsing wrk output: Running 10s test @ https://127.0.0.1:4043/index.html
  2 threads and 100 connections
  Thread Stats ...
  Requests/sec: 16474.73
Run 5/10...
[DEBUG 16:04:22] Running wrk with command: wrk https://127.0.0.1:4043/index.html -c 100 -d 10
[DEBUG 16:04:32] wrk exit code: 0
[DEBUG 16:04:32] Parsing wrk output: Running 10s test @ https://127.0.0.1:4043/index.html
  2 threads and 100 connections
  Thread Stats ...
  Requests/sec: 16463.19
Run 6/10...
[DEBUG 16:04:32] Running wrk with command: wrk https://127.0.0.1:4043/index.html -c 100 -d 10
[DEBUG 16:04:42] wrk exit code: 0
[DEBUG 16:04:42] Parsing wrk output: Running 10s test @ https://127.0.0.1:4043/index.html
  2 threads and 100 connections
  Thread Stats ...
  Requests/sec: 16430.66
Run 7/10...
[DEBUG 16:04:42] Running wrk with command: wrk https://127.0.0.1:4043/index.html -c 100 -d 10
[DEBUG 16:04:52] wrk exit code: 0
[DEBUG 16:04:52] Parsing wrk output: Running 10s test @ https://127.0.0.1:4043/index.html
  2 threads and 100 connections
  Thread Stats ...
  Requests/sec: 16527.19
Run 8/10...
[DEBUG 16:04:52] Running wrk with command: wrk https://127.0.0.1:4043/index.html -c 100 -d 10
[DEBUG 16:05:02] wrk exit code: 0
[DEBUG 16:05:02] Parsing wrk output: Running 10s test @ https://127.0.0.1:4043/index.html
  2 threads and 100 connections
  Thread Stats ...
  Requests/sec: 16376.37
Run 9/10...
[DEBUG 16:05:02] Running wrk with command: wrk https://127.0.0.1:4043/index.html -c 100 -d 10
[DEBUG 16:05:12] wrk exit code: 0
[DEBUG 16:05:12] Parsing wrk output: Running 10s test @ https://127.0.0.1:4043/index.html
  2 threads and 100 connections
  Thread Stats ...
  Requests/sec: 16399.99
Run 10/10...
[DEBUG 16:05:12] Running wrk with command: wrk https://127.0.0.1:4043/index.html -c 100 -d 10
[DEBUG 16:05:23] wrk exit code: 0
[DEBUG 16:05:23] Parsing wrk output: Running 10s test @ https://127.0.0.1:4043/index.html
  2 threads and 100 connections
  Thread Stats ...
  Requests/sec: 16433.38
[DEBUG 16:05:23] Terminating nginx

=== Running Kernel sslsniff Tests ===
[DEBUG 16:05:23] Cleaning up processes...
[DEBUG 16:05:23] Found nginx PIDs: []
[DEBUG 16:05:23] Found sslsniff PIDs: []
[DEBUG 16:05:24] After cleanup: nginx PIDs: [], sslsniff PIDs: []
[DEBUG 16:05:24] Removing access log: /bpftime/benchmark/ssl-nginx/access.log
[DEBUG 16:05:24] Access log removed successfully
[DEBUG 16:05:24] Checking file: /bpftime/example/sslsniff/sslsniff - EXISTS
[DEBUG 16:05:24] Starting nginx with command: nginx -c /bpftime/benchmark/ssl-nginx/nginx.conf -p /bpftime/benchmark/ssl-nginx
Run 1/10...
[DEBUG 16:05:26] Starting kernel sslsniff: sudo example/sslsniff/sslsniff
[DEBUG 16:05:28] Running wrk with command: wrk https://127.0.0.1:4043/index.html -c 100 -d 10
[DEBUG 16:05:38] Parsing wrk output: Running 10s test @ https://127.0.0.1:4043/index.html
  2 threads and 100 connections
  Thread Stats ...
[DEBUG 16:05:38] Killing sslsniff
  Requests/sec: 11510.97
Run 2/10...
[DEBUG 16:05:39] Starting kernel sslsniff: sudo example/sslsniff/sslsniff
[DEBUG 16:05:41] Running wrk with command: wrk https://127.0.0.1:4043/index.html -c 100 -d 10
[DEBUG 16:05:51] Parsing wrk output: Running 10s test @ https://127.0.0.1:4043/index.html
  2 threads and 100 connections
  Thread Stats ...
[DEBUG 16:05:51] Killing sslsniff
  Requests/sec: 11245.64
Run 3/10...
[DEBUG 16:05:52] Starting kernel sslsniff: sudo example/sslsniff/sslsniff
[DEBUG 16:05:54] Running wrk with command: wrk https://127.0.0.1:4043/index.html -c 100 -d 10
[DEBUG 16:06:04] Parsing wrk output: Running 10s test @ https://127.0.0.1:4043/index.html
  2 threads and 100 connections
  Thread Stats ...
[DEBUG 16:06:04] Killing sslsniff
  Requests/sec: 11184.47
Run 4/10...
[DEBUG 16:06:05] Starting kernel sslsniff: sudo example/sslsniff/sslsniff
[DEBUG 16:06:07] Running wrk with command: wrk https://127.0.0.1:4043/index.html -c 100 -d 10
[DEBUG 16:06:17] Parsing wrk output: Running 10s test @ https://127.0.0.1:4043/index.html
  2 threads and 100 connections
  Thread Stats ...
[DEBUG 16:06:17] Killing sslsniff
  Requests/sec: 11418.70
Run 5/10...
[DEBUG 16:06:18] Starting kernel sslsniff: sudo example/sslsniff/sslsniff
[DEBUG 16:06:20] Running wrk with command: wrk https://127.0.0.1:4043/index.html -c 100 -d 10
[DEBUG 16:06:30] Parsing wrk output: Running 10s test @ https://127.0.0.1:4043/index.html
  2 threads and 100 connections
  Thread Stats ...
[DEBUG 16:06:30] Killing sslsniff
  Requests/sec: 11339.46
Run 6/10...
[DEBUG 16:06:31] Starting kernel sslsniff: sudo example/sslsniff/sslsniff
[DEBUG 16:06:33] Running wrk with command: wrk https://127.0.0.1:4043/index.html -c 100 -d 10
[DEBUG 16:06:44] Parsing wrk output: Running 10s test @ https://127.0.0.1:4043/index.html
  2 threads and 100 connections
  Thread Stats ...
[DEBUG 16:06:44] Killing sslsniff
  Requests/sec: 11436.07
Run 7/10...
[DEBUG 16:06:45] Starting kernel sslsniff: sudo example/sslsniff/sslsniff
[DEBUG 16:06:47] Running wrk with command: wrk https://127.0.0.1:4043/index.html -c 100 -d 10
[DEBUG 16:06:57] Parsing wrk output: Running 10s test @ https://127.0.0.1:4043/index.html
  2 threads and 100 connections
  Thread Stats ...
[DEBUG 16:06:57] Killing sslsniff
  Requests/sec: 11218.65
Run 8/10...
[DEBUG 16:06:58] Starting kernel sslsniff: sudo example/sslsniff/sslsniff
[DEBUG 16:07:00] Running wrk with command: wrk https://127.0.0.1:4043/index.html -c 100 -d 10
[DEBUG 16:07:10] Parsing wrk output: Running 10s test @ https://127.0.0.1:4043/index.html
  2 threads and 100 connections
  Thread Stats ...
[DEBUG 16:07:10] Killing sslsniff
  Requests/sec: 11252.85
Run 9/10...
[DEBUG 16:07:11] Starting kernel sslsniff: sudo example/sslsniff/sslsniff
[DEBUG 16:07:13] Running wrk with command: wrk https://127.0.0.1:4043/index.html -c 100 -d 10
[DEBUG 16:07:23] Parsing wrk output: Running 10s test @ https://127.0.0.1:4043/index.html
  2 threads and 100 connections
  Thread Stats ...
[DEBUG 16:07:23] Killing sslsniff
  Requests/sec: 11472.11
Run 10/10...
[DEBUG 16:07:24] Starting kernel sslsniff: sudo example/sslsniff/sslsniff
[DEBUG 16:07:26] Running wrk with command: wrk https://127.0.0.1:4043/index.html -c 100 -d 10
[DEBUG 16:07:36] Parsing wrk output: Running 10s test @ https://127.0.0.1:4043/index.html
  2 threads and 100 connections
  Thread Stats ...
[DEBUG 16:07:36] Killing sslsniff
  Requests/sec: 11226.79
[DEBUG 16:07:37] Terminating nginx

=== Running bpftime sslsniff Tests ===
[DEBUG 16:07:37] Cleaning up processes...
[DEBUG 16:07:37] Found nginx PIDs: []
[DEBUG 16:07:37] Found sslsniff PIDs: []
[DEBUG 16:07:38] After cleanup: nginx PIDs: [], sslsniff PIDs: []
[DEBUG 16:07:38] Removing access log: /bpftime/benchmark/ssl-nginx/access.log
[DEBUG 16:07:38] Access log removed successfully
[DEBUG 16:07:38] Checking file: /bpftime/example/sslsniff/sslsniff - EXISTS
[DEBUG 16:07:38] Checking file: /bpftime/build/runtime/agent/libbpftime-agent.so - EXISTS
[DEBUG 16:07:38] Checking file: /bpftime/build/runtime/syscall-server/libbpftime-syscall-server.so - EXISTS
Run 1/10...
[DEBUG 16:07:38] Starting sslsniff with bpftime: LD_PRELOAD=build/runtime/syscall-server/libbpftime-syscall-server.so example/sslsniff/sslsniff
[DEBUG 16:07:40] Starting nginx with bpftime: LD_PRELOAD=build/runtime/agent/libbpftime-agent.so nginx -c /bpftime/benchmark/ssl-nginx/nginx.conf -p /bpftime/benchmark/ssl-nginx
[DEBUG 16:07:42] Running wrk with command: wrk https://127.0.0.1:4043/index.html -c 100 -d 10
[DEBUG 16:07:52] Parsing wrk output: Running 10s test @ https://127.0.0.1:4043/index.html
  2 threads and 100 connections
  Thread Stats ...
  Requests/sec: 12467.54
[DEBUG 16:07:52] Terminating processes
[DEBUG 16:07:52] Cleaning up processes...
[DEBUG 16:07:52] Found nginx PIDs: []
[DEBUG 16:07:52] Found sslsniff PIDs: []
[DEBUG 16:07:53] After cleanup: nginx PIDs: [], sslsniff PIDs: []
Run 2/10...
[DEBUG 16:07:53] Starting sslsniff with bpftime: LD_PRELOAD=build/runtime/syscall-server/libbpftime-syscall-server.so example/sslsniff/sslsniff
[DEBUG 16:07:55] Starting nginx with bpftime: LD_PRELOAD=build/runtime/agent/libbpftime-agent.so nginx -c /bpftime/benchmark/ssl-nginx/nginx.conf -p /bpftime/benchmark/ssl-nginx
[DEBUG 16:07:57] Running wrk with command: wrk https://127.0.0.1:4043/index.html -c 100 -d 10
[DEBUG 16:08:07] Parsing wrk output: Running 10s test @ https://127.0.0.1:4043/index.html
  2 threads and 100 connections
  Thread Stats ...
  Requests/sec: 12389.10
[DEBUG 16:08:07] Terminating processes
[DEBUG 16:08:07] Cleaning up processes...
[DEBUG 16:08:07] Found nginx PIDs: []
[DEBUG 16:08:07] Found sslsniff PIDs: []
[DEBUG 16:08:08] After cleanup: nginx PIDs: [], sslsniff PIDs: []
Run 3/10...
[DEBUG 16:08:08] Starting sslsniff with bpftime: LD_PRELOAD=build/runtime/syscall-server/libbpftime-syscall-server.so example/sslsniff/sslsniff
[DEBUG 16:08:10] Starting nginx with bpftime: LD_PRELOAD=build/runtime/agent/libbpftime-agent.so nginx -c /bpftime/benchmark/ssl-nginx/nginx.conf -p /bpftime/benchmark/ssl-nginx
[DEBUG 16:08:12] Running wrk with command: wrk https://127.0.0.1:4043/index.html -c 100 -d 10
[DEBUG 16:08:23] Parsing wrk output: Running 10s test @ https://127.0.0.1:4043/index.html
  2 threads and 100 connections
  Thread Stats ...
  Requests/sec: 12190.15
[DEBUG 16:08:23] Terminating processes
[DEBUG 16:08:23] Cleaning up processes...
[DEBUG 16:08:23] Found nginx PIDs: []
[DEBUG 16:08:23] Found sslsniff PIDs: []
[DEBUG 16:08:24] After cleanup: nginx PIDs: [], sslsniff PIDs: []
Run 4/10...
[DEBUG 16:08:24] Starting sslsniff with bpftime: LD_PRELOAD=build/runtime/syscall-server/libbpftime-syscall-server.so example/sslsniff/sslsniff
[DEBUG 16:08:26] Starting nginx with bpftime: LD_PRELOAD=build/runtime/agent/libbpftime-agent.so nginx -c /bpftime/benchmark/ssl-nginx/nginx.conf -p /bpftime/benchmark/ssl-nginx
[DEBUG 16:08:28] Running wrk with command: wrk https://127.0.0.1:4043/index.html -c 100 -d 10
[DEBUG 16:08:38] Parsing wrk output: Running 10s test @ https://127.0.0.1:4043/index.html
  2 threads and 100 connections
  Thread Stats ...
  Requests/sec: 12413.95
[DEBUG 16:08:38] Terminating processes
[DEBUG 16:08:38] Cleaning up processes...
[DEBUG 16:08:38] Found nginx PIDs: []
[DEBUG 16:08:38] Found sslsniff PIDs: []
[DEBUG 16:08:39] After cleanup: nginx PIDs: [], sslsniff PIDs: []
Run 5/10...
[DEBUG 16:08:39] Starting sslsniff with bpftime: LD_PRELOAD=build/runtime/syscall-server/libbpftime-syscall-server.so example/sslsniff/sslsniff
[DEBUG 16:08:41] Starting nginx with bpftime: LD_PRELOAD=build/runtime/agent/libbpftime-agent.so nginx -c /bpftime/benchmark/ssl-nginx/nginx.conf -p /bpftime/benchmark/ssl-nginx
[DEBUG 16:08:43] Running wrk with command: wrk https://127.0.0.1:4043/index.html -c 100 -d 10
[DEBUG 16:08:53] Parsing wrk output: Running 10s test @ https://127.0.0.1:4043/index.html
  2 threads and 100 connections
  Thread Stats ...
  Requests/sec: 12201.36
[DEBUG 16:08:53] Terminating processes
[DEBUG 16:08:53] Cleaning up processes...
[DEBUG 16:08:53] Found nginx PIDs: []
[DEBUG 16:08:53] Found sslsniff PIDs: []
[DEBUG 16:08:54] After cleanup: nginx PIDs: [], sslsniff PIDs: []
Run 6/10...
[DEBUG 16:08:54] Starting sslsniff with bpftime: LD_PRELOAD=build/runtime/syscall-server/libbpftime-syscall-server.so example/sslsniff/sslsniff
[DEBUG 16:08:56] Starting nginx with bpftime: LD_PRELOAD=build/runtime/agent/libbpftime-agent.so nginx -c /bpftime/benchmark/ssl-nginx/nginx.conf -p /bpftime/benchmark/ssl-nginx
[DEBUG 16:08:58] Running wrk with command: wrk https://127.0.0.1:4043/index.html -c 100 -d 10
[DEBUG 16:09:08] Parsing wrk output: Running 10s test @ https://127.0.0.1:4043/index.html
  2 threads and 100 connections
  Thread Stats ...
  Requests/sec: 12535.06
[DEBUG 16:09:08] Terminating processes
[DEBUG 16:09:08] Cleaning up processes...
[DEBUG 16:09:08] Found nginx PIDs: []
[DEBUG 16:09:08] Found sslsniff PIDs: []
[DEBUG 16:09:09] After cleanup: nginx PIDs: [], sslsniff PIDs: []
Run 7/10...
[DEBUG 16:09:09] Starting sslsniff with bpftime: LD_PRELOAD=build/runtime/syscall-server/libbpftime-syscall-server.so example/sslsniff/sslsniff
[DEBUG 16:09:11] Starting nginx with bpftime: LD_PRELOAD=build/runtime/agent/libbpftime-agent.so nginx -c /bpftime/benchmark/ssl-nginx/nginx.conf -p /bpftime/benchmark/ssl-nginx
[DEBUG 16:09:13] Running wrk with command: wrk https://127.0.0.1:4043/index.html -c 100 -d 10
[DEBUG 16:09:23] Parsing wrk output: Running 10s test @ https://127.0.0.1:4043/index.html
  2 threads and 100 connections
  Thread Stats ...
  Requests/sec: 12192.25
[DEBUG 16:09:23] Terminating processes
[DEBUG 16:09:23] Cleaning up processes...
[DEBUG 16:09:23] Found nginx PIDs: []
[DEBUG 16:09:23] Found sslsniff PIDs: []
[DEBUG 16:09:24] After cleanup: nginx PIDs: [], sslsniff PIDs: []
Run 8/10...
[DEBUG 16:09:24] Starting sslsniff with bpftime: LD_PRELOAD=build/runtime/syscall-server/libbpftime-syscall-server.so example/sslsniff/sslsniff
[DEBUG 16:09:26] Starting nginx with bpftime: LD_PRELOAD=build/runtime/agent/libbpftime-agent.so nginx -c /bpftime/benchmark/ssl-nginx/nginx.conf -p /bpftime/benchmark/ssl-nginx
[DEBUG 16:09:28] Running wrk with command: wrk https://127.0.0.1:4043/index.html -c 100 -d 10
[DEBUG 16:09:39] Parsing wrk output: Running 10s test @ https://127.0.0.1:4043/index.html
  2 threads and 100 connections
  Thread Stats ...
  Requests/sec: 12509.37
[DEBUG 16:09:39] Terminating processes
[DEBUG 16:09:39] Cleaning up processes...
[DEBUG 16:09:39] Found nginx PIDs: []
[DEBUG 16:09:39] Found sslsniff PIDs: []
[DEBUG 16:09:40] After cleanup: nginx PIDs: [], sslsniff PIDs: []
Run 9/10...
[DEBUG 16:09:40] Starting sslsniff with bpftime: LD_PRELOAD=build/runtime/syscall-server/libbpftime-syscall-server.so example/sslsniff/sslsniff
[DEBUG 16:09:42] Starting nginx with bpftime: LD_PRELOAD=build/runtime/agent/libbpftime-agent.so nginx -c /bpftime/benchmark/ssl-nginx/nginx.conf -p /bpftime/benchmark/ssl-nginx
[DEBUG 16:09:44] Running wrk with command: wrk https://127.0.0.1:4043/index.html -c 100 -d 10
[DEBUG 16:09:54] Parsing wrk output: Running 10s test @ https://127.0.0.1:4043/index.html
  2 threads and 100 connections
  Thread Stats ...
  Requests/sec: 12320.72
[DEBUG 16:09:54] Terminating processes
[DEBUG 16:09:54] Cleaning up processes...
[DEBUG 16:09:54] Found nginx PIDs: []
[DEBUG 16:09:54] Found sslsniff PIDs: []
[DEBUG 16:09:55] After cleanup: nginx PIDs: [], sslsniff PIDs: []
Run 10/10...
[DEBUG 16:09:55] Starting sslsniff with bpftime: LD_PRELOAD=build/runtime/syscall-server/libbpftime-syscall-server.so example/sslsniff/sslsniff
[DEBUG 16:09:57] Starting nginx with bpftime: LD_PRELOAD=build/runtime/agent/libbpftime-agent.so nginx -c /bpftime/benchmark/ssl-nginx/nginx.conf -p /bpftime/benchmark/ssl-nginx
[DEBUG 16:09:59] Running wrk with command: wrk https://127.0.0.1:4043/index.html -c 100 -d 10
[DEBUG 16:10:09] Parsing wrk output: Running 10s test @ https://127.0.0.1:4043/index.html
  2 threads and 100 connections
  Thread Stats ...
  Requests/sec: 12532.11
[DEBUG 16:10:09] Terminating processes
[DEBUG 16:10:09] Cleaning up processes...
[DEBUG 16:10:09] Found nginx PIDs: []
[DEBUG 16:10:09] Found sslsniff PIDs: []
[DEBUG 16:10:10] After cleanup: nginx PIDs: [], sslsniff PIDs: []

=== Benchmark Results ===
Each configuration run 10 times

Baseline:
  Requests/sec (mean):   16508.04
  Requests/sec (median): 16468.96
  Standard deviation:    128.26
  Min:                   16376.37
  Max:                   16746.88
  All runs:              [16746.88, 16724.65, 16503.38, 16474.73, 16463.19, 16430.66, 16527.19, 16376.37, 16399.99, 16433.38]

Kernel Sslsniff:
  Requests/sec (mean):   11330.57
  Requests/sec (median): 11296.15
  Standard deviation:    119.93
  Min:                   11184.47
  Max:                   11510.97
  All runs:              [11510.97, 11245.64, 11184.47, 11418.7, 11339.46, 11436.07, 11218.65, 11252.85, 11472.11, 11226.79]

Bpftime Sslsniff:
  Requests/sec (mean):   12375.16
  Requests/sec (median): 12401.53
  Standard deviation:    141.15
  Min:                   12190.15
  Max:                   12535.06
  All runs:              [12467.54, 12389.1, 12190.15, 12413.95, 12201.36, 12535.06, 12192.25, 12509.37, 12320.72, 12532.11]

Kernel sslsniff performance impact: 31.36% decrease
bpftime sslsniff performance impact: 25.04% decrease
bpftime improvement over kernel: 9.22%

Results saved to benchmark/ssl-nginx/benchmark_results_20260726_161010.json
[DEBUG 16:10:10] Cleaning up before exit
[DEBUG 16:10:10] Cleaning up processes...
[DEBUG 16:10:10] Found nginx PIDs: []
[DEBUG 16:10:10] Found sslsniff PIDs: []
[DEBUG 16:10:11] After cleanup: nginx PIDs: [], sslsniff PIDs: []
