=== 16B short-test batch start Mon Jul 27 12:57:03 AM JST 2026 ===
--- [00:57:03] original
OK: original 16B -> /home/jetson/src/benchmark-results/v4-ablation/short/original/16b-run01
bpftime sslsniff performance impact: 38.06% decrease
bpftime improvement over kernel: -10.10%

Results saved to benchmark/ssl-nginx/benchmark_results_20260726_160336.json
[DEBUG 16:03:36] Cleaning up before exit
--- [01:03:38] no-affinity
OK: no-affinity 16B -> /home/jetson/src/benchmark-results/v4-ablation/short/no-affinity/16b-run01
bpftime sslsniff performance impact: 25.04% decrease
bpftime improvement over kernel: 9.22%

Results saved to benchmark/ssl-nginx/benchmark_results_20260726_161010.json
[DEBUG 16:10:10] Cleaning up before exit
--- [01:10:12] no-mapops
OK: no-mapops 16B -> /home/jetson/src/benchmark-results/v4-ablation/short/no-mapops/16b-run01
bpftime sslsniff performance impact: 37.47% decrease
bpftime improvement over kernel: -7.97%

Results saved to benchmark/ssl-nginx/benchmark_results_20260726_161645.json
[DEBUG 16:16:45] Cleaning up before exit
--- [01:16:46] no-ringwrite
OK: no-ringwrite 16B -> /home/jetson/src/benchmark-results/v4-ablation/short/no-ringwrite/16b-run01
bpftime sslsniff performance impact: 34.16% decrease
bpftime improvement over kernel: -3.14%

Results saved to benchmark/ssl-nginx/benchmark_results_20260726_162319.json
[DEBUG 16:23:19] Cleaning up before exit
--- [01:23:20] noop-helper
OK: noop-helper 16B -> /home/jetson/src/benchmark-results/v4-ablation/short/noop-helper/16b-run01
bpftime sslsniff performance impact: 20.53% decrease
bpftime improvement over kernel: 15.80%

Results saved to benchmark/ssl-nginx/benchmark_results_20260726_162953.json
[DEBUG 16:29:53] Cleaning up before exit
--- [01:29:54] no-affinity
OK: no-affinity 16B -> /home/jetson/src/benchmark-results/v4-ablation/short/no-affinity/16b-run02
bpftime sslsniff performance impact: 25.03% decrease
bpftime improvement over kernel: 9.54%

Results saved to benchmark/ssl-nginx/benchmark_results_20260726_163626.json
[DEBUG 16:36:26] Cleaning up before exit
--- [01:36:28] original
OK: original 16B -> /home/jetson/src/benchmark-results/v4-ablation/short/original/16b-run02
bpftime sslsniff performance impact: 38.80% decrease
bpftime improvement over kernel: -11.16%

Results saved to benchmark/ssl-nginx/benchmark_results_20260726_164300.json
[DEBUG 16:43:00] Cleaning up before exit
=== BATCH-DONE Mon Jul 27 01:43:02 AM JST 2026 ===
