index.html bytes: 16
[DEBUG 16:36:29] Starting benchmark script
[DEBUG 16:36:29] Current working directory: /bpftime
[DEBUG 16:36:29] Checking command: nginx - EXISTS
[DEBUG 16:36:29]   Path: /usr/sbin/nginx
[DEBUG 16:36:29] Checking file: /bpftime/build/runtime/agent/libbpftime-agent.so - EXISTS
[DEBUG 16:36:29] Checking file: /bpftime/build/runtime/syscall-server/libbpftime-syscall-server.so - EXISTS
[DEBUG 16:36:29] Checking file: /bpftime/example/sslsniff/sslsniff - EXISTS
[DEBUG 16:36:29] Checking command: wrk - EXISTS
[DEBUG 16:36:29]   Path: /usr/bin/wrk

=== Running Baseline Tests ===
[DEBUG 16:36:29] Cleaning up processes...
[DEBUG 16:36:29] Found nginx PIDs: []
[DEBUG 16:36:29] Found sslsniff PIDs: []
[DEBUG 16:36:30] After cleanup: nginx PIDs: [], sslsniff PIDs: []
[DEBUG 16:36:30] Removing access log: /bpftime/benchmark/ssl-nginx/access.log
[DEBUG 16:36:30] Access log removed successfully
[DEBUG 16:36:30] Checking command: nginx - EXISTS
[DEBUG 16:36:30]   Path: /usr/sbin/nginx
[DEBUG 16:36:30] Current directory: /bpftime
[DEBUG 16:36:30] Checking if nginx.conf exists: True
[DEBUG 16:36:30] Starting nginx with command: nginx -c /bpftime/benchmark/ssl-nginx/nginx.conf -p /bpftime/benchmark/ssl-nginx
[DEBUG 16:36:32] nginx started successfully
[DEBUG 16:36:32] Error checking nginx: [Errno 2] No such file or directory: 'curl'
Run 1/10...
[DEBUG 16:36:32] Running wrk with command: wrk https://127.0.0.1:4043/index.html -c 100 -d 10
[DEBUG 16:36:42] wrk exit code: 0
[DEBUG 16:36:42] Parsing wrk output: Running 10s test @ https://127.0.0.1:4043/index.html
  2 threads and 100 connections
  Thread Stats ...
  Requests/sec: 16749.33
Run 2/10...
[DEBUG 16:36:42] Running wrk with command: wrk https://127.0.0.1:4043/index.html -c 100 -d 10
[DEBUG 16:36:52] wrk exit code: 0
[DEBUG 16:36:52] Parsing wrk output: Running 10s test @ https://127.0.0.1:4043/index.html
  2 threads and 100 connections
  Thread Stats ...
  Requests/sec: 16544.27
Run 3/10...
[DEBUG 16:36:52] Running wrk with command: wrk https://127.0.0.1:4043/index.html -c 100 -d 10
[DEBUG 16:37:02] wrk exit code: 0
[DEBUG 16:37:02] Parsing wrk output: Running 10s test @ https://127.0.0.1:4043/index.html
  2 threads and 100 connections
  Thread Stats ...
  Requests/sec: 16304.87
Run 4/10...
[DEBUG 16:37:02] Running wrk with command: wrk https://127.0.0.1:4043/index.html -c 100 -d 10
[DEBUG 16:37:12] wrk exit code: 0
[DEBUG 16:37:12] Parsing wrk output: Running 10s test @ https://127.0.0.1:4043/index.html
  2 threads and 100 connections
  Thread Stats ...
  Requests/sec: 16345.28
Run 5/10...
[DEBUG 16:37:12] Running wrk with command: wrk https://127.0.0.1:4043/index.html -c 100 -d 10
[DEBUG 16:37:22] wrk exit code: 0
[DEBUG 16:37:22] Parsing wrk output: Running 10s test @ https://127.0.0.1:4043/index.html
  2 threads and 100 connections
  Thread Stats ...
  Requests/sec: 16416.01
Run 6/10...
[DEBUG 16:37:22] Running wrk with command: wrk https://127.0.0.1:4043/index.html -c 100 -d 10
[DEBUG 16:37:33] wrk exit code: 0
[DEBUG 16:37:33] Parsing wrk output: Running 10s test @ https://127.0.0.1:4043/index.html
  2 threads and 100 connections
  Thread Stats ...
  Requests/sec: 16487.34
Run 7/10...
[DEBUG 16:37:33] Running wrk with command: wrk https://127.0.0.1:4043/index.html -c 100 -d 10
[DEBUG 16:37:43] wrk exit code: 0
[DEBUG 16:37:43] Parsing wrk output: Running 10s test @ https://127.0.0.1:4043/index.html
  2 threads and 100 connections
  Thread Stats ...
  Requests/sec: 16302.96
Run 8/10...
[DEBUG 16:37:43] Running wrk with command: wrk https://127.0.0.1:4043/index.html -c 100 -d 10
[DEBUG 16:37:53] wrk exit code: 0
[DEBUG 16:37:53] Parsing wrk output: Running 10s test @ https://127.0.0.1:4043/index.html
  2 threads and 100 connections
  Thread Stats ...
  Requests/sec: 16385.68
Run 9/10...
[DEBUG 16:37:53] Running wrk with command: wrk https://127.0.0.1:4043/index.html -c 100 -d 10
[DEBUG 16:38:03] wrk exit code: 0
[DEBUG 16:38:03] Parsing wrk output: Running 10s test @ https://127.0.0.1:4043/index.html
  2 threads and 100 connections
  Thread Stats ...
  Requests/sec: 16433.57
Run 10/10...
[DEBUG 16:38:03] Running wrk with command: wrk https://127.0.0.1:4043/index.html -c 100 -d 10
[DEBUG 16:38:13] wrk exit code: 0
[DEBUG 16:38:13] Parsing wrk output: Running 10s test @ https://127.0.0.1:4043/index.html
  2 threads and 100 connections
  Thread Stats ...
  Requests/sec: 16487.73
[DEBUG 16:38:13] Terminating nginx

=== Running Kernel sslsniff Tests ===
[DEBUG 16:38:13] Cleaning up processes...
[DEBUG 16:38:13] Found nginx PIDs: []
[DEBUG 16:38:13] Found sslsniff PIDs: []
[DEBUG 16:38:14] After cleanup: nginx PIDs: [], sslsniff PIDs: []
[DEBUG 16:38:14] Removing access log: /bpftime/benchmark/ssl-nginx/access.log
[DEBUG 16:38:14] Access log removed successfully
[DEBUG 16:38:14] Checking file: /bpftime/example/sslsniff/sslsniff - EXISTS
[DEBUG 16:38:14] Starting nginx with command: nginx -c /bpftime/benchmark/ssl-nginx/nginx.conf -p /bpftime/benchmark/ssl-nginx
Run 1/10...
[DEBUG 16:38:16] Starting kernel sslsniff: sudo example/sslsniff/sslsniff
[DEBUG 16:38:18] Running wrk with command: wrk https://127.0.0.1:4043/index.html -c 100 -d 10
[DEBUG 16:38:28] Parsing wrk output: Running 10s test @ https://127.0.0.1:4043/index.html
  2 threads and 100 connections
  Thread Stats ...
[DEBUG 16:38:28] Killing sslsniff
  Requests/sec: 11402.01
Run 2/10...
[DEBUG 16:38:29] Starting kernel sslsniff: sudo example/sslsniff/sslsniff
[DEBUG 16:38:31] Running wrk with command: wrk https://127.0.0.1:4043/index.html -c 100 -d 10
[DEBUG 16:38:41] Parsing wrk output: Running 10s test @ https://127.0.0.1:4043/index.html
  2 threads and 100 connections
  Thread Stats ...
[DEBUG 16:38:41] Killing sslsniff
  Requests/sec: 11303.42
Run 3/10...
[DEBUG 16:38:42] Starting kernel sslsniff: sudo example/sslsniff/sslsniff
[DEBUG 16:38:44] Running wrk with command: wrk https://127.0.0.1:4043/index.html -c 100 -d 10
[DEBUG 16:38:54] Parsing wrk output: Running 10s test @ https://127.0.0.1:4043/index.html
  2 threads and 100 connections
  Thread Stats ...
[DEBUG 16:38:54] Killing sslsniff
  Requests/sec: 11423.94
Run 4/10...
[DEBUG 16:38:55] Starting kernel sslsniff: sudo example/sslsniff/sslsniff
[DEBUG 16:38:57] Running wrk with command: wrk https://127.0.0.1:4043/index.html -c 100 -d 10
[DEBUG 16:39:07] Parsing wrk output: Running 10s test @ https://127.0.0.1:4043/index.html
  2 threads and 100 connections
  Thread Stats ...
[DEBUG 16:39:07] Killing sslsniff
  Requests/sec: 11182.02
Run 5/10...
[DEBUG 16:39:08] Starting kernel sslsniff: sudo example/sslsniff/sslsniff
[DEBUG 16:39:10] Running wrk with command: wrk https://127.0.0.1:4043/index.html -c 100 -d 10
[DEBUG 16:39:20] Parsing wrk output: Running 10s test @ https://127.0.0.1:4043/index.html
  2 threads and 100 connections
  Thread Stats ...
[DEBUG 16:39:20] Killing sslsniff
  Requests/sec: 11332.79
Run 6/10...
[DEBUG 16:39:21] Starting kernel sslsniff: sudo example/sslsniff/sslsniff
[DEBUG 16:39:23] Running wrk with command: wrk https://127.0.0.1:4043/index.html -c 100 -d 10
[DEBUG 16:39:34] Parsing wrk output: Running 10s test @ https://127.0.0.1:4043/index.html
  2 threads and 100 connections
  Thread Stats ...
[DEBUG 16:39:34] Killing sslsniff
  Requests/sec: 11408.94
Run 7/10...
[DEBUG 16:39:35] Starting kernel sslsniff: sudo example/sslsniff/sslsniff
[DEBUG 16:39:37] Running wrk with command: wrk https://127.0.0.1:4043/index.html -c 100 -d 10
[DEBUG 16:39:47] Parsing wrk output: Running 10s test @ https://127.0.0.1:4043/index.html
  2 threads and 100 connections
  Thread Stats ...
[DEBUG 16:39:47] Killing sslsniff
  Requests/sec: 11349.23
Run 8/10...
[DEBUG 16:39:48] Starting kernel sslsniff: sudo example/sslsniff/sslsniff
[DEBUG 16:39:50] Running wrk with command: wrk https://127.0.0.1:4043/index.html -c 100 -d 10
[DEBUG 16:40:00] Parsing wrk output: Running 10s test @ https://127.0.0.1:4043/index.html
  2 threads and 100 connections
  Thread Stats ...
[DEBUG 16:40:00] Killing sslsniff
  Requests/sec: 11250.45
Run 9/10...
[DEBUG 16:40:01] Starting kernel sslsniff: sudo example/sslsniff/sslsniff
[DEBUG 16:40:03] Running wrk with command: wrk https://127.0.0.1:4043/index.html -c 100 -d 10
[DEBUG 16:40:13] Parsing wrk output: Running 10s test @ https://127.0.0.1:4043/index.html
  2 threads and 100 connections
  Thread Stats ...
[DEBUG 16:40:13] Killing sslsniff
  Requests/sec: 11467.32
Run 10/10...
[DEBUG 16:40:14] Starting kernel sslsniff: sudo example/sslsniff/sslsniff
[DEBUG 16:40:16] Running wrk with command: wrk https://127.0.0.1:4043/index.html -c 100 -d 10
[DEBUG 16:40:26] Parsing wrk output: Running 10s test @ https://127.0.0.1:4043/index.html
  2 threads and 100 connections
  Thread Stats ...
[DEBUG 16:40:26] Killing sslsniff
  Requests/sec: 11175.99
[DEBUG 16:40:27] Terminating nginx

=== Running bpftime sslsniff Tests ===
[DEBUG 16:40:27] Cleaning up processes...
[DEBUG 16:40:27] Found nginx PIDs: []
[DEBUG 16:40:27] Found sslsniff PIDs: []
[DEBUG 16:40:28] After cleanup: nginx PIDs: [], sslsniff PIDs: []
[DEBUG 16:40:28] Removing access log: /bpftime/benchmark/ssl-nginx/access.log
[DEBUG 16:40:28] Access log removed successfully
[DEBUG 16:40:28] Checking file: /bpftime/example/sslsniff/sslsniff - EXISTS
[DEBUG 16:40:28] Checking file: /bpftime/build/runtime/agent/libbpftime-agent.so - EXISTS
[DEBUG 16:40:28] Checking file: /bpftime/build/runtime/syscall-server/libbpftime-syscall-server.so - EXISTS
Run 1/10...
[DEBUG 16:40:28] Starting sslsniff with bpftime: LD_PRELOAD=build/runtime/syscall-server/libbpftime-syscall-server.so example/sslsniff/sslsniff
[DEBUG 16:40:30] Starting nginx with bpftime: LD_PRELOAD=build/runtime/agent/libbpftime-agent.so nginx -c /bpftime/benchmark/ssl-nginx/nginx.conf -p /bpftime/benchmark/ssl-nginx
[DEBUG 16:40:32] Running wrk with command: wrk https://127.0.0.1:4043/index.html -c 100 -d 10
[DEBUG 16:40:42] Parsing wrk output: Running 10s test @ https://127.0.0.1:4043/index.html
  2 threads and 100 connections
  Thread Stats ...
  Requests/sec: 9927.92
[DEBUG 16:40:42] Terminating processes
[DEBUG 16:40:42] Cleaning up processes...
[DEBUG 16:40:42] Found nginx PIDs: []
[DEBUG 16:40:42] Found sslsniff PIDs: []
[DEBUG 16:40:43] After cleanup: nginx PIDs: [], sslsniff PIDs: []
Run 2/10...
[DEBUG 16:40:43] Starting sslsniff with bpftime: LD_PRELOAD=build/runtime/syscall-server/libbpftime-syscall-server.so example/sslsniff/sslsniff
[DEBUG 16:40:45] Starting nginx with bpftime: LD_PRELOAD=build/runtime/agent/libbpftime-agent.so nginx -c /bpftime/benchmark/ssl-nginx/nginx.conf -p /bpftime/benchmark/ssl-nginx
[DEBUG 16:40:47] Running wrk with command: wrk https://127.0.0.1:4043/index.html -c 100 -d 10
[DEBUG 16:40:57] Parsing wrk output: Running 10s test @ https://127.0.0.1:4043/index.html
  2 threads and 100 connections
  Thread Stats ...
  Requests/sec: 10286.07
[DEBUG 16:40:57] Terminating processes
[DEBUG 16:40:57] Cleaning up processes...
[DEBUG 16:40:58] Found nginx PIDs: []
[DEBUG 16:40:58] Found sslsniff PIDs: []
[DEBUG 16:40:59] After cleanup: nginx PIDs: [], sslsniff PIDs: []
Run 3/10...
[DEBUG 16:40:59] Starting sslsniff with bpftime: LD_PRELOAD=build/runtime/syscall-server/libbpftime-syscall-server.so example/sslsniff/sslsniff
[DEBUG 16:41:01] Starting nginx with bpftime: LD_PRELOAD=build/runtime/agent/libbpftime-agent.so nginx -c /bpftime/benchmark/ssl-nginx/nginx.conf -p /bpftime/benchmark/ssl-nginx
[DEBUG 16:41:03] Running wrk with command: wrk https://127.0.0.1:4043/index.html -c 100 -d 10
[DEBUG 16:41:13] Parsing wrk output: Running 10s test @ https://127.0.0.1:4043/index.html
  2 threads and 100 connections
  Thread Stats ...
  Requests/sec: 10567.61
[DEBUG 16:41:13] Terminating processes
[DEBUG 16:41:13] Cleaning up processes...
[DEBUG 16:41:13] Found nginx PIDs: []
[DEBUG 16:41:13] Found sslsniff PIDs: []
[DEBUG 16:41:14] After cleanup: nginx PIDs: [], sslsniff PIDs: []
Run 4/10...
[DEBUG 16:41:14] Starting sslsniff with bpftime: LD_PRELOAD=build/runtime/syscall-server/libbpftime-syscall-server.so example/sslsniff/sslsniff
[DEBUG 16:41:16] Starting nginx with bpftime: LD_PRELOAD=build/runtime/agent/libbpftime-agent.so nginx -c /bpftime/benchmark/ssl-nginx/nginx.conf -p /bpftime/benchmark/ssl-nginx
[DEBUG 16:41:18] Running wrk with command: wrk https://127.0.0.1:4043/index.html -c 100 -d 10
[DEBUG 16:41:28] Parsing wrk output: Running 10s test @ https://127.0.0.1:4043/index.html
  2 threads and 100 connections
  Thread Stats ...
  Requests/sec: 10469.85
[DEBUG 16:41:28] Terminating processes
[DEBUG 16:41:28] Cleaning up processes...
[DEBUG 16:41:28] Found nginx PIDs: []
[DEBUG 16:41:28] Found sslsniff PIDs: []
[DEBUG 16:41:29] After cleanup: nginx PIDs: [], sslsniff PIDs: []
Run 5/10...
[DEBUG 16:41:29] Starting sslsniff with bpftime: LD_PRELOAD=build/runtime/syscall-server/libbpftime-syscall-server.so example/sslsniff/sslsniff
[DEBUG 16:41:31] Starting nginx with bpftime: LD_PRELOAD=build/runtime/agent/libbpftime-agent.so nginx -c /bpftime/benchmark/ssl-nginx/nginx.conf -p /bpftime/benchmark/ssl-nginx
[DEBUG 16:41:33] Running wrk with command: wrk https://127.0.0.1:4043/index.html -c 100 -d 10
[DEBUG 16:41:43] Parsing wrk output: Running 10s test @ https://127.0.0.1:4043/index.html
  2 threads and 100 connections
  Thread Stats ...
  Requests/sec: 9951.75
[DEBUG 16:41:43] Terminating processes
[DEBUG 16:41:43] Cleaning up processes...
[DEBUG 16:41:43] Found nginx PIDs: []
[DEBUG 16:41:43] Found sslsniff PIDs: []
[DEBUG 16:41:44] After cleanup: nginx PIDs: [], sslsniff PIDs: []
Run 6/10...
[DEBUG 16:41:44] Starting sslsniff with bpftime: LD_PRELOAD=build/runtime/syscall-server/libbpftime-syscall-server.so example/sslsniff/sslsniff
[DEBUG 16:41:46] Starting nginx with bpftime: LD_PRELOAD=build/runtime/agent/libbpftime-agent.so nginx -c /bpftime/benchmark/ssl-nginx/nginx.conf -p /bpftime/benchmark/ssl-nginx
[DEBUG 16:41:48] Running wrk with command: wrk https://127.0.0.1:4043/index.html -c 100 -d 10
[DEBUG 16:41:58] Parsing wrk output: Running 10s test @ https://127.0.0.1:4043/index.html
  2 threads and 100 connections
  Thread Stats ...
  Requests/sec: 10529.47
[DEBUG 16:41:58] Terminating processes
[DEBUG 16:41:58] Cleaning up processes...
[DEBUG 16:41:58] Found nginx PIDs: []
[DEBUG 16:41:58] Found sslsniff PIDs: []
[DEBUG 16:41:59] After cleanup: nginx PIDs: [], sslsniff PIDs: []
Run 7/10...
[DEBUG 16:41:59] Starting sslsniff with bpftime: LD_PRELOAD=build/runtime/syscall-server/libbpftime-syscall-server.so example/sslsniff/sslsniff
[DEBUG 16:42:01] Starting nginx with bpftime: LD_PRELOAD=build/runtime/agent/libbpftime-agent.so nginx -c /bpftime/benchmark/ssl-nginx/nginx.conf -p /bpftime/benchmark/ssl-nginx
[DEBUG 16:42:03] Running wrk with command: wrk https://127.0.0.1:4043/index.html -c 100 -d 10
[DEBUG 16:42:13] Parsing wrk output: Running 10s test @ https://127.0.0.1:4043/index.html
  2 threads and 100 connections
  Thread Stats ...
  Requests/sec: 9139.66
[DEBUG 16:42:13] Terminating processes
[DEBUG 16:42:14] Cleaning up processes...
[DEBUG 16:42:14] Found nginx PIDs: []
[DEBUG 16:42:14] Found sslsniff PIDs: []
[DEBUG 16:42:15] After cleanup: nginx PIDs: [], sslsniff PIDs: []
Run 8/10...
[DEBUG 16:42:15] Starting sslsniff with bpftime: LD_PRELOAD=build/runtime/syscall-server/libbpftime-syscall-server.so example/sslsniff/sslsniff
[DEBUG 16:42:17] Starting nginx with bpftime: LD_PRELOAD=build/runtime/agent/libbpftime-agent.so nginx -c /bpftime/benchmark/ssl-nginx/nginx.conf -p /bpftime/benchmark/ssl-nginx
[DEBUG 16:42:19] Running wrk with command: wrk https://127.0.0.1:4043/index.html -c 100 -d 10
[DEBUG 16:42:29] Parsing wrk output: Running 10s test @ https://127.0.0.1:4043/index.html
  2 threads and 100 connections
  Thread Stats ...
  Requests/sec: 10373.45
[DEBUG 16:42:29] Terminating processes
[DEBUG 16:42:29] Cleaning up processes...
[DEBUG 16:42:29] Found nginx PIDs: []
[DEBUG 16:42:29] Found sslsniff PIDs: []
[DEBUG 16:42:30] After cleanup: nginx PIDs: [], sslsniff PIDs: []
Run 9/10...
[DEBUG 16:42:30] Starting sslsniff with bpftime: LD_PRELOAD=build/runtime/syscall-server/libbpftime-syscall-server.so example/sslsniff/sslsniff
[DEBUG 16:42:32] Starting nginx with bpftime: LD_PRELOAD=build/runtime/agent/libbpftime-agent.so nginx -c /bpftime/benchmark/ssl-nginx/nginx.conf -p /bpftime/benchmark/ssl-nginx
[DEBUG 16:42:34] Running wrk with command: wrk https://127.0.0.1:4043/index.html -c 100 -d 10
[DEBUG 16:42:44] Parsing wrk output: Running 10s test @ https://127.0.0.1:4043/index.html
  2 threads and 100 connections
  Thread Stats ...
  Requests/sec: 10210.95
[DEBUG 16:42:44] Terminating processes
[DEBUG 16:42:44] Cleaning up processes...
[DEBUG 16:42:44] Found nginx PIDs: []
[DEBUG 16:42:44] Found sslsniff PIDs: []
[DEBUG 16:42:45] After cleanup: nginx PIDs: [], sslsniff PIDs: []
Run 10/10...
[DEBUG 16:42:45] Starting sslsniff with bpftime: LD_PRELOAD=build/runtime/syscall-server/libbpftime-syscall-server.so example/sslsniff/sslsniff
[DEBUG 16:42:47] Starting nginx with bpftime: LD_PRELOAD=build/runtime/agent/libbpftime-agent.so nginx -c /bpftime/benchmark/ssl-nginx/nginx.conf -p /bpftime/benchmark/ssl-nginx
[DEBUG 16:42:49] Running wrk with command: wrk https://127.0.0.1:4043/index.html -c 100 -d 10
[DEBUG 16:42:59] Parsing wrk output: Running 10s test @ https://127.0.0.1:4043/index.html
  2 threads and 100 connections
  Thread Stats ...
  Requests/sec: 9195.57
[DEBUG 16:42:59] Terminating processes
[DEBUG 16:42:59] Cleaning up processes...
[DEBUG 16:42:59] Found nginx PIDs: []
[DEBUG 16:42:59] Found sslsniff PIDs: []
[DEBUG 16:43:00] After cleanup: nginx PIDs: [], sslsniff PIDs: []

=== Benchmark Results ===
Each configuration run 10 times

Baseline:
  Requests/sec (mean):   16445.70
  Requests/sec (median): 16424.79
  Standard deviation:    133.47
  Min:                   16302.96
  Max:                   16749.33
  All runs:              [16749.33, 16544.27, 16304.87, 16345.28, 16416.01, 16487.34, 16302.96, 16385.68, 16433.57, 16487.73]

Kernel Sslsniff:
  Requests/sec (mean):   11329.61
  Requests/sec (median): 11341.01
  Standard deviation:    101.17
  Min:                   11175.99
  Max:                   11467.32
  All runs:              [11402.01, 11303.42, 11423.94, 11182.02, 11332.79, 11408.94, 11349.23, 11250.45, 11467.32, 11175.99]

Bpftime Sslsniff:
  Requests/sec (mean):   10065.23
  Requests/sec (median): 10248.51
  Standard deviation:    520.83
  Min:                   9139.66
  Max:                   10567.61
  All runs:              [9927.92, 10286.07, 10567.61, 10469.85, 9951.75, 10529.47, 9139.66, 10373.45, 10210.95, 9195.57]

Kernel sslsniff performance impact: 31.11% decrease
bpftime sslsniff performance impact: 38.80% decrease
bpftime improvement over kernel: -11.16%

Results saved to benchmark/ssl-nginx/benchmark_results_20260726_164300.json
[DEBUG 16:43:00] Cleaning up before exit
[DEBUG 16:43:00] Cleaning up processes...
[DEBUG 16:43:00] Found nginx PIDs: []
[DEBUG 16:43:00] Found sslsniff PIDs: []
[DEBUG 16:43:01] After cleanup: nginx PIDs: [], sslsniff PIDs: []
