index.html bytes: 16
[DEBUG 20:22:31] Starting benchmark script
[DEBUG 20:22:31] Current working directory: /bpftime
[DEBUG 20:22:31] Checking command: nginx - EXISTS
[DEBUG 20:22:31]   Path: /usr/sbin/nginx
[DEBUG 20:22:31] Checking file: /bpftime/build/runtime/agent/libbpftime-agent.so - EXISTS
[DEBUG 20:22:31] Checking file: /bpftime/build/runtime/syscall-server/libbpftime-syscall-server.so - EXISTS
[DEBUG 20:22:31] Checking file: /bpftime/example/sslsniff/sslsniff - EXISTS
[DEBUG 20:22:31] Checking command: wrk - EXISTS
[DEBUG 20:22:31]   Path: /usr/bin/wrk

=== Running Baseline Tests ===
[DEBUG 20:22:31] Cleaning up processes...
[DEBUG 20:22:31] Found nginx PIDs: []
[DEBUG 20:22:31] Found sslsniff PIDs: []
[DEBUG 20:22:33] After cleanup: nginx PIDs: [], sslsniff PIDs: []
[DEBUG 20:22:33] Removing access log: /bpftime/benchmark/ssl-nginx/access.log
[DEBUG 20:22:33] Access log removed successfully
[DEBUG 20:22:33] Checking command: nginx - EXISTS
[DEBUG 20:22:33]   Path: /usr/sbin/nginx
[DEBUG 20:22:33] Current directory: /bpftime
[DEBUG 20:22:33] Checking if nginx.conf exists: True
[DEBUG 20:22:33] Starting nginx with command: nginx -c /bpftime/benchmark/ssl-nginx/nginx.conf -p /bpftime/benchmark/ssl-nginx
[DEBUG 20:22:35] nginx started successfully
[DEBUG 20:22:35] Error checking nginx: [Errno 2] No such file or directory: 'curl'
Run 1/10...
[DEBUG 20:22:35] Running wrk with command: wrk https://127.0.0.1:4043/index.html -c 100 -d 10
[DEBUG 20:22:45] wrk exit code: 0
[DEBUG 20:22:45] Parsing wrk output: Running 10s test @ https://127.0.0.1:4043/index.html
  2 threads and 100 connections
  Thread Stats ...
  Requests/sec: 16735.77
Run 2/10...
[DEBUG 20:22:45] Running wrk with command: wrk https://127.0.0.1:4043/index.html -c 100 -d 10
[DEBUG 20:22:55] wrk exit code: 0
[DEBUG 20:22:55] Parsing wrk output: Running 10s test @ https://127.0.0.1:4043/index.html
  2 threads and 100 connections
  Thread Stats ...
  Requests/sec: 16508.26
Run 3/10...
[DEBUG 20:22:55] Running wrk with command: wrk https://127.0.0.1:4043/index.html -c 100 -d 10
[DEBUG 20:23:05] wrk exit code: 0
[DEBUG 20:23:05] Parsing wrk output: Running 10s test @ https://127.0.0.1:4043/index.html
  2 threads and 100 connections
  Thread Stats ...
  Requests/sec: 16523.31
Run 4/10...
[DEBUG 20:23:05] Running wrk with command: wrk https://127.0.0.1:4043/index.html -c 100 -d 10
[DEBUG 20:23:15] wrk exit code: 0
[DEBUG 20:23:15] Parsing wrk output: Running 10s test @ https://127.0.0.1:4043/index.html
  2 threads and 100 connections
  Thread Stats ...
  Requests/sec: 16583.57
Run 5/10...
[DEBUG 20:23:15] Running wrk with command: wrk https://127.0.0.1:4043/index.html -c 100 -d 10
[DEBUG 20:23:25] wrk exit code: 0
[DEBUG 20:23:25] Parsing wrk output: Running 10s test @ https://127.0.0.1:4043/index.html
  2 threads and 100 connections
  Thread Stats ...
  Requests/sec: 16339.17
Run 6/10...
[DEBUG 20:23:25] Running wrk with command: wrk https://127.0.0.1:4043/index.html -c 100 -d 10
[DEBUG 20:23:35] wrk exit code: 0
[DEBUG 20:23:35] Parsing wrk output: Running 10s test @ https://127.0.0.1:4043/index.html
  2 threads and 100 connections
  Thread Stats ...
  Requests/sec: 16236.23
Run 7/10...
[DEBUG 20:23:35] Running wrk with command: wrk https://127.0.0.1:4043/index.html -c 100 -d 10
[DEBUG 20:23:45] wrk exit code: 0
[DEBUG 20:23:45] Parsing wrk output: Running 10s test @ https://127.0.0.1:4043/index.html
  2 threads and 100 connections
  Thread Stats ...
  Requests/sec: 16094.31
Run 8/10...
[DEBUG 20:23:45] Running wrk with command: wrk https://127.0.0.1:4043/index.html -c 100 -d 10
[DEBUG 20:23:55] wrk exit code: 0
[DEBUG 20:23:55] Parsing wrk output: Running 10s test @ https://127.0.0.1:4043/index.html
  2 threads and 100 connections
  Thread Stats ...
  Requests/sec: 16204.06
Run 9/10...
[DEBUG 20:23:55] Running wrk with command: wrk https://127.0.0.1:4043/index.html -c 100 -d 10
[DEBUG 20:24:05] wrk exit code: 0
[DEBUG 20:24:05] Parsing wrk output: Running 10s test @ https://127.0.0.1:4043/index.html
  2 threads and 100 connections
  Thread Stats ...
  Requests/sec: 16419.46
Run 10/10...
[DEBUG 20:24:05] Running wrk with command: wrk https://127.0.0.1:4043/index.html -c 100 -d 10
[DEBUG 20:24:15] wrk exit code: 0
[DEBUG 20:24:15] Parsing wrk output: Running 10s test @ https://127.0.0.1:4043/index.html
  2 threads and 100 connections
  Thread Stats ...
  Requests/sec: 16299.27
[DEBUG 20:24:15] Terminating nginx

=== Running Kernel sslsniff Tests ===
[DEBUG 20:24:15] Cleaning up processes...
[DEBUG 20:24:15] Found nginx PIDs: []
[DEBUG 20:24:15] Found sslsniff PIDs: []
[DEBUG 20:24:16] After cleanup: nginx PIDs: [], sslsniff PIDs: []
[DEBUG 20:24:16] Removing access log: /bpftime/benchmark/ssl-nginx/access.log
[DEBUG 20:24:16] Access log removed successfully
[DEBUG 20:24:16] Checking file: /bpftime/example/sslsniff/sslsniff - EXISTS
[DEBUG 20:24:16] Starting nginx with command: nginx -c /bpftime/benchmark/ssl-nginx/nginx.conf -p /bpftime/benchmark/ssl-nginx
Run 1/10...
[DEBUG 20:24:18] Starting kernel sslsniff: sudo example/sslsniff/sslsniff
[DEBUG 20:24:20] Running wrk with command: wrk https://127.0.0.1:4043/index.html -c 100 -d 10
[DEBUG 20:24:30] Parsing wrk output: Running 10s test @ https://127.0.0.1:4043/index.html
  2 threads and 100 connections
  Thread Stats ...
[DEBUG 20:24:30] Killing sslsniff
  Requests/sec: 11018.63
Run 2/10...
[DEBUG 20:24:31] Starting kernel sslsniff: sudo example/sslsniff/sslsniff
[DEBUG 20:24:33] Running wrk with command: wrk https://127.0.0.1:4043/index.html -c 100 -d 10
[DEBUG 20:24:44] Parsing wrk output: Running 10s test @ https://127.0.0.1:4043/index.html
  2 threads and 100 connections
  Thread Stats ...
[DEBUG 20:24:44] Killing sslsniff
  Requests/sec: 10868.07
Run 3/10...
[DEBUG 20:24:45] Starting kernel sslsniff: sudo example/sslsniff/sslsniff
[DEBUG 20:24:47] Running wrk with command: wrk https://127.0.0.1:4043/index.html -c 100 -d 10
[DEBUG 20:24:57] Parsing wrk output: Running 10s test @ https://127.0.0.1:4043/index.html
  2 threads and 100 connections
  Thread Stats ...
[DEBUG 20:24:57] Killing sslsniff
  Requests/sec: 11028.38
Run 4/10...
[DEBUG 20:24:58] Starting kernel sslsniff: sudo example/sslsniff/sslsniff
[DEBUG 20:25:00] Running wrk with command: wrk https://127.0.0.1:4043/index.html -c 100 -d 10
[DEBUG 20:25:10] Parsing wrk output: Running 10s test @ https://127.0.0.1:4043/index.html
  2 threads and 100 connections
  Thread Stats ...
[DEBUG 20:25:10] Killing sslsniff
  Requests/sec: 10923.58
Run 5/10...
[DEBUG 20:25:11] Starting kernel sslsniff: sudo example/sslsniff/sslsniff
[DEBUG 20:25:13] Running wrk with command: wrk https://127.0.0.1:4043/index.html -c 100 -d 10
[DEBUG 20:25:23] Parsing wrk output: Running 10s test @ https://127.0.0.1:4043/index.html
  2 threads and 100 connections
  Thread Stats ...
[DEBUG 20:25:23] Killing sslsniff
  Requests/sec: 11199.93
Run 6/10...
[DEBUG 20:25:24] Starting kernel sslsniff: sudo example/sslsniff/sslsniff
[DEBUG 20:25:26] Running wrk with command: wrk https://127.0.0.1:4043/index.html -c 100 -d 10
[DEBUG 20:25:36] Parsing wrk output: Running 10s test @ https://127.0.0.1:4043/index.html
  2 threads and 100 connections
  Thread Stats ...
[DEBUG 20:25:36] Killing sslsniff
  Requests/sec: 11182.76
Run 7/10...
[DEBUG 20:25:37] Starting kernel sslsniff: sudo example/sslsniff/sslsniff
[DEBUG 20:25:39] Running wrk with command: wrk https://127.0.0.1:4043/index.html -c 100 -d 10
[DEBUG 20:25:49] Parsing wrk output: Running 10s test @ https://127.0.0.1:4043/index.html
  2 threads and 100 connections
  Thread Stats ...
[DEBUG 20:25:49] Killing sslsniff
  Requests/sec: 10969.77
Run 8/10...
[DEBUG 20:25:50] Starting kernel sslsniff: sudo example/sslsniff/sslsniff
[DEBUG 20:25:52] Running wrk with command: wrk https://127.0.0.1:4043/index.html -c 100 -d 10
[DEBUG 20:26:02] Parsing wrk output: Running 10s test @ https://127.0.0.1:4043/index.html
  2 threads and 100 connections
  Thread Stats ...
[DEBUG 20:26:02] Killing sslsniff
  Requests/sec: 11027.20
Run 9/10...
[DEBUG 20:26:03] Starting kernel sslsniff: sudo example/sslsniff/sslsniff
[DEBUG 20:26:05] Running wrk with command: wrk https://127.0.0.1:4043/index.html -c 100 -d 10
[DEBUG 20:26:15] Parsing wrk output: Running 10s test @ https://127.0.0.1:4043/index.html
  2 threads and 100 connections
  Thread Stats ...
[DEBUG 20:26:15] Killing sslsniff
  Requests/sec: 11154.41
Run 10/10...
[DEBUG 20:26:16] Starting kernel sslsniff: sudo example/sslsniff/sslsniff
[DEBUG 20:26:18] Running wrk with command: wrk https://127.0.0.1:4043/index.html -c 100 -d 10
[DEBUG 20:26:28] Parsing wrk output: Running 10s test @ https://127.0.0.1:4043/index.html
  2 threads and 100 connections
  Thread Stats ...
[DEBUG 20:26:28] Killing sslsniff
  Requests/sec: 11133.89
[DEBUG 20:26:29] Terminating nginx

=== Running bpftime sslsniff Tests ===
[DEBUG 20:26:29] Cleaning up processes...
[DEBUG 20:26:29] Found nginx PIDs: []
[DEBUG 20:26:29] Found sslsniff PIDs: []
[DEBUG 20:26:31] After cleanup: nginx PIDs: [], sslsniff PIDs: []
[DEBUG 20:26:31] Removing access log: /bpftime/benchmark/ssl-nginx/access.log
[DEBUG 20:26:31] Access log removed successfully
[DEBUG 20:26:31] Checking file: /bpftime/example/sslsniff/sslsniff - EXISTS
[DEBUG 20:26:31] Checking file: /bpftime/build/runtime/agent/libbpftime-agent.so - EXISTS
[DEBUG 20:26:31] Checking file: /bpftime/build/runtime/syscall-server/libbpftime-syscall-server.so - EXISTS
Run 1/10...
[DEBUG 20:26:31] Starting sslsniff with bpftime: LD_PRELOAD=build/runtime/syscall-server/libbpftime-syscall-server.so example/sslsniff/sslsniff
[DEBUG 20:26:33] Starting nginx with bpftime: LD_PRELOAD=build/runtime/agent/libbpftime-agent.so nginx -c /bpftime/benchmark/ssl-nginx/nginx.conf -p /bpftime/benchmark/ssl-nginx
[DEBUG 20:26:35] Running wrk with command: wrk https://127.0.0.1:4043/index.html -c 100 -d 10
[DEBUG 20:26:45] Parsing wrk output: Running 10s test @ https://127.0.0.1:4043/index.html
  2 threads and 100 connections
  Thread Stats ...
  Requests/sec: 12142.37
[DEBUG 20:26:45] Terminating processes
[DEBUG 20:26:45] Cleaning up processes...
[DEBUG 20:26:45] Found nginx PIDs: []
[DEBUG 20:26:45] Found sslsniff PIDs: []
[DEBUG 20:26:46] After cleanup: nginx PIDs: [], sslsniff PIDs: []
Run 2/10...
[DEBUG 20:26:46] Starting sslsniff with bpftime: LD_PRELOAD=build/runtime/syscall-server/libbpftime-syscall-server.so example/sslsniff/sslsniff
[DEBUG 20:26:48] Starting nginx with bpftime: LD_PRELOAD=build/runtime/agent/libbpftime-agent.so nginx -c /bpftime/benchmark/ssl-nginx/nginx.conf -p /bpftime/benchmark/ssl-nginx
[DEBUG 20:26:50] Running wrk with command: wrk https://127.0.0.1:4043/index.html -c 100 -d 10
[DEBUG 20:27:00] Parsing wrk output: Running 10s test @ https://127.0.0.1:4043/index.html
  2 threads and 100 connections
  Thread Stats ...
  Requests/sec: 12273.73
[DEBUG 20:27:00] Terminating processes
[DEBUG 20:27:00] Cleaning up processes...
[DEBUG 20:27:00] Found nginx PIDs: []
[DEBUG 20:27:00] Found sslsniff PIDs: []
[DEBUG 20:27:01] After cleanup: nginx PIDs: [], sslsniff PIDs: []
Run 3/10...
[DEBUG 20:27:01] Starting sslsniff with bpftime: LD_PRELOAD=build/runtime/syscall-server/libbpftime-syscall-server.so example/sslsniff/sslsniff
[DEBUG 20:27:03] Starting nginx with bpftime: LD_PRELOAD=build/runtime/agent/libbpftime-agent.so nginx -c /bpftime/benchmark/ssl-nginx/nginx.conf -p /bpftime/benchmark/ssl-nginx
[DEBUG 20:27:05] Running wrk with command: wrk https://127.0.0.1:4043/index.html -c 100 -d 10
[DEBUG 20:27:15] Parsing wrk output: Running 10s test @ https://127.0.0.1:4043/index.html
  2 threads and 100 connections
  Thread Stats ...
  Requests/sec: 12237.12
[DEBUG 20:27:15] Terminating processes
[DEBUG 20:27:15] Cleaning up processes...
[DEBUG 20:27:15] Found nginx PIDs: []
[DEBUG 20:27:15] Found sslsniff PIDs: []
[DEBUG 20:27:16] After cleanup: nginx PIDs: [], sslsniff PIDs: []
Run 4/10...
[DEBUG 20:27:16] Starting sslsniff with bpftime: LD_PRELOAD=build/runtime/syscall-server/libbpftime-syscall-server.so example/sslsniff/sslsniff
[DEBUG 20:27:18] Starting nginx with bpftime: LD_PRELOAD=build/runtime/agent/libbpftime-agent.so nginx -c /bpftime/benchmark/ssl-nginx/nginx.conf -p /bpftime/benchmark/ssl-nginx
[DEBUG 20:27:20] Running wrk with command: wrk https://127.0.0.1:4043/index.html -c 100 -d 10
[DEBUG 20:27:30] Parsing wrk output: Running 10s test @ https://127.0.0.1:4043/index.html
  2 threads and 100 connections
  Thread Stats ...
  Requests/sec: 12371.92
[DEBUG 20:27:30] Terminating processes
[DEBUG 20:27:30] Cleaning up processes...
[DEBUG 20:27:30] Found nginx PIDs: []
[DEBUG 20:27:30] Found sslsniff PIDs: []
